<html>
<body>
<pre>
<h1>礦ision Build Log</h1>
<h2>Tool Versions:</h2>
IDE-Version: μVision V5.37.0.0
Copyright (C) 2022 ARM Ltd and ARM Germany GmbH. All rights reserved.
License Information: A paaath, A, LIC=21E4T-R00VM-ARTXW-Q5NHQ-WBZKY-8QEVU
 
Tool Versions:
Toolchain:       MDK-ARM Plus  Version: 5.37.0.0
Toolchain Path:  D:\keil5\ARM\ARMCC\Bin
C Compiler:      Armcc.exe V5.06 update 5 (build 528)
Assembler:       Armasm.exe V5.06 update 5 (build 528)
Linker/Locator:  ArmLink.exe V5.06 update 5 (build 528)
Library Manager: ArmAr.exe V5.06 update 5 (build 528)
Hex Converter:   FromElf.exe V5.06 update 5 (build 528)
CPU DLL:         SARMCM3.DLL V5.37.0.0
Dialog DLL:      DCM.DLL V1.17.5.0
Target DLL:      STLink\ST-LINKIII-KEIL_SWO.dll V3.0.9.0
Dialog DLL:      TCM.DLL V1.56.1.0
 
<h2>Project:</h2>
E:\Life is A movie\SCHOOL\ROBOCON\电控组\吸盘机构\Xipan\MDK-ARM\Xipan.uvprojx
Project File Date:  08/27/2026

<h2>Output:</h2>
*** Using Compiler 'V5.06 update 5 (build 528)', folder: 'D:\keil5\ARM\ARMCC\Bin'
Rebuild target 'Xipan'
assembling startup_stm32f405xx.s...
compiling MathFunc.c...
..\FML\Src\MathFunc.c(199): warning:  #177-D: function "DEG2RAD"  was declared but never referenced
  static inline float DEG2RAD(float angle) {
..\FML\Src\MathFunc.c(203): warning:  #177-D: function "RAD2DEG"  was declared but never referenced
  static inline float RAD2DEG(float angle) {
..\FML\Src\MathFunc.c: 2 warnings, 0 errors
compiling pid.c...
../FML/Inc/Vector.h(34): warning:  #1-D: last line of file ends without a newline
  #endif /* VECTOR_H */
..\FML\Src\pid.c: 1 warning, 0 errors
compiling Vectoc.c...
../FML/Inc/Vector.h(34): warning:  #1-D: last line of file ends without a newline
  #endif /* VECTOR_H */
..\FML\Src\Vectoc.c: 1 warning, 0 errors
compiling Pump.c...
compiling xipan_ctrl.c...
../FML/Inc/Vector.h(34): warning:  #1-D: last line of file ends without a newline
  #endif /* VECTOR_H */
..\FML\Src\xipan_ctrl.c: 1 warning, 0 errors
compiling stm32f4xx_hal_timebase_tim.c...
compiling main.c...
../FML/Inc/Vector.h(34): warning:  #1-D: last line of file ends without a newline
  #endif /* VECTOR_H */
../Core/Src/main.c: 1 warning, 0 errors
compiling myostasks.c...
../FML/Inc/Vector.h(34): warning:  #1-D: last line of file ends without a newline
  #endif /* VECTOR_H */
..\APL\Tasks\Src\myostasks.c: 1 warning, 0 errors
compiling can.c...
compiling freertos.c...
compiling stm32f4xx_it.c...
compiling Beep.c...
compiling CAN_IRQHandler.c...
../FML/Inc/Vector.h(34): warning:  #1-D: last line of file ends without a newline
  #endif /* VECTOR_H */
..\IRQ\Src\CAN_IRQHandler.c: 1 warning, 0 errors
compiling gpio.c...
compiling stm32f4xx_hal_tim.c...
compiling Led.c...
compiling stm32f4xx_hal_msp.c...
compiling DJmotor.c...
../FML/Inc/Vector.h(34): warning:  #1-D: last line of file ends without a newline
  #endif /* VECTOR_H */
..\Motor\Src\DJmotor.c(109): warning:  #186-D: pointless comparison of unsigned integer with zero
      for (uint32_t i = 0; i < 
..\Motor\Src\DJmotor.c(364): warning:  #111-D: statement is unreachable
                  break;
..\Motor\Src\DJmotor.c(300): warning:  #177-D: function "DJmotor_Monitor"  was declared but never referenced
  static void DJmotor_Monitor(DJMotorPointer motor)
..\Motor\Src\DJmotor.c: 4 warnings, 0 errors
compiling stm32f4xx_hal_flash.c...
compiling stm32f4xx_hal_rcc.c...
compiling stm32f4xx_hal_tim_ex.c...
compiling croutine.c...
compiling stm32f4xx_hal_can.c...
compiling list.c...
compiling event_groups.c...
compiling stm32f4xx_hal_flash_ex.c...
compiling stm32f4xx_hal_flash_ramfunc.c...
compiling queue.c...
compiling stream_buffer.c...
compiling tasks.c...
compiling heap_4.c...
compiling timers.c...
compiling port.c...
compiling stm32f4xx_hal_rcc_ex.c...
compiling stm32f4xx_hal_dma.c...
compiling stm32f4xx_hal_dma_ex.c...
compiling stm32f4xx_hal_gpio.c...
compiling stm32f4xx_hal_pwr.c...
compiling stm32f4xx_hal_cortex.c...
compiling stm32f4xx_hal_pwr_ex.c...
compiling stm32f4xx_hal.c...
compiling system_stm32f4xx.c...
compiling stm32f4xx_hal_exti.c...
compiling cmsis_os2.c...
linking...
Program Size: Code=20436 RO-data=648 RW-data=176 ZI-data=22208  
FromELF: creating hex file...
"Xipan\Xipan.axf" - 0 Error(s), 12 Warning(s).

<h2>Software Packages used:</h2>

Package Vendor: ARM
                http://www.keil.com/pack/ARM.CMSIS.5.9.0.pack
                ARM.CMSIS.5.9.0
                CMSIS (Common Microcontroller Software Interface Standard)
   * Component: CORE Version: 5.6.0

Package Vendor: Keil
                https://www.keil.com/pack/Keil.STM32F4xx_DFP.3.1.1.pack
                Keil.STM32F4xx_DFP.3.1.1
                STMicroelectronics STM32F4 Series Device Support

<h2>Collection of Component include folders:</h2>
  ./RTE/_Xipan
  D:/keil5/ARM/PACK/ARM/CMSIS/5.9.0/CMSIS/Core/Include

<h2>Collection of Component Files used:</h2>

   * Component: ARM::CMSIS:CORE:5.6.0
      Include file:  CMSIS/Core/Include/tz_context.h
Build Time Elapsed:  00:00:12
</pre>
</body>
</html>
