Component: ARM Compiler 5.06 update 5 (build 528) Tool: armlink [4d35e2]

==============================================================================

Section Cross References

    startup_stm32f405xx.o(STACK) refers (Special) to heapauxi.o(.text) for __use_two_region_memory
    startup_stm32f405xx.o(HEAP) refers (Special) to heapauxi.o(.text) for __use_two_region_memory
    startup_stm32f405xx.o(RESET) refers (Special) to heapauxi.o(.text) for __use_two_region_memory
    startup_stm32f405xx.o(RESET) refers to startup_stm32f405xx.o(STACK) for __initial_sp
    startup_stm32f405xx.o(RESET) refers to startup_stm32f405xx.o(.text) for Reset_Handler
    startup_stm32f405xx.o(RESET) refers to stm32f4xx_it.o(i.NMI_Handler) for NMI_Handler
    startup_stm32f405xx.o(RESET) refers to stm32f4xx_it.o(i.HardFault_Handler) for HardFault_Handler
    startup_stm32f405xx.o(RESET) refers to stm32f4xx_it.o(i.MemManage_Handler) for MemManage_Handler
    startup_stm32f405xx.o(RESET) refers to stm32f4xx_it.o(i.BusFault_Handler) for BusFault_Handler
    startup_stm32f405xx.o(RESET) refers to stm32f4xx_it.o(i.UsageFault_Handler) for UsageFault_Handler
    startup_stm32f405xx.o(RESET) refers to port.o(.emb_text) for SVC_Handler
    startup_stm32f405xx.o(RESET) refers to stm32f4xx_it.o(i.DebugMon_Handler) for DebugMon_Handler
    startup_stm32f405xx.o(RESET) refers to cmsis_os2.o(i.SysTick_Handler) for SysTick_Handler
    startup_stm32f405xx.o(RESET) refers to stm32f4xx_it.o(i.CAN1_TX_IRQHandler) for CAN1_TX_IRQHandler
    startup_stm32f405xx.o(RESET) refers to stm32f4xx_it.o(i.CAN1_RX0_IRQHandler) for CAN1_RX0_IRQHandler
    startup_stm32f405xx.o(RESET) refers to stm32f4xx_it.o(i.CAN1_RX1_IRQHandler) for CAN1_RX1_IRQHandler
    startup_stm32f405xx.o(RESET) refers to stm32f4xx_it.o(i.CAN1_SCE_IRQHandler) for CAN1_SCE_IRQHandler
    startup_stm32f405xx.o(RESET) refers to stm32f4xx_it.o(i.TIM1_UP_TIM10_IRQHandler) for TIM1_UP_TIM10_IRQHandler
    startup_stm32f405xx.o(RESET) refers to stm32f4xx_it.o(i.CAN2_TX_IRQHandler) for CAN2_TX_IRQHandler
    startup_stm32f405xx.o(RESET) refers to stm32f4xx_it.o(i.CAN2_RX0_IRQHandler) for CAN2_RX0_IRQHandler
    startup_stm32f405xx.o(RESET) refers to stm32f4xx_it.o(i.CAN2_RX1_IRQHandler) for CAN2_RX1_IRQHandler
    startup_stm32f405xx.o(RESET) refers to stm32f4xx_it.o(i.CAN2_SCE_IRQHandler) for CAN2_SCE_IRQHandler
    startup_stm32f405xx.o(.text) refers (Special) to heapauxi.o(.text) for __use_two_region_memory
    startup_stm32f405xx.o(.text) refers to system_stm32f4xx.o(i.SystemInit) for SystemInit
    startup_stm32f405xx.o(.text) refers to __main.o(!!!main) for __main
    startup_stm32f405xx.o(.text) refers to startup_stm32f405xx.o(HEAP) for Heap_Mem
    startup_stm32f405xx.o(.text) refers to startup_stm32f405xx.o(STACK) for Stack_Mem
    main.o(i.HAL_TIM_PeriodElapsedCallback) refers to stm32f4xx_hal.o(i.HAL_IncTick) for HAL_IncTick
    main.o(i.SystemClock_Config) refers to rt_memclr_w.o(.text) for __aeabi_memclr4
    main.o(i.SystemClock_Config) refers to stm32f4xx_hal_rcc.o(i.HAL_RCC_OscConfig) for HAL_RCC_OscConfig
    main.o(i.SystemClock_Config) refers to main.o(i.Error_Handler) for Error_Handler
    main.o(i.SystemClock_Config) refers to stm32f4xx_hal_rcc.o(i.HAL_RCC_ClockConfig) for HAL_RCC_ClockConfig
    main.o(i.main) refers to stm32f4xx_hal.o(i.HAL_Init) for HAL_Init
    main.o(i.main) refers to main.o(i.SystemClock_Config) for SystemClock_Config
    main.o(i.main) refers to gpio.o(i.MX_GPIO_Init) for MX_GPIO_Init
    main.o(i.main) refers to can.o(i.MX_CAN1_Init) for MX_CAN1_Init
    main.o(i.main) refers to can.o(i.MX_CAN2_Init) for MX_CAN2_Init
    main.o(i.main) refers to pump.o(i.pump_init) for pump_init
    main.o(i.main) refers to beep.o(i.Beep_Init) for Beep_Init
    main.o(i.main) refers to djmotor.o(i.DJmotor_Init) for DJmotor_Init
    main.o(i.main) refers to cmsis_os2.o(i.osKernelInitialize) for osKernelInitialize
    main.o(i.main) refers to freertos.o(i.MX_FREERTOS_Init) for MX_FREERTOS_Init
    main.o(i.main) refers to cmsis_os2.o(i.osKernelStart) for osKernelStart
    main.o(i.main) refers to djmotor.o(.bss) for DJmotor
    gpio.o(i.MX_GPIO_Init) refers to rt_memclr_w.o(.text) for __aeabi_memclr4
    gpio.o(i.MX_GPIO_Init) refers to stm32f4xx_hal_gpio.o(i.HAL_GPIO_WritePin) for HAL_GPIO_WritePin
    gpio.o(i.MX_GPIO_Init) refers to stm32f4xx_hal_gpio.o(i.HAL_GPIO_Init) for HAL_GPIO_Init
    freertos.o(i.BeepTask) refers to cmsis_os2.o(i.osDelay) for osDelay
    freertos.o(i.LedTask) refers to cmsis_os2.o(i.osDelay) for osDelay
    freertos.o(i.MX_FREERTOS_Init) refers to cmsis_os2.o(i.osThreadNew) for osThreadNew
    freertos.o(i.MX_FREERTOS_Init) refers to freertos.o(.constdata) for Ledtask_attributes
    freertos.o(i.MX_FREERTOS_Init) refers to myostasks.o(i.LedTask) for LedTask
    freertos.o(i.MX_FREERTOS_Init) refers to freertos.o(.data) for LedtaskHandle
    freertos.o(i.MX_FREERTOS_Init) refers to myostasks.o(i.MotorTask) for MotorTask
[...]
    i.Xipan_StateMachine                     0x08003048   Section        0  xipan_ctrl.o(i.Xipan_StateMachine)
    i.__NVIC_GetPriorityGrouping             0x08003144   Section        0  stm32f4xx_hal_cortex.o(i.__NVIC_GetPriorityGrouping)
    __NVIC_GetPriorityGrouping               0x08003145   Thumb Code    10  stm32f4xx_hal_cortex.o(i.__NVIC_GetPriorityGrouping)
    i.__NVIC_SetPriority                     0x08003154   Section        0  stm32f4xx_hal_cortex.o(i.__NVIC_SetPriority)
    __NVIC_SetPriority                       0x08003155   Thumb Code    32  stm32f4xx_hal_cortex.o(i.__NVIC_SetPriority)
    i.__get_IPSR                             0x0800317c   Section        0  cmsis_os2.o(i.__get_IPSR)
    __get_IPSR                               0x0800317d   Thumb Code     6  cmsis_os2.o(i.__get_IPSR)
    i.main                                   0x08003184   Section        0  main.o(i.main)
    i.osDelay                                0x080031c0   Section        0  cmsis_os2.o(i.osDelay)
    i.osKernelInitialize                     0x080031e0   Section        0  cmsis_os2.o(i.osKernelInitialize)
    i.osKernelStart                          0x0800320c   Section        0  cmsis_os2.o(i.osKernelStart)
    i.osThreadNew                            0x0800326c   Section        0  cmsis_os2.o(i.osThreadNew)
    i.prvAddCurrentTaskToDelayedList         0x08003324   Section        0  tasks.o(i.prvAddCurrentTaskToDelayedList)
    prvAddCurrentTaskToDelayedList           0x08003325   Thumb Code   100  tasks.o(i.prvAddCurrentTaskToDelayedList)
    i.prvAddNewTaskToReadyList               0x080033a0   Section        0  tasks.o(i.prvAddNewTaskToReadyList)
    prvAddNewTaskToReadyList                 0x080033a1   Thumb Code   154  tasks.o(i.prvAddNewTaskToReadyList)
    i.prvCheckForValidListAndQueue           0x08003458   Section        0  timers.o(i.prvCheckForValidListAndQueue)
    prvCheckForValidListAndQueue             0x08003459   Thumb Code    78  timers.o(i.prvCheckForValidListAndQueue)
    i.prvCheckTasksWaitingTermination        0x080034cc   Section        0  tasks.o(i.prvCheckTasksWaitingTermination)
    prvCheckTasksWaitingTermination          0x080034cd   Thumb Code    60  tasks.o(i.prvCheckTasksWaitingTermination)
    i.prvCopyDataFromQueue                   0x08003514   Section        0  queue.o(i.prvCopyDataFromQueue)
    prvCopyDataFromQueue                     0x08003515   Thumb Code    42  queue.o(i.prvCopyDataFromQueue)
    i.prvCopyDataToQueue                     0x0800353e   Section        0  queue.o(i.prvCopyDataToQueue)
    prvCopyDataToQueue                       0x0800353f   Thumb Code   126  queue.o(i.prvCopyDataToQueue)
    i.prvDeleteTCB                           0x080035bc   Section        0  tasks.o(i.prvDeleteTCB)
    prvDeleteTCB                             0x080035bd   Thumb Code    80  tasks.o(i.prvDeleteTCB)
    i.prvGetNextExpireTime                   0x0800360c   Section        0  timers.o(i.prvGetNextExpireTime)
    prvGetNextExpireTime                     0x0800360d   Thumb Code    36  timers.o(i.prvGetNextExpireTime)
    i.prvHeapInit                            0x08003634   Section        0  heap_4.o(i.prvHeapInit)
    prvHeapInit                              0x08003635   Thumb Code    98  heap_4.o(i.prvHeapInit)
    i.prvIdleTask                            0x080036b0   Section        0  tasks.o(i.prvIdleTask)
    prvIdleTask                              0x080036b1   Thumb Code    32  tasks.o(i.prvIdleTask)
    i.prvInitialiseNewQueue                  0x080036d8   Section        0  queue.o(i.prvInitialiseNewQueue)
    prvInitialiseNewQueue                    0x080036d9   Thumb Code    42  queue.o(i.prvInitialiseNewQueue)
    i.prvInitialiseNewTask                   0x08003702   Section        0  tasks.o(i.prvInitialiseNewTask)
    prvInitialiseNewTask                     0x08003703   Thumb Code   190  tasks.o(i.prvInitialiseNewTask)
    i.prvInitialiseTaskLists                 0x080037c0   Section        0  tasks.o(i.prvInitialiseTaskLists)
    prvInitialiseTaskLists                   0x080037c1   Thumb Code    70  tasks.o(i.prvInitialiseTaskLists)
    i.prvInsertBlockIntoFreeList             0x08003828   Section        0  heap_4.o(i.prvInsertBlockIntoFreeList)
    prvInsertBlockIntoFreeList               0x08003829   Thumb Code    96  heap_4.o(i.prvInsertBlockIntoFreeList)
    i.prvInsertTimerInActiveList             0x08003890   Section        0  timers.o(i.prvInsertTimerInActiveList)
    prvInsertTimerInActiveList               0x08003891   Thumb Code    80  timers.o(i.prvInsertTimerInActiveList)
    i.prvIsQueueEmpty                        0x080038e8   Section        0  queue.o(i.prvIsQueueEmpty)
    prvIsQueueEmpty                          0x080038e9   Thumb Code    26  queue.o(i.prvIsQueueEmpty)
    i.prvIsQueueFull                         0x08003902   Section        0  queue.o(i.prvIsQueueFull)
    prvIsQueueFull                           0x08003903   Thumb Code    30  queue.o(i.prvIsQueueFull)
    i.prvProcessExpiredTimer                 0x08003920   Section        0  timers.o(i.prvProcessExpiredTimer)
    prvProcessExpiredTimer                   0x08003921   Thumb Code   110  timers.o(i.prvProcessExpiredTimer)
    i.prvProcessReceivedCommands             0x08003994   Section        0  timers.o(i.prvProcessReceivedCommands)
    prvProcessReceivedCommands               0x08003995   Thumb Code   350  timers.o(i.prvProcessReceivedCommands)
    i.prvProcessTimerOrBlockTask             0x08003af8   Section        0  timers.o(i.prvProcessTimerOrBlockTask)
    prvProcessTimerOrBlockTask               0x08003af9   Thumb Code   102  timers.o(i.prvProcessTimerOrBlockTask)
    i.prvResetNextTaskUnblockTime            0x08003b6c   Section        0  tasks.o(i.prvResetNextTaskUnblockTime)
    prvResetNextTaskUnblockTime              0x08003b6d   Thumb Code    42  tasks.o(i.prvResetNextTaskUnblockTime)
    i.prvSampleTimeNow                       0x08003ba0   Section        0  timers.o(i.prvSampleTimeNow)
    prvSampleTimeNow                         0x08003ba1   Thumb Code    40  timers.o(i.prvSampleTimeNow)
    i.prvSwitchTimerLists                    0x08003bcc   Section        0  timers.o(i.prvSwitchTimerLists)
    prvSwitchTimerLists                      0x08003bcd   Thumb Code   154  timers.o(i.prvSwitchTimerLists)
    i.prvTaskExitError                       0x08003c70   Section        0  port.o(i.prvTaskExitError)
    prvTaskExitError                         0x08003c71   Thumb Code    60  port.o(i.prvTaskExitError)
    i.prvTimerTask                           0x08003cb0   Section        0  timers.o(i.prvTimerTask)
    prvTimerTask                             0x08003cb1   Thumb Code    26  timers.o(i.prvTimerTask)
    i.prvUnlockQueue                         0x08003cca   Section        0  queue.o(i.prvUnlockQueue)
    prvUnlockQueue                           0x08003ccb   Thumb Code   126  queue.o(i.prvUnlockQueue)
    i.pump_init                              0x08003d48   Section        0  pump.o(i.pump_init)
    i.pump_off                               0x08003d50   Section        0  pump.o(i.pump_off)
    i.pump_set                               0x08003d64   Section        0  pump.o(i.pump_set)
    i.pvPortMalloc                           0x08003d78   Section        0  heap_4.o(i.pvPortMalloc)
    i.pxPortInitialiseStack                  0x08003ec4   Section        0  port.o(i.pxPortInitialiseStack)
    i.uxListRemove                           0x08003ef0   Section        0  list.o(i.uxListRemove)
    i.vApplicationGetIdleTaskMemory          0x08003f18   Section        0  cmsis_os2.o(i.vApplicationGetIdleTaskMemory)
    i.vApplicationGetTimerTaskMemory         0x08003f30   Section        0  cmsis_os2.o(i.vApplicationGetTimerTaskMemory)
    i.vListInitialise                        0x08003f48   Section        0  list.o(i.vListInitialise)
    i.vListInitialiseItem                    0x08003f62   Section        0  list.o(i.vListInitialiseItem)
    i.vListInsert                            0x08003f68   Section        0  list.o(i.vListInsert)
    i.vListInsertEnd                         0x08003f9c   Section        0  list.o(i.vListInsertEnd)
    i.vPortEnterCritical                     0x08003fb4   Section        0  port.o(i.vPortEnterCritical)
    i.vPortExitCritical                      0x08004008   Section        0  port.o(i.vPortExitCritical)
    i.vPortFree                              0x08004044   Section        0  heap_4.o(i.vPortFree)
    i.vPortSetupTimerInterrupt               0x080040e8   Section        0  port.o(i.vPortSetupTimerInterrupt)
    i.vPortValidateInterruptPriority         0x08004110   Section        0  port.o(i.vPortValidateInterruptPriority)
    i.vQueueAddToRegistry                    0x08004188   Section        0  queue.o(i.vQueueAddToRegistry)
    i.vQueueWaitForMessageRestricted         0x080041b4   Section        0  queue.o(i.vQueueWaitForMessageRestricted)
    i.vTaskDelay                             0x08004200   Section        0  tasks.o(i.vTaskDelay)
    i.vTaskInternalSetTimeOutState           0x0800425c   Section        0  tasks.o(i.vTaskInternalSetTimeOutState)
    i.vTaskMissedYield                       0x08004274   Section        0  tasks.o(i.vTaskMissedYield)
    i.vTaskPlaceOnEventList                  0x08004280   Section        0  tasks.o(i.vTaskPlaceOnEventList)
    i.vTaskPlaceOnEventListRestricted        0x080042b8   Section        0  tasks.o(i.vTaskPlaceOnEventListRestricted)
    i.vTaskStartScheduler                    0x080042f8   Section        0  tasks.o(i.vTaskStartScheduler)
    i.vTaskSuspendAll                        0x080043b0   Section        0  tasks.o(i.vTaskSuspendAll)
    i.vTaskSwitchContext                     0x080043c0   Section        0  tasks.o(i.vTaskSwitchContext)
    i.xPortStartScheduler                    0x08004450   Section        0  port.o(i.xPortStartScheduler)
    i.xPortSysTickHandler                    0x080045b8   Section        0  port.o(i.xPortSysTickHandler)
    i.xQueueGenericCreateStatic              0x080045ec   Section        0  queue.o(i.xQueueGenericCreateStatic)
    i.xQueueGenericReset                     0x080046cc   Section        0  queue.o(i.xQueueGenericReset)
    i.xQueueGenericSend                      0x08004764   Section        0  queue.o(i.xQueueGenericSend)
    i.xQueueGenericSendFromISR               0x0800490c   Section        0  queue.o(i.xQueueGenericSendFromISR)
    i.xQueueReceive                          0x08004a08   Section        0  queue.o(i.xQueueReceive)
    i.xTaskCheckForTimeOut                   0x08004b70   Section        0  tasks.o(i.xTaskCheckForTimeOut)
    i.xTaskCreate                            0x08004bfc   Section        0  tasks.o(i.xTaskCreate)
    i.xTaskCreateStatic                      0x08004c60   Section        0  tasks.o(i.xTaskCreateStatic)
    i.xTaskGetSchedulerState                 0x08004d1c   Section        0  tasks.o(i.xTaskGetSchedulerState)
    i.xTaskGetTickCount                      0x08004d3c   Section        0  tasks.o(i.xTaskGetTickCount)
    i.xTaskIncrementTick                     0x08004d48   Section        0  tasks.o(i.xTaskIncrementTick)
    i.xTaskPriorityDisinherit                0x08004e8c   Section        0  tasks.o(i.xTaskPriorityDisinherit)
    i.xTaskRemoveFromEventList               0x08004f30   Section        0  tasks.o(i.xTaskRemoveFromEventList)
    i.xTaskResumeAll                         0x08004fc8   Section        0  tasks.o(i.xTaskResumeAll)
    i.xTimerCreateTimerTask                  0x080050cc   Section        0  timers.o(i.xTimerCreateTimerTask)
    i.xTimerGenericCommand                   0x08005144   Section        0  timers.o(i.xTimerGenericCommand)
    x$fpl$fpinit                             0x080051c8   Section       10  fpinit.o(x$fpl$fpinit)
    $v0                                      0x080051c8   Number         0  fpinit.o(x$fpl$fpinit)
    .constdata                               0x080051d4   Section      144  freertos.o(.constdata)
    .constdata                               0x08005264   Section       24  system_stm32f4xx.o(.constdata)
    .conststring                             0x0800527c   Section       42  freertos.o(.conststring)
    .data                                    0x20000000   Section       16  freertos.o(.data)
    .data                                    0x20000010   Section        4  can.o(.data)
    HAL_RCC_CAN1_CLK_ENABLED                 0x20000010   Data           4  can.o(.data)
    .data                                    0x20000014   Section        3  xipan_ctrl.o(.data)
    .data                                    0x20000017   Section        8  djmotor.o(.data)
    tx_data                                  0x20000017   Data           8  djmotor.o(.data)
    .data                                    0x2000001f   Section        1  myostasks.o(.data)
    .data                                    0x20000020   Section        9  stm32f4xx_hal.o(.data)
    .data                                    0x2000002c   Section        4  system_stm32f4xx.o(.data)
    .data                                    0x20000030   Section       60  tasks.o(.data)
    pxDelayedTaskList                        0x20000034   Data           4  tasks.o(.data)
    pxOverflowDelayedTaskList                0x20000038   Data           4  tasks.o(.data)
    uxDeletedTasksWaitingCleanUp             0x2000003c   Data           4  tasks.o(.data)
    uxCurrentNumberOfTasks                   0x20000040   Data           4  tasks.o(.data)
    xTickCount                               0x20000044   Data           4  tasks.o(.data)
    uxTopReadyPriority                       0x20000048   Data           4  tasks.o(.data)
    xSchedulerRunning                        0x2000004c   Data           4  tasks.o(.data)
    xPendedTicks                             0x20000050   Data           4  tasks.o(.data)
    xYieldPending                            0x20000054   Data           4  tasks.o(.data)
    xNumOfOverflows                          0x20000058   Data           4  tasks.o(.data)
    uxTaskNumber                             0x2000005c   Data           4  tasks.o(.data)
    xNextTaskUnblockTime                     0x20000060   Data           4  tasks.o(.data)
    xIdleTaskHandle                          0x20000064   Data           4  tasks.o(.data)
    uxSchedulerSuspended                     0x20000068   Data           4  tasks.o(.data)
    .data                                    0x2000006c   Section       20  timers.o(.data)
    pxCurrentTimerList                       0x2000006c   Data           4  timers.o(.data)
    pxOverflowTimerList                      0x20000070   Data           4  timers.o(.data)
    xTimerQueue                              0x20000074   Data           4  timers.o(.data)
    xTimerTaskHandle                         0x20000078   Data           4  timers.o(.data)
    xLastTime                                0x2000007c   Data           4  timers.o(.data)
    .data                                    0x20000080   Section        4  cmsis_os2.o(.data)
    KernelState                              0x20000080   Data           4  cmsis_os2.o(.data)
    .data                                    0x20000084   Section       32  heap_4.o(.data)
    xStart                                   0x20000084   Data           8  heap_4.o(.data)
    pxEnd                                    0x2000008c   Data           4  heap_4.o(.data)
    xFreeBytesRemaining                      0x20000090   Data           4  heap_4.o(.data)
    xMinimumEverFreeBytesRemaining           0x20000094   Data           4  heap_4.o(.data)
    xNumberOfSuccessfulAllocations           0x20000098   Data           4  heap_4.o(.data)
    xNumberOfSuccessfulFrees                 0x2000009c   Data           4  heap_4.o(.data)
    xBlockAllocatedBit                       0x200000a0   Data           4  heap_4.o(.data)
    .data                                    0x200000a4   Section       12  port.o(.data)
    uxCriticalNesting                        0x200000a4   Data           4  port.o(.data)
    ucMaxSysCallPriority                     0x200000a8   Data           1  port.o(.data)
    ulMaxPRIGROUPValue                       0x200000ac   Data           4  port.o(.data)
    .bss                                     0x200000b0   Section       80  can.o(.bss)
    .bss                                     0x20000100   Section       72  stm32f4xx_hal_timebase_tim.o(.bss)
    .bss                                     0x20000148   Section      976  djmotor.o(.bss)
    .bss                                     0x20000518   Section       64  queue.o(.bss)
    .bss                                     0x20000558   Section     1220  tasks.o(.bss)
    pxReadyTasksLists                        0x20000558   Data        1120  tasks.o(.bss)
    xDelayedTaskList1                        0x200009b8   Data          20  tasks.o(.bss)
    xDelayedTaskList2                        0x200009cc   Data          20  tasks.o(.bss)
    xPendingReadyList                        0x200009e0   Data          20  tasks.o(.bss)
    xTasksWaitingTermination                 0x200009f4   Data          20  tasks.o(.bss)
    xSuspendedTaskList                       0x20000a08   Data          20  tasks.o(.bss)
    .bss                                     0x20000a1c   Section      280  timers.o(.bss)
    xActiveTimerList1                        0x20000a1c   Data          20  timers.o(.bss)
    xActiveTimerList2                        0x20000a30   Data          20  timers.o(.bss)
    xStaticTimerQueue                        0x20000a44   Data          80  timers.o(.bss)
    ucStaticTimerQueueStorage                0x20000a94   Data         160  timers.o(.bss)
    .bss                                     0x20000b34   Section     1720  cmsis_os2.o(.bss)
    Idle_TCB                                 0x20000b34   Data          92  cmsis_os2.o(.bss)
    Idle_Stack                               0x20000b90   Data         512  cmsis_os2.o(.bss)
    Timer_TCB                                0x20000d90   Data          92  cmsis_os2.o(.bss)
    Timer_Stack                              0x20000dec   Data        1024  cmsis_os2.o(.bss)
    .bss                                     0x200011ec   Section    15360  heap_4.o(.bss)
    ucHeap                                   0x200011ec   Data       15360  heap_4.o(.bss)
    .bss                                     0x20004dec   Section       96  libspace.o(.bss)
    HEAP                                     0x20004e50   Section     2048  startup_stm32f405xx.o(HEAP)
    Heap_Mem                                 0x20004e50   Data        2048  startup_stm32f405xx.o(HEAP)
    STACK                                    0x20005650   Section     1024  startup_stm32f405xx.o(STACK)
    Stack_Mem                                0x20005650   Data        1024  startup_stm32f405xx.o(STACK)
    __initial_sp                             0x20005a50   Data           0  startup_stm32f405xx.o(STACK)

    Global Symbols

    Symbol Name                              Value     Ov Type        Size  Object(Section)

    BuildAttributes$$THM_ISAv4$E$P$D$K$B$S$7EM$VFPi3$EXTD16$VFPS$VFMA$PE$A:L22UL41UL21$X:L11$S22US41US21$IEEE1$IW$USESV6$~STKCKD$USESV7$~SHL$OTIME$ROPI$IEEEX$EBA8$UX$STANDARDLIB$REQ8$PRES8$EABIv2 0x00000000   Number         0  anon$$obj.o ABSOLUTE
    __ARM_use_no_argv                        0x00000000   Number         0  main.o ABSOLUTE
    __ARM_exceptions_init                     - Undefined Weak Reference
    __alloca_initialize                       - Undefined Weak Reference
    __arm_preinit_                            - Undefined Weak Reference
    __cpp_initialize__aeabi_                  - Undefined Weak Reference
    __cxa_finalize                            - Undefined Weak Reference
    __rt_locale                               - Undefined Weak Reference
    __sigvec_lookup                           - Undefined Weak Reference
    _atexit_init                              - Undefined Weak Reference
    _call_atexit_fns                          - Undefined Weak Reference
    _clock_init                               - Undefined Weak Reference
    _fp_trap_init                             - Undefined Weak Reference
    _fp_trap_shutdown                         - Undefined Weak Reference
    _get_lc_collate                           - Undefined Weak Reference
    _get_lc_ctype                             - Undefined Weak Reference
    _get_lc_monetary                          - Undefined Weak Reference
    _get_lc_numeric                           - Undefined Weak Reference
    _get_lc_time                              - Undefined Weak Reference
    _getenv_init                              - Undefined Weak Reference
    _handle_redirection                       - Undefined Weak Reference
    _init_alloc                               - Undefined Weak Reference
    _init_user_alloc                          - Undefined Weak Reference
    _initio                                   - Undefined Weak Reference
    _rand_init                                - Undefined Weak Reference
    _signal_finish                            - Undefined Weak Reference
    _signal_init                              - Undefined Weak Reference
    _terminate_alloc                          - Undefined Weak Reference
    _terminate_user_alloc                     - Undefined Weak Reference
    _terminateio                              - Undefined Weak Reference
    __Vectors_Size                           0x00000188   Number         0  startup_stm32f405xx.o ABSOLUTE
    __Vectors                                0x08000000   Data           4  startup_stm32f405xx.o(RESET)
    __Vectors_End                            0x08000188   Data           0  startup_stm32f405xx.o(RESET)
    __main                                   0x08000189   Thumb Code     8  __main.o(!!!main)
    __scatterload                            0x08000191   Thumb Code     0  __scatter.o(!!!scatter)
    __scatterload_rt2                        0x08000191   Thumb Code    44  __scatter.o(!!!scatter)
    __scatterload_rt2_thumb_only             0x08000191   Thumb Code     0  __scatter.o(!!!scatter)
    __scatterload_null                       0x0800019f   Thumb Code     0  __scatter.o(!!!scatter)
    __scatterload_copy                       0x080001c5   Thumb Code    26  __scatter_copy.o(!!handler_copy)
    __scatterload_zeroinit                   0x080001e1   Thumb Code    28  __scatter_zi.o(!!handler_zi)
    __rt_lib_init                            0x080001fd   Thumb Code     0  libinit.o(.ARM.Collect$$libinit$$00000000)
    __rt_lib_init_fp_1                       0x080001ff   Thumb Code     0  libinit2.o(.ARM.Collect$$libinit$$00000001)
    __rt_lib_init_alloca_1                   0x08000203   Thumb Code     0  libinit2.o(.ARM.Collect$$libinit$$0000002E)
    __rt_lib_init_argv_1                     0x08000203   Thumb Code     0  libinit2.o(.ARM.Collect$$libinit$$0000002C)
    __rt_lib_init_atexit_1                   0x08000203   Thumb Code     0  libinit2.o(.ARM.Collect$$libinit$$0000001B)
    __rt_lib_init_clock_1                    0x08000203   Thumb Code     0  libinit2.o(.ARM.Collect$$libinit$$00000021)
    __rt_lib_init_cpp_1                      0x08000203   Thumb Code     0  libinit2.o(.ARM.Collect$$libinit$$00000032)
    __rt_lib_init_exceptions_1               0x08000203   Thumb Code     0  libinit2.o(.ARM.Collect$$libinit$$00000030)
    __rt_lib_init_fp_trap_1                  0x08000203   Thumb Code     0  libinit2.o(.ARM.Collect$$libinit$$0000001F)
    __rt_lib_init_getenv_1                   0x08000203   Thumb Code     0  libinit2.o(.ARM.Collect$$libinit$$00000023)
    __rt_lib_init_heap_1                     0x08000203   Thumb Code     0  libinit2.o(.ARM.Collect$$libinit$$0000000A)
    __rt_lib_init_lc_collate_1               0x08000203   Thumb Code     0  libinit2.o(.ARM.Collect$$libinit$$00000011)
    __rt_lib_init_lc_ctype_1                 0x08000203   Thumb Code     0  libinit2.o(.ARM.Collect$$libinit$$00000013)
    __rt_lib_init_lc_monetary_1              0x08000203   Thumb Code     0  libinit2.o(.ARM.Collect$$libinit$$00000015)
    __rt_lib_init_lc_numeric_1               0x08000203   Thumb Code     0  libinit2.o(.ARM.Collect$$libinit$$00000017)
    __rt_lib_init_lc_time_1                  0x08000203   Thumb Code     0  libinit2.o(.ARM.Collect$$libinit$$00000019)
    __rt_lib_init_preinit_1                  0x08000203   Thumb Code     0  libinit2.o(.ARM.Collect$$libinit$$00000004)
    __rt_lib_init_rand_1                     0x08000203   Thumb Code     0  libinit2.o(.ARM.Collect$$libinit$$0000000E)
    __rt_lib_init_return                     0x08000203   Thumb Code     0  libinit2.o(.ARM.Collect$$libinit$$00000033)
    __rt_lib_init_signal_1                   0x08000203   Thumb Code     0  libinit2.o(.ARM.Collect$$libinit$$0000001D)
    __rt_lib_init_stdio_1                    0x08000203   Thumb Code     0  libinit2.o(.ARM.Collect$$libinit$$00000025)
    __rt_lib_init_user_alloc_1               0x08000203   Thumb Code     0  libinit2.o(.ARM.Collect$$libinit$$0000000C)
    __rt_lib_shutdown                        0x08000205   Thumb Code     0  libshutdown.o(.ARM.Collect$$libshutdown$$00000000)
    __rt_lib_shutdown_cpp_1                  0x08000207   Thumb Code     0  libshutdown2.o(.ARM.Collect$$libshutdown$$00000002)
    __rt_lib_shutdown_fp_trap_1              0x08000207   Thumb Code     0  libshutdown2.o(.ARM.Collect$$libshutdown$$00000007)
    __rt_lib_shutdown_heap_1                 0x08000207   Thumb Code     0  libshutdown2.o(.ARM.Collect$$libshutdown$$0000000F)
    __rt_lib_shutdown_return                 0x08000207   Thumb Code     0  libshutdown2.o(.ARM.Collect$$libshutdown$$00000010)
    __rt_lib_shutdown_signal_1               0x08000207   Thumb Code     0  libshutdown2.o(.ARM.Collect$$libshutdown$$0000000A)
    __rt_lib_shutdown_stdio_1                0x08000207   Thumb Code     0  libshutdown2.o(.ARM.Collect$$libshutdown$$00000004)
    __rt_lib_shutdown_user_alloc_1           0x08000207   Thumb Code     0  libshutdown2.o(.ARM.Collect$$libshutdown$$0000000C)
    __rt_entry                               0x08000209   Thumb Code     0  __rtentry.o(.ARM.Collect$$rtentry$$00000000)
    __rt_entry_presh_1                       0x08000209   Thumb Code     0  __rtentry2.o(.ARM.Collect$$rtentry$$00000002)
    __rt_entry_sh                            0x08000209   Thumb Code     0  __rtentry4.o(.ARM.Collect$$rtentry$$00000004)
    __rt_entry_li                            0x0800020f   Thumb Code     0  __rtentry2.o(.ARM.Collect$$rtentry$$0000000A)
    __rt_entry_postsh_1                      0x0800020f   Thumb Code     0  __rtentry2.o(.ARM.Collect$$rtentry$$00000009)
    __rt_entry_main                          0x08000213   Thumb Code     0  __rtentry2.o(.ARM.Collect$$rtentry$$0000000D)
    __rt_entry_postli_1                      0x08000213   Thumb Code     0  __rtentry2.o(.ARM.Collect$$rtentry$$0000000C)
    __rt_exit                                0x0800021b   Thumb Code     0  rtexit.o(.ARM.Collect$$rtexit$$00000000)
    __rt_exit_ls                             0x0800021d   Thumb Code     0  rtexit2.o(.ARM.Collect$$rtexit$$00000003)
    __rt_exit_prels_1                        0x0800021d   Thumb Code     0  rtexit2.o(.ARM.Collect$$rtexit$$00000002)
    __rt_exit_exit                           0x08000221   Thumb Code     0  rtexit2.o(.ARM.Collect$$rtexit$$00000004)
    SVC_Handler                              0x08000229   Thumb Code    28  port.o(.emb_text)
    __asm___6_port_c_39a90d8d__prvStartFirstTask 0x08000249   Thumb Code    36  port.o(.emb_text)
    __asm___6_port_c_39a90d8d__prvEnableVFP  0x08000271   Thumb Code    16  port.o(.emb_text)
    PendSV_Handler                           0x08000285   Thumb Code    88  port.o(.emb_text)
    vPortGetIPSR                             0x080002e1   Thumb Code     6  port.o(.emb_text)
    Reset_Handler                            0x080002e9   Thumb Code     8  startup_stm32f405xx.o(.text)
    ADC_IRQHandler                           0x08000303   Thumb Code     0  startup_stm32f405xx.o(.text)
    DMA1_Stream0_IRQHandler                  0x08000303   Thumb Code     0  startup_stm32f405xx.o(.text)
    DMA1_Stream1_IRQHandler                  0x08000303   Thumb Code     0  startup_stm32f405xx.o(.text)
    DMA1_Stream2_IRQHandler                  0x08000303   Thumb Code     0  startup_stm32f405xx.o(.text)
    DMA1_Stream3_IRQHandler                  0x08000303   Thumb Code     0  startup_stm32f405xx.o(.text)
    DMA1_Stream4_IRQHandler                  0x08000303   Thumb Code     0  startup_stm32f405xx.o(.text)
    DMA1_Stream5_IRQHandler                  0x08000303   Thumb Code     0  startup_stm32f405xx.o(.text)
    DMA1_Stream6_IRQHandler                  0x08000303   Thumb Code     0  startup_stm32f405xx.o(.text)
    DMA1_Stream7_IRQHandler                  0x08000303   Thumb Code     0  startup_stm32f405xx.o(.text)
    DMA2_Stream0_IRQHandler                  0x08000303   Thumb Code     0  startup_stm32f405xx.o(.text)
    DMA2_Stream1_IRQHandler                  0x08000303   Thumb Code     0  startup_stm32f405xx.o(.text)
    DMA2_Stream2_IRQHandler                  0x08000303   Thumb Code     0  startup_stm32f405xx.o(.text)
    DMA2_Stream3_IRQHandler                  0x08000303   Thumb Code     0  startup_stm32f405xx.o(.text)
    DMA2_Stream4_IRQHandler                  0x08000303   Thumb Code     0  startup_stm32f405xx.o(.text)
    DMA2_Stream5_IRQHandler                  0x08000303   Thumb Code     0  startup_stm32f405xx.o(.text)
    DMA2_Stream6_IRQHandler                  0x08000303   Thumb Code     0  startup_stm32f405xx.o(.text)
    DMA2_Stream7_IRQHandler                  0x08000303   Thumb Code     0  startup_stm32f405xx.o(.text)
    EXTI0_IRQHandler                         0x08000303   Thumb Code     0  startup_stm32f405xx.o(.text)
    EXTI15_10_IRQHandler                     0x08000303   Thumb Code     0  startup_stm32f405xx.o(.text)
    EXTI1_IRQHandler                         0x08000303   Thumb Code     0  startup_stm32f405xx.o(.text)
    EXTI2_IRQHandler                         0x08000303   Thumb Code     0  startup_stm32f405xx.o(.text)
    EXTI3_IRQHandler                         0x08000303   Thumb Code     0  startup_stm32f405xx.o(.text)
    EXTI4_IRQHandler                         0x08000303   Thumb Code     0  startup_stm32f405xx.o(.text)
    EXTI9_5_IRQHandler                       0x08000303   Thumb Code     0  startup_stm32f405xx.o(.text)
    FLASH_IRQHandler                         0x08000303   Thumb Code     0  startup_stm32f405xx.o(.text)
    FMC_IRQHandler                           0x08000303   Thumb Code     0  startup_stm32f405xx.o(.text)
    FPU_IRQHandler                           0x08000303   Thumb Code     0  startup_stm32f405xx.o(.text)
    HASH_RNG_IRQHandler                      0x08000303   Thumb Code     0  startup_stm32f405xx.o(.text)
    I2C1_ER_IRQHandler                       0x08000303   Thumb Code     0  startup_stm32f405xx.o(.text)
    I2C1_EV_IRQHandler                       0x08000303   Thumb Code     0  startup_stm32f405xx.o(.text)
    I2C2_ER_IRQHandler                       0x08000303   Thumb Code     0  startup_stm32f405xx.o(.text)
    I2C2_EV_IRQHandler                       0x08000303   Thumb Code     0  startup_stm32f405xx.o(.text)
    I2C3_ER_IRQHandler                       0x08000303   Thumb Code     0  startup_stm32f405xx.o(.text)
    I2C3_EV_IRQHandler                       0x08000303   Thumb Code     0  startup_stm32f405xx.o(.text)
    OTG_FS_IRQHandler                        0x08000303   Thumb Code     0  startup_stm32f405xx.o(.text)
    OTG_FS_WKUP_IRQHandler                   0x08000303   Thumb Code     0  startup_stm32f405xx.o(.text)
    OTG_HS_EP1_IN_IRQHandler                 0x08000303   Thumb Code     0  startup_stm32f405xx.o(.text)
    OTG_HS_EP1_OUT_IRQHandler                0x08000303   Thumb Code     0  startup_stm32f405xx.o(.text)
    OTG_HS_IRQHandler                        0x08000303   Thumb Code     0  startup_stm32f405xx.o(.text)
    OTG_HS_WKUP_IRQHandler                   0x08000303   Thumb Code     0  startup_stm32f405xx.o(.text)
    PVD_IRQHandler                           0x08000303   Thumb Code     0  startup_stm32f405xx.o(.text)
    RCC_IRQHandler                           0x08000303   Thumb Code     0  startup_stm32f405xx.o(.text)
    RTC_Alarm_IRQHandler                     0x08000303   Thumb Code     0  startup_stm32f405xx.o(.text)
    RTC_WKUP_IRQHandler                      0x08000303   Thumb Code     0  startup_stm32f405xx.o(.text)
    SDIO_IRQHandler                          0x08000303   Thumb Code     0  startup_stm32f405xx.o(.text)
    SPI1_IRQHandler                          0x08000303   Thumb Code     0  startup_stm32f405xx.o(.text)
    SPI2_IRQHandler                          0x08000303   Thumb Code     0  startup_stm32f405xx.o(.text)
    SPI3_IRQHandler                          0x08000303   Thumb Code     0  startup_stm32f405xx.o(.text)
    TAMP_STAMP_IRQHandler                    0x08000303   Thumb Code     0  startup_stm32f405xx.o(.text)
    TIM1_BRK_TIM9_IRQHandler                 0x08000303   Thumb Code     0  startup_stm32f405xx.o(.text)
    TIM1_CC_IRQHandler                       0x08000303   Thumb Code     0  startup_stm32f405xx.o(.text)
    TIM1_TRG_COM_TIM11_IRQHandler            0x08000303   Thumb Code     0  startup_stm32f405xx.o(.text)
    TIM2_IRQHandler                          0x08000303   Thumb Code     0  startup_stm32f405xx.o(.text)
    TIM3_IRQHandler                          0x08000303   Thumb Code     0  startup_stm32f405xx.o(.text)
    TIM4_IRQHandler                          0x08000303   Thumb Code     0  startup_stm32f405xx.o(.text)
    TIM5_IRQHandler                          0x08000303   Thumb Code     0  startup_stm32f405xx.o(.text)
    TIM6_DAC_IRQHandler                      0x08000303   Thumb Code     0  startup_stm32f405xx.o(.text)
    TIM7_IRQHandler                          0x08000303   Thumb Code     0  startup_stm32f405xx.o(.text)
    TIM8_BRK_TIM12_IRQHandler                0x08000303   Thumb Code     0  startup_stm32f405xx.o(.text)
    TIM8_CC_IRQHandler                       0x08000303   Thumb Code     0  startup_stm32f405xx.o(.text)
    TIM8_TRG_COM_TIM14_IRQHandler            0x08000303   Thumb Code     0  startup_stm32f405xx.o(.text)
    TIM8_UP_TIM13_IRQHandler                 0x08000303   Thumb Code     0  startup_stm32f405xx.o(.text)
    UART4_IRQHandler                         0x08000303   Thumb Code     0  startup_stm32f405xx.o(.text)
    UART5_IRQHandler                         0x08000303   Thumb Code     0  startup_stm32f405xx.o(.text)
    USART1_IRQHandler                        0x08000303   Thumb Code     0  startup_stm32f405xx.o(.text)
    USART2_IRQHandler                        0x08000303   Thumb Code     0  startup_stm32f405xx.o(.text)
    USART3_IRQHandler                        0x08000303   Thumb Code     0  startup_stm32f405xx.o(.text)
    USART6_IRQHandler                        0x08000303   Thumb Code     0  startup_stm32f405xx.o(.text)
    WWDG_IRQHandler                          0x08000303   Thumb Code     0  startup_stm32f405xx.o(.text)
    __user_initial_stackheap                 0x08000305   Thumb Code     0  startup_stm32f405xx.o(.text)
    __aeabi_uldivmod                         0x08000329   Thumb Code     0  lludivv7m.o(.text)
    _ll_udiv                                 0x08000329   Thumb Code   238  lludivv7m.o(.text)
    __aeabi_memcpy                           0x08000417   Thumb Code     0  rt_memcpy_v6.o(.text)
    __rt_memcpy                              0x08000417   Thumb Code   138  rt_memcpy_v6.o(.text)
    _memcpy_lastbytes                        0x0800047d   Thumb Code     0  rt_memcpy_v6.o(.text)
    __aeabi_memcpy4                          0x080004a1   Thumb Code     0  rt_memcpy_w.o(.text)
    __aeabi_memcpy8                          0x080004a1   Thumb Code     0  rt_memcpy_w.o(.text)
    __rt_memcpy_w                            0x080004a1   Thumb Code   100  rt_memcpy_w.o(.text)
    _memcpy_lastbytes_aligned                0x080004e9   Thumb Code     0  rt_memcpy_w.o(.text)
    __aeabi_memset                           0x08000505   Thumb Code    16  aeabi_memset.o(.text)
    __aeabi_memclr4                          0x08000515   Thumb Code     0  rt_memclr_w.o(.text)
    __aeabi_memclr8                          0x08000515   Thumb Code     0  rt_memclr_w.o(.text)
    __rt_memclr_w                            0x08000515   Thumb Code    78  rt_memclr_w.o(.text)
    _memset_w                                0x08000519   Thumb Code     0  rt_memclr_w.o(.text)
    __use_two_region_memory                  0x08000563   Thumb Code     2  heapauxi.o(.text)
    __rt_heap_escrow$2region                 0x08000565   Thumb Code     2  heapauxi.o(.text)
    __rt_heap_expand$2region                 0x08000567   Thumb Code     2  heapauxi.o(.text)
    __aeabi_memclr                           0x08000569   Thumb Code     0  rt_memclr.o(.text)
    __rt_memclr                              0x08000569   Thumb Code    68  rt_memclr.o(.text)
    _memset                                  0x0800056d   Thumb Code     0  rt_memclr.o(.text)
    __user_libspace                          0x080005ad   Thumb Code     8  libspace.o(.text)
    __user_perproc_libspace                  0x080005ad   Thumb Code     0  libspace.o(.text)
    __user_perthread_libspace                0x080005ad   Thumb Code     0  libspace.o(.text)
    __user_setup_stackheap                   0x080005b5   Thumb Code    74  sys_stackheap_outer.o(.text)
    exit                                     0x080005ff   Thumb Code    18  exit.o(.text)
    _sys_exit                                0x08000611   Thumb Code     8  sys_exit.o(.text)
    __I$use$semihosting                      0x0800061d   Thumb Code     0  use_no_semi.o(.text)
    __use_no_semihosting_swi                 0x0800061d   Thumb Code     2  use_no_semi.o(.text)
    __semihosting_library_function           0x0800061f   Thumb Code     0  indicate_semi.o(.text)
    BeepTask                                 0x08000621   Thumb Code    66  myostasks.o(i.BeepTask)
    Beep_Alarm                               0x0800066d   Thumb Code     6  beep.o(i.Beep_Alarm)
    Beep_Init                                0x08000679   Thumb Code   106  beep.o(i.Beep_Init)
    BusFault_Handler                         0x080006e9   Thumb Code     4  stm32f4xx_it.o(i.BusFault_Handler)
    CAN1_RX0_IRQHandler                      0x080006ed   Thumb Code    10  stm32f4xx_it.o(i.CAN1_RX0_IRQHandler)
    CAN1_RX1_IRQHandler                      0x080006fd   Thumb Code    10  stm32f4xx_it.o(i.CAN1_RX1_IRQHandler)
    CAN1_SCE_IRQHandler                      0x0800070d   Thumb Code    10  stm32f4xx_it.o(i.CAN1_SCE_IRQHandler)
    CAN1_TX_IRQHandler                       0x0800071d   Thumb Code    10  stm32f4xx_it.o(i.CAN1_TX_IRQHandler)
    CAN2_RX0_IRQHandler                      0x0800072d   Thumb Code    10  stm32f4xx_it.o(i.CAN2_RX0_IRQHandler)
    CAN2_RX1_IRQHandler                      0x0800073d   Thumb Code    10  stm32f4xx_it.o(i.CAN2_RX1_IRQHandler)
    CAN2_SCE_IRQHandler                      0x0800074d   Thumb Code    10  stm32f4xx_it.o(i.CAN2_SCE_IRQHandler)
    CAN2_TX_IRQHandler                       0x0800075d   Thumb Code    10  stm32f4xx_it.o(i.CAN2_TX_IRQHandler)
    ChangeDataByte                           0x0800076d   Thumb Code    10  mathfunc.o(i.ChangeDataByte)
    DJmotor_AngleCalculate                   0x080007a5   Thumb Code   220  djmotor.o(i.DJmotor_AngleCalculate)
    DJmotor_CurrentTransmit                  0x08000885   Thumb Code   140  djmotor.o(i.DJmotor_CurrentTransmit)
    DJmotor_Func                             0x0800091d   Thumb Code   286  djmotor.o(i.DJmotor_Func)
    DJmotor_Init                             0x08000a41   Thumb Code   656  djmotor.o(i.DJmotor_Init)
    DJmotor_PositionMode                     0x08000cf5   Thumb Code   316  djmotor.o(i.DJmotor_PositionMode)
    DJmotor_Receive                          0x08000e35   Thumb Code   230  djmotor.o(i.DJmotor_Receive)
    DJmotor_SetZero                          0x08000f29   Thumb Code    24  djmotor.o(i.DJmotor_SetZero)
    DJmotor_SpeedMode                        0x08000f45   Thumb Code   188  djmotor.o(i.DJmotor_SpeedMode)
    DJmotor_ZeroMode                         0x08001043   Thumb Code   220  djmotor.o(i.DJmotor_ZeroMode)
    DebugMon_Handler                         0x0800111f   Thumb Code     2  stm32f4xx_it.o(i.DebugMon_Handler)
    Error_Handler                            0x08001121   Thumb Code     6  main.o(i.Error_Handler)
    HAL_CAN_ActivateNotification             0x08001135   Thumb Code    42  stm32f4xx_hal_can.o(i.HAL_CAN_ActivateNotification)
    HAL_CAN_AddTxMessage                     0x0800115f   Thumb Code   330  stm32f4xx_hal_can.o(i.HAL_CAN_AddTxMessage)
    HAL_CAN_ConfigFilter                     0x080012a9   Thumb Code   284  stm32f4xx_hal_can.o(i.HAL_CAN_ConfigFilter)
    HAL_CAN_ErrorCallback                    0x080013c9   Thumb Code     2  stm32f4xx_hal_can.o(i.HAL_CAN_ErrorCallback)
    HAL_CAN_GetRxMessage                     0x080013cb   Thumb Code   404  stm32f4xx_hal_can.o(i.HAL_CAN_GetRxMessage)
    HAL_CAN_IRQHandler                       0x0800155f   Thumb Code   590  stm32f4xx_hal_can.o(i.HAL_CAN_IRQHandler)
    HAL_CAN_Init                             0x080017ad   Thumb Code   372  stm32f4xx_hal_can.o(i.HAL_CAN_Init)
    HAL_CAN_MspInit                          0x08001921   Thumb Code   426  can.o(i.HAL_CAN_MspInit)
    HAL_CAN_RxFifo0FullCallback              0x08001ae5   Thumb Code     2  stm32f4xx_hal_can.o(i.HAL_CAN_RxFifo0FullCallback)
    HAL_CAN_RxFifo0MsgPendingCallback        0x08001ae9   Thumb Code    84  can_irqhandler.o(i.HAL_CAN_RxFifo0MsgPendingCallback)
    HAL_CAN_RxFifo1FullCallback              0x08001b45   Thumb Code     2  stm32f4xx_hal_can.o(i.HAL_CAN_RxFifo1FullCallback)
    HAL_CAN_RxFifo1MsgPendingCallback        0x08001b47   Thumb Code     2  stm32f4xx_hal_can.o(i.HAL_CAN_RxFifo1MsgPendingCallback)
    HAL_CAN_SleepCallback                    0x08001b49   Thumb Code     2  stm32f4xx_hal_can.o(i.HAL_CAN_SleepCallback)
    HAL_CAN_Start                            0x08001b4b   Thumb Code    94  stm32f4xx_hal_can.o(i.HAL_CAN_Start)
    HAL_CAN_TxMailbox0AbortCallback          0x08001ba9   Thumb Code     2  stm32f4xx_hal_can.o(i.HAL_CAN_TxMailbox0AbortCallback)
    HAL_CAN_TxMailbox0CompleteCallback       0x08001bab   Thumb Code     2  stm32f4xx_hal_can.o(i.HAL_CAN_TxMailbox0CompleteCallback)
    HAL_CAN_TxMailbox1AbortCallback          0x08001bad   Thumb Code     2  stm32f4xx_hal_can.o(i.HAL_CAN_TxMailbox1AbortCallback)
    HAL_CAN_TxMailbox1CompleteCallback       0x08001baf   Thumb Code     2  stm32f4xx_hal_can.o(i.HAL_CAN_TxMailbox1CompleteCallback)
    HAL_CAN_TxMailbox2AbortCallback          0x08001bb1   Thumb Code     2  stm32f4xx_hal_can.o(i.HAL_CAN_TxMailbox2AbortCallback)
    HAL_CAN_TxMailbox2CompleteCallback       0x08001bb3   Thumb Code     2  stm32f4xx_hal_can.o(i.HAL_CAN_TxMailbox2CompleteCallback)
    HAL_CAN_WakeUpFromRxMsgCallback          0x08001bb5   Thumb Code     2  stm32f4xx_hal_can.o(i.HAL_CAN_WakeUpFromRxMsgCallback)
    HAL_Delay                                0x08001bb9   Thumb Code    36  stm32f4xx_hal.o(i.HAL_Delay)
    HAL_GPIO_Init                            0x08001be1   Thumb Code   454  stm32f4xx_hal_gpio.o(i.HAL_GPIO_Init)
    HAL_GPIO_WritePin                        0x08001dd5   Thumb Code    12  stm32f4xx_hal_gpio.o(i.HAL_GPIO_WritePin)
    HAL_GetTick                              0x08001de1   Thumb Code     6  stm32f4xx_hal.o(i.HAL_GetTick)
    HAL_IncTick                              0x08001ded   Thumb Code    16  stm32f4xx_hal.o(i.HAL_IncTick)
    HAL_Init                                 0x08001e05   Thumb Code    54  stm32f4xx_hal.o(i.HAL_Init)
    HAL_InitTick                             0x08001e41   Thumb Code   140  stm32f4xx_hal_timebase_tim.o(i.HAL_InitTick)
    HAL_MspInit                              0x08001ee1   Thumb Code    78  stm32f4xx_hal_msp.o(i.HAL_MspInit)
    HAL_NVIC_EnableIRQ                       0x08001f35   Thumb Code    40  stm32f4xx_hal_cortex.o(i.HAL_NVIC_EnableIRQ)
    HAL_NVIC_SetPriority                     0x08001f5d   Thumb Code   124  stm32f4xx_hal_cortex.o(i.HAL_NVIC_SetPriority)
    HAL_NVIC_SetPriorityGrouping             0x08001fd9   Thumb Code    32  stm32f4xx_hal_cortex.o(i.HAL_NVIC_SetPriorityGrouping)
    HAL_RCC_ClockConfig                      0x08002001   Thumb Code   368  stm32f4xx_hal_rcc.o(i.HAL_RCC_ClockConfig)
    HAL_RCC_GetClockConfig                   0x08002185   Thumb Code    58  stm32f4xx_hal_rcc.o(i.HAL_RCC_GetClockConfig)
    HAL_RCC_GetHCLKFreq                      0x080021c9   Thumb Code     6  stm32f4xx_hal_rcc.o(i.HAL_RCC_GetHCLKFreq)
    HAL_RCC_GetPCLK2Freq                     0x080021d5   Thumb Code    22  stm32f4xx_hal_rcc.o(i.HAL_RCC_GetPCLK2Freq)
    HAL_RCC_GetSysClockFreq                  0x080021f5   Thumb Code   162  stm32f4xx_hal_rcc.o(i.HAL_RCC_GetSysClockFreq)
    HAL_RCC_OscConfig                        0x080022a5   Thumb Code  1172  stm32f4xx_hal_rcc.o(i.HAL_RCC_OscConfig)
    HAL_TIMEx_BreakCallback                  0x08002741   Thumb Code     2  stm32f4xx_hal_tim_ex.o(i.HAL_TIMEx_BreakCallback)
    HAL_TIMEx_CommutCallback                 0x08002743   Thumb Code     2  stm32f4xx_hal_tim_ex.o(i.HAL_TIMEx_CommutCallback)
    HAL_TIM_Base_Init                        0x08002745   Thumb Code   102  stm32f4xx_hal_tim.o(i.HAL_TIM_Base_Init)
    HAL_TIM_Base_MspInit                     0x080027ab   Thumb Code     2  stm32f4xx_hal_tim.o(i.HAL_TIM_Base_MspInit)
    HAL_TIM_Base_Start_IT                    0x080027ad   Thumb Code   138  stm32f4xx_hal_tim.o(i.HAL_TIM_Base_Start_IT)
    HAL_TIM_IC_CaptureCallback               0x08002855   Thumb Code     2  stm32f4xx_hal_tim.o(i.HAL_TIM_IC_CaptureCallback)
    HAL_TIM_IRQHandler                       0x08002857   Thumb Code   364  stm32f4xx_hal_tim.o(i.HAL_TIM_IRQHandler)
    HAL_TIM_OC_DelayElapsedCallback          0x080029c3   Thumb Code     2  stm32f4xx_hal_tim.o(i.HAL_TIM_OC_DelayElapsedCallback)
    HAL_TIM_PWM_PulseFinishedCallback        0x080029c5   Thumb Code     2  stm32f4xx_hal_tim.o(i.HAL_TIM_PWM_PulseFinishedCallback)
    HAL_TIM_PeriodElapsedCallback            0x080029c9   Thumb Code    18  main.o(i.HAL_TIM_PeriodElapsedCallback)
    HAL_TIM_TriggerCallback                  0x080029e1   Thumb Code     2  stm32f4xx_hal_tim.o(i.HAL_TIM_TriggerCallback)
    HardFault_Handler                        0x080029e3   Thumb Code     4  stm32f4xx_it.o(i.HardFault_Handler)
    LedTask                                  0x080029e7   Thumb Code     8  myostasks.o(i.LedTask)
    Led_Water                                0x080029f1   Thumb Code    60  led.o(i.Led_Water)
    MX_CAN1_Init                             0x08002a31   Thumb Code   122  can.o(i.MX_CAN1_Init)
    MX_CAN2_Init                             0x08002ab5   Thumb Code   120  can.o(i.MX_CAN2_Init)
    MX_FREERTOS_Init                         0x08002b35   Thumb Code    60  freertos.o(i.MX_FREERTOS_Init)
    MX_GPIO_Init                             0x08002ba1   Thumb Code   168  gpio.o(i.MX_GPIO_Init)
    MemManage_Handler                        0x08002c51   Thumb Code     4  stm32f4xx_it.o(i.MemManage_Handler)
    MotorTask                                0x08002c55   Thumb Code    14  myostasks.o(i.MotorTask)
    NMI_Handler                              0x08002c63   Thumb Code     4  stm32f4xx_it.o(i.NMI_Handler)
    PID_Calculate                            0x08002c67   Thumb Code   208  pid.o(i.PID_Calculate)
    PID_Init                                 0x08002d37   Thumb Code    34  pid.o(i.PID_Init)
    PID_Reset                                0x08002d59   Thumb Code    50  pid.o(i.PID_Reset)
    StacteMac                                0x08002dd5   Thumb Code    14  myostasks.o(i.StacteMac)
    SysTick_Handler                          0x08002de3   Thumb Code    22  cmsis_os2.o(i.SysTick_Handler)
    SystemClock_Config                       0x08002df9   Thumb Code   172  main.o(i.SystemClock_Config)
    SystemInit                               0x08002ead   Thumb Code    14  system_stm32f4xx.o(i.SystemInit)
    TIM1_UP_TIM10_IRQHandler                 0x08002ec1   Thumb Code    10  stm32f4xx_it.o(i.TIM1_UP_TIM10_IRQHandler)
    TIM_Base_SetConfig                       0x08002ed1   Thumb Code   178  stm32f4xx_hal_tim.o(i.TIM_Base_SetConfig)
    UsageFault_Handler                       0x08002fb1   Thumb Code     4  stm32f4xx_it.o(i.UsageFault_Handler)
    Xipan_OnCan                              0x08002fb5   Thumb Code   122  xipan_ctrl.o(i.Xipan_OnCan)
    Xipan_StateMachine                       0x08003049   Thumb Code   214  xipan_ctrl.o(i.Xipan_StateMachine)
    main                                     0x08003185   Thumb Code    54  main.o(i.main)
    osDelay                                  0x080031c1   Thumb Code    30  cmsis_os2.o(i.osDelay)
    osKernelInitialize                       0x080031e1   Thumb Code    38  cmsis_os2.o(i.osKernelInitialize)
    osKernelStart                            0x0800320d   Thumb Code    82  cmsis_os2.o(i.osKernelStart)
    osThreadNew                              0x0800326d   Thumb Code   184  cmsis_os2.o(i.osThreadNew)
    pump_init                                0x08003d49   Thumb Code     8  pump.o(i.pump_init)
    pump_off                                 0x08003d51   Thumb Code    14  pump.o(i.pump_off)
    pump_set                                 0x08003d65   Thumb Code    14  pump.o(i.pump_set)
    pvPortMalloc                             0x08003d79   Thumb Code   306  heap_4.o(i.pvPortMalloc)
    pxPortInitialiseStack                    0x08003ec5   Thumb Code    38  port.o(i.pxPortInitialiseStack)
    uxListRemove                             0x08003ef1   Thumb Code    40  list.o(i.uxListRemove)
    vApplicationGetIdleTaskMemory            0x08003f19   Thumb Code    14  cmsis_os2.o(i.vApplicationGetIdleTaskMemory)
    vApplicationGetTimerTaskMemory           0x08003f31   Thumb Code    16  cmsis_os2.o(i.vApplicationGetTimerTaskMemory)
    vListInitialise                          0x08003f49   Thumb Code    26  list.o(i.vListInitialise)
    vListInitialiseItem                      0x08003f63   Thumb Code     6  list.o(i.vListInitialiseItem)
    vListInsert                              0x08003f69   Thumb Code    52  list.o(i.vListInsert)
    vListInsertEnd                           0x08003f9d   Thumb Code    24  list.o(i.vListInsertEnd)
    vPortEnterCritical                       0x08003fb5   Thumb Code    76  port.o(i.vPortEnterCritical)
    vPortExitCritical                        0x08004009   Thumb Code    56  port.o(i.vPortExitCritical)
    vPortFree                                0x08004045   Thumb Code   150  heap_4.o(i.vPortFree)
    vPortSetupTimerInterrupt                 0x080040e9   Thumb Code    36  port.o(i.vPortSetupTimerInterrupt)
    vPortValidateInterruptPriority           0x08004111   Thumb Code   106  port.o(i.vPortValidateInterruptPriority)
    vQueueAddToRegistry                      0x08004189   Thumb Code    38  queue.o(i.vQueueAddToRegistry)
    vQueueWaitForMessageRestricted           0x080041b5   Thumb Code    74  queue.o(i.vQueueWaitForMessageRestricted)
    vTaskDelay                               0x08004201   Thumb Code    82  tasks.o(i.vTaskDelay)
    vTaskInternalSetTimeOutState             0x0800425d   Thumb Code    14  tasks.o(i.vTaskInternalSetTimeOutState)
    vTaskMissedYield                         0x08004275   Thumb Code     8  tasks.o(i.vTaskMissedYield)
    vTaskPlaceOnEventList                    0x08004281   Thumb Code    52  tasks.o(i.vTaskPlaceOnEventList)
    vTaskPlaceOnEventListRestricted          0x080042b9   Thumb Code    60  tasks.o(i.vTaskPlaceOnEventListRestricted)
    vTaskStartScheduler                      0x080042f9   Thumb Code   156  tasks.o(i.vTaskStartScheduler)
    vTaskSuspendAll                          0x080043b1   Thumb Code    12  tasks.o(i.vTaskSuspendAll)
    vTaskSwitchContext                       0x080043c1   Thumb Code   122  tasks.o(i.vTaskSwitchContext)
    xPortStartScheduler                      0x08004451   Thumb Code   330  port.o(i.xPortStartScheduler)
    xPortSysTickHandler                      0x080045b9   Thumb Code    46  port.o(i.xPortSysTickHandler)
    xQueueGenericCreateStatic                0x080045ed   Thumb Code   224  queue.o(i.xQueueGenericCreateStatic)
    xQueueGenericReset                       0x080046cd   Thumb Code   146  queue.o(i.xQueueGenericReset)
    xQueueGenericSend                        0x08004765   Thumb Code   420  queue.o(i.xQueueGenericSend)
    xQueueGenericSendFromISR                 0x0800490d   Thumb Code   252  queue.o(i.xQueueGenericSendFromISR)
    xQueueReceive                            0x08004a09   Thumb Code   356  queue.o(i.xQueueReceive)
    xTaskCheckForTimeOut                     0x08004b71   Thumb Code   132  tasks.o(i.xTaskCheckForTimeOut)
    xTaskCreate                              0x08004bfd   Thumb Code   100  tasks.o(i.xTaskCreate)
    xTaskCreateStatic                        0x08004c61   Thumb Code   186  tasks.o(i.xTaskCreateStatic)
    xTaskGetSchedulerState                   0x08004d1d   Thumb Code    24  tasks.o(i.xTaskGetSchedulerState)
    xTaskGetTickCount                        0x08004d3d   Thumb Code     6  tasks.o(i.xTaskGetTickCount)
    xTaskIncrementTick                       0x08004d49   Thumb Code   280  tasks.o(i.xTaskIncrementTick)
    xTaskPriorityDisinherit                  0x08004e8d   Thumb Code   152  tasks.o(i.xTaskPriorityDisinherit)
    xTaskRemoveFromEventList                 0x08004f31   Thumb Code   126  tasks.o(i.xTaskRemoveFromEventList)
    xTaskResumeAll                           0x08004fc9   Thumb Code   222  tasks.o(i.xTaskResumeAll)
    xTimerCreateTimerTask                    0x080050cd   Thumb Code   100  timers.o(i.xTimerCreateTimerTask)
    xTimerGenericCommand                     0x08005145   Thumb Code   128  timers.o(i.xTimerGenericCommand)
    _fp_init                                 0x080051c9   Thumb Code    10  fpinit.o(x$fpl$fpinit)
    __fplib_config_fpu_vfp                   0x080051d1   Thumb Code     0  fpinit.o(x$fpl$fpinit)
    __fplib_config_pureend_doubles           0x080051d1   Thumb Code     0  fpinit.o(x$fpl$fpinit)
    Ledtask_attributes                       0x080051d4   Data          36  freertos.o(.constdata)
    Motortask_attributes                     0x080051f8   Data          36  freertos.o(.constdata)
    Statemac_attributes                      0x0800521c   Data          36  freertos.o(.constdata)
    Beeptask_attributes                      0x08005240   Data          36  freertos.o(.constdata)
    AHBPrescTable                            0x08005264   Data          16  system_stm32f4xx.o(.constdata)
    APBPrescTable                            0x08005274   Data           8  system_stm32f4xx.o(.constdata)
    Region$$Table$$Base                      0x080052a8   Number         0  anon$$obj.o(Region$$Table)
    Region$$Table$$Limit                     0x080052c8   Number         0  anon$$obj.o(Region$$Table)
    LedtaskHandle                            0x20000000   Data           4  freertos.o(.data)
    MotortaskHandle                          0x20000004   Data           4  freertos.o(.data)
    StatemacHandle                           0x20000008   Data           4  freertos.o(.data)
    BeeptaskHandle                           0x2000000c   Data           4  freertos.o(.data)
    g_enable                                 0x20000014   Data           1  xipan_ctrl.o(.data)
    g_cmd                                    0x20000015   Data           1  xipan_ctrl.o(.data)
    g_pump                                   0x20000016   Data           1  xipan_ctrl.o(.data)
    BeepAlarmTimes                           0x2000001f   Data           1  myostasks.o(.data)
    uwTick                                   0x20000020   Data           4  stm32f4xx_hal.o(.data)
    uwTickPrio                               0x20000024   Data           4  stm32f4xx_hal.o(.data)
    uwTickFreq                               0x20000028   Data           1  stm32f4xx_hal.o(.data)
    SystemCoreClock                          0x2000002c   Data           4  system_stm32f4xx.o(.data)
    pxCurrentTCB                             0x20000030   Data           4  tasks.o(.data)
    hcan1                                    0x200000b0   Data          40  can.o(.bss)
    hcan2                                    0x200000d8   Data          40  can.o(.bss)
    htim1                                    0x20000100   Data          72  stm32f4xx_hal_timebase_tim.o(.bss)
    DJmotor                                  0x20000148   Data         976  djmotor.o(.bss)
    xQueueRegistry                           0x20000518   Data          64  queue.o(.bss)
    __libspace_start                         0x20004dec   Data          96  libspace.o(.bss)
    __temporary_stack_top$libspace           0x20004e4c   Data           0  libspace.o(.bss)



==============================================================================

Memory Map of the image

  Image Entry point : 0x08000189

  Load Region LR_IROM1 (Base: 0x08000000, Size: 0x00005378, Max: 0x00100000, ABSOLUTE)

    Execution Region ER_IROM1 (Exec base: 0x08000000, Load base: 0x08000000, Size: 0x000052c8, Max: 0x00100000, ABSOLUTE)

    Exec Addr    Load Addr    Size         Type   Attr      Idx    E Section Name        Object

    0x08000000   0x08000000   0x00000188   Data   RO            3    RESET               startup_stm32f405xx.o
    0x08000188   0x08000188   0x00000008   Code   RO         5470  * !!!main             c_w.l(__main.o)
    0x08000190   0x08000190   0x00000034   Code   RO         5718    !!!scatter          c_w.l(__scatter.o)
    0x080001c4   0x080001c4   0x0000001a   Code   RO         5720    !!handler_copy      c_w.l(__scatter_copy.o)
    0x080001de   0x080001de   0x00000002   PAD
    0x080001e0   0x080001e0   0x0000001c   Code   RO         5722    !!handler_zi        c_w.l(__scatter_zi.o)
    0x080001fc   0x080001fc   0x00000002   Code   RO         5591    .ARM.Collect$$libinit$$00000000  c_w.l(libinit.o)
    0x080001fe   0x080001fe   0x00000004   Code   RO         5600    .ARM.Collect$$libinit$$00000001  c_w.l(libinit2.o)
    0x08000202   0x08000202   0x00000000   Code   RO         5603    .ARM.Collect$$libinit$$00000004  c_w.l(libinit2.o)
    0x08000202   0x08000202   0x00000000   Code   RO         5606    .ARM.Collect$$libinit$$0000000A  c_w.l(libinit2.o)
    0x08000202   0x08000202   0x00000000   Code   RO         5608    .ARM.Collect$$libinit$$0000000C  c_w.l(libinit2.o)
    0x08000202   0x08000202   0x00000000   Code   RO         5610    .ARM.Collect$$libinit$$0000000E  c_w.l(libinit2.o)
    0x08000202   0x08000202   0x00000000   Code   RO         5613    .ARM.Collect$$libinit$$00000011  c_w.l(libinit2.o)
    0x08000202   0x08000202   0x00000000   Code   RO         5615    .ARM.Collect$$libinit$$00000013  c_w.l(libinit2.o)
    0x08000202   0x08000202   0x00000000   Code   RO         5617    .ARM.Collect$$libinit$$00000015  c_w.l(libinit2.o)
    0x08000202   0x08000202   0x00000000   Code   RO         5619    .ARM.Collect$$libinit$$00000017  c_w.l(libinit2.o)
    0x08000202   0x08000202   0x00000000   Code   RO         5621    .ARM.Collect$$libinit$$00000019  c_w.l(libinit2.o)
    0x08000202   0x08000202   0x00000000   Code   RO         5623    .ARM.Collect$$libinit$$0000001B  c_w.l(libinit2.o)
    0x08000202   0x08000202   0x00000000   Code   RO         5625    .ARM.Collect$$libinit$$0000001D  c_w.l(libinit2.o)
    0x08000202   0x08000202   0x00000000   Code   RO         5627    .ARM.Collect$$libinit$$0000001F  c_w.l(libinit2.o)
    0x08000202   0x08000202   0x00000000   Code   RO         5629    .ARM.Collect$$libinit$$00000021  c_w.l(libinit2.o)
    0x08000202   0x08000202   0x00000000   Code   RO         5631    .ARM.Collect$$libinit$$00000023  c_w.l(libinit2.o)
    0x08000202   0x08000202   0x00000000   Code   RO         5633    .ARM.Collect$$libinit$$00000025  c_w.l(libinit2.o)
    0x08000202   0x08000202   0x00000000   Code   RO         5637    .ARM.Collect$$libinit$$0000002C  c_w.l(libinit2.o)
    0x08000202   0x08000202   0x00000000   Code   RO         5639    .ARM.Collect$$libinit$$0000002E  c_w.l(libinit2.o)
    0x08000202   0x08000202   0x00000000   Code   RO         5641    .ARM.Collect$$libinit$$00000030  c_w.l(libinit2.o)
    0x08000202   0x08000202   0x00000000   Code   RO         5643    .ARM.Collect$$libinit$$00000032  c_w.l(libinit2.o)
    0x08000202   0x08000202   0x00000002   Code   RO         5644    .ARM.Collect$$libinit$$00000033  c_w.l(libinit2.o)
    0x08000204   0x08000204   0x00000002   Code   RO         5675    .ARM.Collect$$libshutdown$$00000000  c_w.l(libshutdown.o)
    0x08000206   0x08000206   0x00000000   Code   RO         5701    .ARM.Collect$$libshutdown$$00000002  c_w.l(libshutdown2.o)
    0x08000206   0x08000206   0x00000000   Code   RO         5703    .ARM.Collect$$libshutdown$$00000004  c_w.l(libshutdown2.o)
    0x08000206   0x08000206   0x00000000   Code   RO         5706    .ARM.Collect$$libshutdown$$00000007  c_w.l(libshutdown2.o)
    0x08000206   0x08000206   0x00000000   Code   RO         5709    .ARM.Collect$$libshutdown$$0000000A  c_w.l(libshutdown2.o)
    0x08000206   0x08000206   0x00000000   Code   RO         5711    .ARM.Collect$$libshutdown$$0000000C  c_w.l(libshutdown2.o)
    0x08000206   0x08000206   0x00000000   Code   RO         5714    .ARM.Collect$$libshutdown$$0000000F  c_w.l(libshutdown2.o)
    0x08000206   0x08000206   0x00000002   Code   RO         5715    .ARM.Collect$$libshutdown$$00000010  c_w.l(libshutdown2.o)
    0x08000208   0x08000208   0x00000000   Code   RO         5520    .ARM.Collect$$rtentry$$00000000  c_w.l(__rtentry.o)
    0x08000208   0x08000208   0x00000000   Code   RO         5552    .ARM.Collect$$rtentry$$00000002  c_w.l(__rtentry2.o)
    0x08000208   0x08000208   0x00000006   Code   RO         5564    .ARM.Collect$$rtentry$$00000004  c_w.l(__rtentry4.o)
    0x0800020e   0x0800020e   0x00000000   Code   RO         5554    .ARM.Collect$$rtentry$$00000009  c_w.l(__rtentry2.o)
    0x0800020e   0x0800020e   0x00000004   Code   RO         5555    .ARM.Collect$$rtentry$$0000000A  c_w.l(__rtentry2.o)
    0x08000212   0x08000212   0x00000000   Code   RO         5557    .ARM.Collect$$rtentry$$0000000C  c_w.l(__rtentry2.o)
    0x08000212   0x08000212   0x00000008   Code   RO         5558    .ARM.Collect$$rtentry$$0000000D  c_w.l(__rtentry2.o)
    0x0800021a   0x0800021a   0x00000002   Code   RO         5592    .ARM.Collect$$rtexit$$00000000  c_w.l(rtexit.o)
    0x0800021c   0x0800021c   0x00000000   Code   RO         5648    .ARM.Collect$$rtexit$$00000002  c_w.l(rtexit2.o)
    0x0800021c   0x0800021c   0x00000004   Code   RO         5649    .ARM.Collect$$rtexit$$00000003  c_w.l(rtexit2.o)
    0x08000220   0x08000220   0x00000006   Code   RO         5650    .ARM.Collect$$rtexit$$00000004  c_w.l(rtexit2.o)
    0x08000226   0x08000226   0x00000002   PAD
    0x08000228   0x08000228   0x000000be   Code   RO         5377    .emb_text           port.o
    0x080002e6   0x080002e6   0x00000002   PAD
    0x080002e8   0x080002e8   0x00000040   Code   RO            4    .text               startup_stm32f405xx.o
    0x08000328   0x08000328   0x000000ee   Code   RO         5456    .text               c_w.l(lludivv7m.o)
    0x08000416   0x08000416   0x0000008a   Code   RO         5458    .text               c_w.l(rt_memcpy_v6.o)
    0x080004a0   0x080004a0   0x00000064   Code   RO         5460    .text               c_w.l(rt_memcpy_w.o)
    0x08000504   0x08000504   0x00000010   Code   RO         5464    .text               c_w.l(aeabi_memset.o)
    0x08000514   0x08000514   0x0000004e   Code   RO         5466    .text               c_w.l(rt_memclr_w.o)
    0x08000562   0x08000562   0x00000006   Code   RO         5468    .text               c_w.l(heapauxi.o)
    0x08000568   0x08000568   0x00000044   Code   RO         5527    .text               c_w.l(rt_memclr.o)
    0x080005ac   0x080005ac   0x00000008   Code   RO         5575    .text               c_w.l(libspace.o)
    0x080005b4   0x080005b4   0x0000004a   Code   RO         5578    .text               c_w.l(sys_stackheap_outer.o)
    0x080005fe   0x080005fe   0x00000012   Code   RO         5580    .text               c_w.l(exit.o)
    0x08000610   0x08000610   0x0000000c   Code   RO         5645    .text               c_w.l(sys_exit.o)
    0x0800061c   0x0800061c   0x00000002   Code   RO         5664    .text               c_w.l(use_no_semi.o)
    0x0800061e   0x0800061e   0x00000000   Code   RO         5666    .text               c_w.l(indicate_semi.o)
    0x0800061e   0x0800061e   0x00000002   PAD
    0x08000620   0x08000620   0x0000004c   Code   RO         1145    i.BeepTask          myostasks.o
    0x0800066c   0x0800066c   0x0000000c   Code   RO          536    i.Beep_Alarm        beep.o
    0x08000678   0x08000678   0x00000070   Code   RO          537    i.Beep_Init         beep.o
    0x080006e8   0x080006e8   0x00000004   Code   RO          361    i.BusFault_Handler  stm32f4xx_it.o
    0x080006ec   0x080006ec   0x00000010   Code   RO          362    i.CAN1_RX0_IRQHandler  stm32f4xx_it.o
    0x080006fc   0x080006fc   0x00000010   Code   RO          363    i.CAN1_RX1_IRQHandler  stm32f4xx_it.o
    0x0800070c   0x0800070c   0x00000010   Code   RO          364    i.CAN1_SCE_IRQHandler  stm32f4xx_it.o
    0x0800071c   0x0800071c   0x00000010   Code   RO          365    i.CAN1_TX_IRQHandler  stm32f4xx_it.o
    0x0800072c   0x0800072c   0x00000010   Code   RO          366    i.CAN2_RX0_IRQHandler  stm32f4xx_it.o
    0x0800073c   0x0800073c   0x00000010   Code   RO          367    i.CAN2_RX1_IRQHandler  stm32f4xx_it.o
    0x0800074c   0x0800074c   0x00000010   Code   RO          368    i.CAN2_SCE_IRQHandler  stm32f4xx_it.o
    0x0800075c   0x0800075c   0x00000010   Code   RO          369    i.CAN2_TX_IRQHandler  stm32f4xx_it.o
    0x0800076c   0x0800076c   0x0000000a   Code   RO          761    i.ChangeDataByte    mathfunc.o
    0x08000776   0x08000776   0x0000002e   Code   RO         1037    i.ClampPeak         djmotor.o
    0x080007a4   0x080007a4   0x000000e0   Code   RO         1038    i.DJmotor_AngleCalculate  djmotor.o
    0x08000884   0x08000884   0x00000098   Code   RO         1039    i.DJmotor_CurrentTransmit  djmotor.o
    0x0800091c   0x0800091c   0x00000124   Code   RO         1040    i.DJmotor_Func      djmotor.o
    0x08000a40   0x08000a40   0x000002b4   Code   RO         1041    i.DJmotor_Init      djmotor.o
    0x08000cf4   0x08000cf4   0x00000140   Code   RO         1044    i.DJmotor_PositionMode  djmotor.o
    0x08000e34   0x08000e34   0x000000f4   Code   RO         1045    i.DJmotor_Receive   djmotor.o
    0x08000f28   0x08000f28   0x0000001c   Code   RO         1046    i.DJmotor_SetZero   djmotor.o
    0x08000f44   0x08000f44   0x000000bc   Code   RO         1047    i.DJmotor_SpeedMode  djmotor.o
    0x08001000   0x08001000   0x00000042   Code   RO         1048    i.DJmotor_SwitchMode  djmotor.o
    0x08001042   0x08001042   0x000000dc   Code   RO         1049    i.DJmotor_ZeroMode  djmotor.o
    0x0800111e   0x0800111e   0x00000002   Code   RO          370    i.DebugMon_Handler  stm32f4xx_it.o
    0x08001120   0x08001120   0x00000006   Code   RO           13    i.Error_Handler     main.o
    0x08001126   0x08001126   0x0000000e   Code   RO         1050    i.Get_Total_Ratio   djmotor.o
    0x08001134   0x08001134   0x0000002a   Code   RO         2184    i.HAL_CAN_ActivateNotification  stm32f4xx_hal_can.o
    0x0800115e   0x0800115e   0x0000014a   Code   RO         2185    i.HAL_CAN_AddTxMessage  stm32f4xx_hal_can.o
    0x080012a8   0x080012a8   0x00000120   Code   RO         2186    i.HAL_CAN_ConfigFilter  stm32f4xx_hal_can.o
    0x080013c8   0x080013c8   0x00000002   Code   RO         2189    i.HAL_CAN_ErrorCallback  stm32f4xx_hal_can.o
    0x080013ca   0x080013ca   0x00000194   Code   RO         2192    i.HAL_CAN_GetRxMessage  stm32f4xx_hal_can.o
    0x0800155e   0x0800155e   0x0000024e   Code   RO         2196    i.HAL_CAN_IRQHandler  stm32f4xx_hal_can.o
    0x080017ac   0x080017ac   0x00000174   Code   RO         2197    i.HAL_CAN_Init      stm32f4xx_hal_can.o
    0x08001920   0x08001920   0x000001c4   Code   RO          313    i.HAL_CAN_MspInit   can.o
    0x08001ae4   0x08001ae4   0x00000002   Code   RO         2204    i.HAL_CAN_RxFifo0FullCallback  stm32f4xx_hal_can.o
    0x08001ae6   0x08001ae6   0x00000002   PAD
    0x08001ae8   0x08001ae8   0x0000005c   Code   RO          597    i.HAL_CAN_RxFifo0MsgPendingCallback  can_irqhandler.o
    0x08001b44   0x08001b44   0x00000002   Code   RO         2206    i.HAL_CAN_RxFifo1FullCallback  stm32f4xx_hal_can.o
    0x08001b46   0x08001b46   0x00000002   Code   RO         2207    i.HAL_CAN_RxFifo1MsgPendingCallback  stm32f4xx_hal_can.o
    0x08001b48   0x08001b48   0x00000002   Code   RO         2208    i.HAL_CAN_SleepCallback  stm32f4xx_hal_can.o
    0x08001b4a   0x08001b4a   0x0000005e   Code   RO         2209    i.HAL_CAN_Start     stm32f4xx_hal_can.o
    0x08001ba8   0x08001ba8   0x00000002   Code   RO         2211    i.HAL_CAN_TxMailbox0AbortCallback  stm32f4xx_hal_can.o
    0x08001baa   0x08001baa   0x00000002   Code   RO         2212    i.HAL_CAN_TxMailbox0CompleteCallback  stm32f4xx_hal_can.o
    0x08001bac   0x08001bac   0x00000002   Code   RO         2213    i.HAL_CAN_TxMailbox1AbortCallback  stm32f4xx_hal_can.o
    0x08001bae   0x08001bae   0x00000002   Code   RO         2214    i.HAL_CAN_TxMailbox1CompleteCallback  stm32f4xx_hal_can.o
    0x08001bb0   0x08001bb0   0x00000002   Code   RO         2215    i.HAL_CAN_TxMailbox2AbortCallback  stm32f4xx_hal_can.o
    0x08001bb2   0x08001bb2   0x00000002   Code   RO         2216    i.HAL_CAN_TxMailbox2CompleteCallback  stm32f4xx_hal_can.o
    0x08001bb4   0x08001bb4   0x00000002   Code   RO         2218    i.HAL_CAN_WakeUpFromRxMsgCallback  stm32f4xx_hal_can.o
    0x08001bb6   0x08001bb6   0x00000002   PAD
    0x08001bb8   0x08001bb8   0x00000028   Code   RO         3366    i.HAL_Delay         stm32f4xx_hal.o
    0x08001be0   0x08001be0   0x000001f4   Code   RO         2817    i.HAL_GPIO_Init     stm32f4xx_hal_gpio.o
    0x08001dd4   0x08001dd4   0x0000000c   Code   RO         2821    i.HAL_GPIO_WritePin  stm32f4xx_hal_gpio.o
    0x08001de0   0x08001de0   0x0000000c   Code   RO         3372    i.HAL_GetTick       stm32f4xx_hal.o
    0x08001dec   0x08001dec   0x00000018   Code   RO         3378    i.HAL_IncTick       stm32f4xx_hal.o
    0x08001e04   0x08001e04   0x0000003c   Code   RO         3379    i.HAL_Init          stm32f4xx_hal.o
    0x08001e40   0x08001e40   0x000000a0   Code   RO          497    i.HAL_InitTick      stm32f4xx_hal_timebase_tim.o
    0x08001ee0   0x08001ee0   0x00000054   Code   RO          473    i.HAL_MspInit       stm32f4xx_hal_msp.o
    0x08001f34   0x08001f34   0x00000028   Code   RO         3209    i.HAL_NVIC_EnableIRQ  stm32f4xx_hal_cortex.o
    0x08001f5c   0x08001f5c   0x0000007c   Code   RO         3215    i.HAL_NVIC_SetPriority  stm32f4xx_hal_cortex.o
    0x08001fd8   0x08001fd8   0x00000028   Code   RO         3216    i.HAL_NVIC_SetPriorityGrouping  stm32f4xx_hal_cortex.o
    0x08002000   0x08002000   0x00000184   Code   RO         2418    i.HAL_RCC_ClockConfig  stm32f4xx_hal_rcc.o
    0x08002184   0x08002184   0x00000044   Code   RO         2422    i.HAL_RCC_GetClockConfig  stm32f4xx_hal_rcc.o
    0x080021c8   0x080021c8   0x0000000c   Code   RO         2423    i.HAL_RCC_GetHCLKFreq  stm32f4xx_hal_rcc.o
    0x080021d4   0x080021d4   0x00000020   Code   RO         2426    i.HAL_RCC_GetPCLK2Freq  stm32f4xx_hal_rcc.o
    0x080021f4   0x080021f4   0x000000b0   Code   RO         2427    i.HAL_RCC_GetSysClockFreq  stm32f4xx_hal_rcc.o
    0x080022a4   0x080022a4   0x0000049c   Code   RO         2430    i.HAL_RCC_OscConfig  stm32f4xx_hal_rcc.o
    0x08002740   0x08002740   0x00000002   Code   RO         1916    i.HAL_TIMEx_BreakCallback  stm32f4xx_hal_tim_ex.o
    0x08002742   0x08002742   0x00000002   Code   RO         1917    i.HAL_TIMEx_CommutCallback  stm32f4xx_hal_tim_ex.o
    0x08002744   0x08002744   0x00000066   Code   RO         1201    i.HAL_TIM_Base_Init  stm32f4xx_hal_tim.o
    0x080027aa   0x080027aa   0x00000002   Code   RO         1203    i.HAL_TIM_Base_MspInit  stm32f4xx_hal_tim.o
    0x080027ac   0x080027ac   0x000000a8   Code   RO         1206    i.HAL_TIM_Base_Start_IT  stm32f4xx_hal_tim.o
    0x08002854   0x08002854   0x00000002   Code   RO         1235    i.HAL_TIM_IC_CaptureCallback  stm32f4xx_hal_tim.o
    0x08002856   0x08002856   0x0000016c   Code   RO         1249    i.HAL_TIM_IRQHandler  stm32f4xx_hal_tim.o
    0x080029c2   0x080029c2   0x00000002   Code   RO         1252    i.HAL_TIM_OC_DelayElapsedCallback  stm32f4xx_hal_tim.o
    0x080029c4   0x080029c4   0x00000002   Code   RO         1279    i.HAL_TIM_PWM_PulseFinishedCallback  stm32f4xx_hal_tim.o
    0x080029c6   0x080029c6   0x00000002   PAD
    0x080029c8   0x080029c8   0x00000018   Code   RO           14    i.HAL_TIM_PeriodElapsedCallback  main.o
    0x080029e0   0x080029e0   0x00000002   Code   RO         1292    i.HAL_TIM_TriggerCallback  stm32f4xx_hal_tim.o
    0x080029e2   0x080029e2   0x00000004   Code   RO          371    i.HardFault_Handler  stm32f4xx_it.o
    0x080029e6   0x080029e6   0x00000008   Code   RO         1146    i.LedTask           myostasks.o
    0x080029ee   0x080029ee   0x00000002   PAD
    0x080029f0   0x080029f0   0x00000040   Code   RO          573    i.Led_Water         led.o
    0x08002a30   0x08002a30   0x00000084   Code   RO          314    i.MX_CAN1_Init      can.o
    0x08002ab4   0x08002ab4   0x00000080   Code   RO          315    i.MX_CAN2_Init      can.o
    0x08002b34   0x08002b34   0x0000006c   Code   RO          253    i.MX_FREERTOS_Init  freertos.o
    0x08002ba0   0x08002ba0   0x000000b0   Code   RO          227    i.MX_GPIO_Init      gpio.o
    0x08002c50   0x08002c50   0x00000004   Code   RO          372    i.MemManage_Handler  stm32f4xx_it.o
    0x08002c54   0x08002c54   0x0000000e   Code   RO         1147    i.MotorTask         myostasks.o
    0x08002c62   0x08002c62   0x00000004   Code   RO          373    i.NMI_Handler       stm32f4xx_it.o
    0x08002c66   0x08002c66   0x000000d0   Code   RO          709    i.PID_Calculate     pid.o
    0x08002d36   0x08002d36   0x00000022   Code   RO          710    i.PID_Init          pid.o
    0x08002d58   0x08002d58   0x00000038   Code   RO          711    i.PID_Reset         pid.o
    0x08002d90   0x08002d90   0x00000044   Code   RO          664    i.Send_Feedback     xipan_ctrl.o
    0x08002dd4   0x08002dd4   0x0000000e   Code   RO         1148    i.StacteMac         myostasks.o
    0x08002de2   0x08002de2   0x00000016   Code   RO         4795    i.SysTick_Handler   cmsis_os2.o
    0x08002df8   0x08002df8   0x000000b4   Code   RO           15    i.SystemClock_Config  main.o
    0x08002eac   0x08002eac   0x00000014   Code   RO         3618    i.SystemInit        system_stm32f4xx.o
    0x08002ec0   0x08002ec0   0x00000010   Code   RO          374    i.TIM1_UP_TIM10_IRQHandler  stm32f4xx_it.o
    0x08002ed0   0x08002ed0   0x000000e0   Code   RO         1294    i.TIM_Base_SetConfig  stm32f4xx_hal_tim.o
    0x08002fb0   0x08002fb0   0x00000004   Code   RO          375    i.UsageFault_Handler  stm32f4xx_it.o
    0x08002fb4   0x08002fb4   0x00000094   Code   RO          665    i.Xipan_OnCan       xipan_ctrl.o
    0x08003048   0x08003048   0x000000fc   Code   RO          666    i.Xipan_StateMachine  xipan_ctrl.o
    0x08003144   0x08003144   0x00000010   Code   RO         3222    i.__NVIC_GetPriorityGrouping  stm32f4xx_hal_cortex.o
    0x08003154   0x08003154   0x00000028   Code   RO         3223    i.__NVIC_SetPriority  stm32f4xx_hal_cortex.o
    0x0800317c   0x0800317c   0x00000006   Code   RO         4797    i.__get_IPSR        cmsis_os2.o
    0x08003182   0x08003182   0x00000002   PAD
    0x08003184   0x08003184   0x0000003c   Code   RO           16    i.main              main.o
    0x080031c0   0x080031c0   0x0000001e   Code   RO         4798    i.osDelay           cmsis_os2.o
    0x080031de   0x080031de   0x00000002   PAD
    0x080031e0   0x080031e0   0x0000002c   Code   RO         4812    i.osKernelInitialize  cmsis_os2.o
    0x0800320c   0x0800320c   0x00000060   Code   RO         4815    i.osKernelStart     cmsis_os2.o
    0x0800326c   0x0800326c   0x000000b8   Code   RO         4857    i.osThreadNew       cmsis_os2.o
    0x08003324   0x08003324   0x0000007c   Code   RO         4232    i.prvAddCurrentTaskToDelayedList  tasks.o
    0x080033a0   0x080033a0   0x000000b8   Code   RO         4233    i.prvAddNewTaskToReadyList  tasks.o
    0x08003458   0x08003458   0x00000074   Code   RO         4608    i.prvCheckForValidListAndQueue  timers.o
    0x080034cc   0x080034cc   0x00000048   Code   RO         4234    i.prvCheckTasksWaitingTermination  tasks.o
    0x08003514   0x08003514   0x0000002a   Code   RO         3822    i.prvCopyDataFromQueue  queue.o
    0x0800353e   0x0800353e   0x0000007e   Code   RO         3823    i.prvCopyDataToQueue  queue.o
    0x080035bc   0x080035bc   0x00000050   Code   RO         4235    i.prvDeleteTCB      tasks.o
    0x0800360c   0x0800360c   0x00000028   Code   RO         4609    i.prvGetNextExpireTime  timers.o
    0x08003634   0x08003634   0x0000007c   Code   RO         5322    i.prvHeapInit       heap_4.o
    0x080036b0   0x080036b0   0x00000028   Code   RO         4236    i.prvIdleTask       tasks.o
    0x080036d8   0x080036d8   0x0000002a   Code   RO         3826    i.prvInitialiseNewQueue  queue.o
    0x08003702   0x08003702   0x000000be   Code   RO         4237    i.prvInitialiseNewTask  tasks.o
    0x080037c0   0x080037c0   0x00000068   Code   RO         4238    i.prvInitialiseTaskLists  tasks.o
    0x08003828   0x08003828   0x00000068   Code   RO         5323    i.prvInsertBlockIntoFreeList  heap_4.o
    0x08003890   0x08003890   0x00000058   Code   RO         4611    i.prvInsertTimerInActiveList  timers.o
    0x080038e8   0x080038e8   0x0000001a   Code   RO         3827    i.prvIsQueueEmpty   queue.o
    0x08003902   0x08003902   0x0000001e   Code   RO         3828    i.prvIsQueueFull    queue.o
    0x08003920   0x08003920   0x00000074   Code   RO         4612    i.prvProcessExpiredTimer  timers.o
    0x08003994   0x08003994   0x00000164   Code   RO         4613    i.prvProcessReceivedCommands  timers.o
    0x08003af8   0x08003af8   0x00000074   Code   RO         4614    i.prvProcessTimerOrBlockTask  timers.o
    0x08003b6c   0x08003b6c   0x00000034   Code   RO         4240    i.prvResetNextTaskUnblockTime  tasks.o
    0x08003ba0   0x08003ba0   0x0000002c   Code   RO         4615    i.prvSampleTimeNow  timers.o
    0x08003bcc   0x08003bcc   0x000000a4   Code   RO         4616    i.prvSwitchTimerLists  timers.o
    0x08003c70   0x08003c70   0x00000040   Code   RO         5378    i.prvTaskExitError  port.o
    0x08003cb0   0x08003cb0   0x0000001a   Code   RO         4617    i.prvTimerTask      timers.o
    0x08003cca   0x08003cca   0x0000007e   Code   RO         3829    i.prvUnlockQueue    queue.o
    0x08003d48   0x08003d48   0x00000008   Code   RO          628    i.pump_init         pump.o
    0x08003d50   0x08003d50   0x00000014   Code   RO          629    i.pump_off          pump.o
    0x08003d64   0x08003d64   0x00000014   Code   RO          630    i.pump_set          pump.o
    0x08003d78   0x08003d78   0x0000014c   Code   RO         5324    i.pvPortMalloc      heap_4.o
    0x08003ec4   0x08003ec4   0x0000002c   Code   RO         5379    i.pxPortInitialiseStack  port.o
    0x08003ef0   0x08003ef0   0x00000028   Code   RO         3782    i.uxListRemove      list.o
    0x08003f18   0x08003f18   0x00000018   Code   RO         4869    i.vApplicationGetIdleTaskMemory  cmsis_os2.o
    0x08003f30   0x08003f30   0x00000018   Code   RO         4870    i.vApplicationGetTimerTaskMemory  cmsis_os2.o
    0x08003f48   0x08003f48   0x0000001a   Code   RO         3783    i.vListInitialise   list.o
    0x08003f62   0x08003f62   0x00000006   Code   RO         3784    i.vListInitialiseItem  list.o
    0x08003f68   0x08003f68   0x00000034   Code   RO         3785    i.vListInsert       list.o
    0x08003f9c   0x08003f9c   0x00000018   Code   RO         3786    i.vListInsertEnd    list.o
    0x08003fb4   0x08003fb4   0x00000054   Code   RO         5381    i.vPortEnterCritical  port.o
    0x08004008   0x08004008   0x0000003c   Code   RO         5382    i.vPortExitCritical  port.o
    0x08004044   0x08004044   0x000000a4   Code   RO         5325    i.vPortFree         heap_4.o
    0x080040e8   0x080040e8   0x00000028   Code   RO         5383    i.vPortSetupTimerInterrupt  port.o
    0x08004110   0x08004110   0x00000078   Code   RO         5384    i.vPortValidateInterruptPriority  port.o
    0x08004188   0x08004188   0x0000002c   Code   RO         3835    i.vQueueAddToRegistry  queue.o
    0x080041b4   0x080041b4   0x0000004a   Code   RO         3839    i.vQueueWaitForMessageRestricted  queue.o
    0x080041fe   0x080041fe   0x00000002   PAD
    0x08004200   0x08004200   0x0000005c   Code   RO         4253    i.vTaskDelay        tasks.o
    0x0800425c   0x0800425c   0x00000018   Code   RO         4258    i.vTaskInternalSetTimeOutState  tasks.o
    0x08004274   0x08004274   0x0000000c   Code   RO         4259    i.vTaskMissedYield  tasks.o
    0x08004280   0x08004280   0x00000038   Code   RO         4261    i.vTaskPlaceOnEventList  tasks.o
    0x080042b8   0x080042b8   0x00000040   Code   RO         4262    i.vTaskPlaceOnEventListRestricted  tasks.o
    0x080042f8   0x080042f8   0x000000b8   Code   RO         4270    i.vTaskStartScheduler  tasks.o
    0x080043b0   0x080043b0   0x00000010   Code   RO         4272    i.vTaskSuspendAll   tasks.o
    0x080043c0   0x080043c0   0x00000090   Code   RO         4273    i.vTaskSwitchContext  tasks.o
    0x08004450   0x08004450   0x00000168   Code   RO         5385    i.xPortStartScheduler  port.o
    0x080045b8   0x080045b8   0x00000034   Code   RO         5386    i.xPortSysTickHandler  port.o
    0x080045ec   0x080045ec   0x000000e0   Code   RO         3845    i.xQueueGenericCreateStatic  queue.o
    0x080046cc   0x080046cc   0x00000098   Code   RO         3846    i.xQueueGenericReset  queue.o
    0x08004764   0x08004764   0x000001a8   Code   RO         3847    i.xQueueGenericSend  queue.o
    0x0800490c   0x0800490c   0x000000fc   Code   RO         3848    i.xQueueGenericSendFromISR  queue.o
    0x08004a08   0x08004a08   0x00000168   Code   RO         3857    i.xQueueReceive     queue.o
    0x08004b70   0x08004b70   0x0000008c   Code   RO         4275    i.xTaskCheckForTimeOut  tasks.o
    0x08004bfc   0x08004bfc   0x00000064   Code   RO         4276    i.xTaskCreate       tasks.o
    0x08004c60   0x08004c60   0x000000ba   Code   RO         4277    i.xTaskCreateStatic  tasks.o
    0x08004d1a   0x08004d1a   0x00000002   PAD
    0x08004d1c   0x08004d1c   0x00000020   Code   RO         4281    i.xTaskGetSchedulerState  tasks.o
    0x08004d3c   0x08004d3c   0x0000000c   Code   RO         4282    i.xTaskGetTickCount  tasks.o
    0x08004d48   0x08004d48   0x00000144   Code   RO         4284    i.xTaskIncrementTick  tasks.o
    0x08004e8c   0x08004e8c   0x000000a4   Code   RO         4287    i.xTaskPriorityDisinherit  tasks.o
    0x08004f30   0x08004f30   0x00000098   Code   RO         4289    i.xTaskRemoveFromEventList  tasks.o
    0x08004fc8   0x08004fc8   0x00000104   Code   RO         4290    i.xTaskResumeAll    tasks.o
    0x080050cc   0x080050cc   0x00000078   Code   RO         4626    i.xTimerCreateTimerTask  timers.o
    0x08005144   0x08005144   0x00000084   Code   RO         4627    i.xTimerGenericCommand  timers.o
    0x080051c8   0x080051c8   0x0000000a   Code   RO         5660    x$fpl$fpinit        fz_wm.l(fpinit.o)
    0x080051d2   0x080051d2   0x00000002   PAD
    0x080051d4   0x080051d4   0x00000090   Data   RO          256    .constdata          freertos.o
    0x08005264   0x08005264   0x00000018   Data   RO         3619    .constdata          system_stm32f4xx.o
    0x0800527c   0x0800527c   0x0000002a   Data   RO          257    .conststring        freertos.o
    0x080052a6   0x080052a6   0x00000002   PAD
    0x080052a8   0x080052a8   0x00000020   Data   RO         5716    Region$$Table       anon$$obj.o


    Execution Region RW_IRAM1 (Exec base: 0x20000000, Load base: 0x080052c8, Size: 0x00005a50, Max: 0x0001c000, ABSOLUTE)

    Exec Addr    Load Addr    Size         Type   Attr      Idx    E Section Name        Object

    0x20000000   0x080052c8   0x00000010   Data   RW          258    .data               freertos.o
    0x20000010   0x080052d8   0x00000004   Data   RW          317    .data               can.o
    0x20000014   0x080052dc   0x00000003   Data   RW          667    .data               xipan_ctrl.o
    0x20000017   0x080052df   0x00000008   Data   RW         1052    .data               djmotor.o
    0x2000001f   0x080052e7   0x00000001   Data   RW         1149    .data               myostasks.o
    0x20000020   0x080052e8   0x00000009   Data   RW         3386    .data               stm32f4xx_hal.o
    0x20000029   0x080052f1   0x00000003   PAD
    0x2000002c   0x080052f4   0x00000004   Data   RW         3620    .data               system_stm32f4xx.o
    0x20000030   0x080052f8   0x0000003c   Data   RW         4293    .data               tasks.o
    0x2000006c   0x08005334   0x00000014   Data   RW         4635    .data               timers.o
    0x20000080   0x08005348   0x00000004   Data   RW         4872    .data               cmsis_os2.o
    0x20000084   0x0800534c   0x00000020   Data   RW         5331    .data               heap_4.o
    0x200000a4   0x0800536c   0x0000000c   Data   RW         5387    .data               port.o
    0x200000b0        -       0x00000050   Zero   RW          316    .bss                can.o
    0x20000100        -       0x00000048   Zero   RW          500    .bss                stm32f4xx_hal_timebase_tim.o
    0x20000148        -       0x000003d0   Zero   RW         1051    .bss                djmotor.o
    0x20000518        -       0x00000040   Zero   RW         3861    .bss                queue.o
    0x20000558        -       0x000004c4   Zero   RW         4292    .bss                tasks.o
    0x20000a1c        -       0x00000118   Zero   RW         4634    .bss                timers.o
    0x20000b34        -       0x000006b8   Zero   RW         4871    .bss                cmsis_os2.o
    0x200011ec        -       0x00003c00   Zero   RW         5330    .bss                heap_4.o
    0x20004dec        -       0x00000060   Zero   RW         5576    .bss                c_w.l(libspace.o)
    0x20004e4c   0x08005378   0x00000004   PAD
    0x20004e50        -       0x00000800   Zero   RW            2    HEAP                startup_stm32f405xx.o
    0x20005650        -       0x00000400   Zero   RW            1    STACK               startup_stm32f405xx.o


    Execution Region RW_IRAM2 (Exec base: 0x2001c000, Load base: 0x08005378, Size: 0x00000000, Max: 0x00004000, ABSOLUTE)

    **** No section assigned to this execution region ****


==============================================================================

Image component sizes


      Code (inc. data)   RO Data    RW Data    ZI Data      Debug   Object Name

       124         12          0          0          0       1053   beep.o
       712         44          0          4         80       2794   can.o
        92          8          0          0          0       1068   can_irqhandler.o
       430         38          0          4       1720      61743   cmsis_os2.o
      2486         86          0          8        976      12913   djmotor.o
         0          0          0          0          0      19576   event_groups.o
       108         48        186         16          0       1609   freertos.o
       176          8          0          0          0        999   gpio.o
       724         74          0         32      15360       5019   heap_4.o
        64          4          0          0          0        512   led.o
       148          0          0          0          0       3718   list.o
       270         20          0          0          0     660444   main.o
        10          0          0          0          0        989   mathfunc.o
       112         10          0          1          0       6110   myostasks.o
       298          6          0          0          0       2507   pid.o
      1014         92          0         12          0      11993   port.o
        48         12          0          0          0       1458   pump.o
      1922         20          0          0         64      17800   queue.o
        64         26        392          0       3072        864   startup_stm32f405xx.o
       136         24          0          9          0       8898   stm32f4xx_hal.o
      2144          4          0          0          0      14887   stm32f4xx_hal_can.o
       260         22          0          0          0      33710   stm32f4xx_hal_cortex.o
       512         46          0          0          0       2188   stm32f4xx_hal_gpio.o
        84          6          0          0          0        910   stm32f4xx_hal_msp.o
      1856         84          0          0          0       5878   stm32f4xx_hal_rcc.o
       868         76          0          0          0       6854   stm32f4xx_hal_tim.o
         4          0          0          0          0       1677   stm32f4xx_hal_tim_ex.o
       160         20          0          0         72       1511   stm32f4xx_hal_timebase_tim.o
       166         54          0          0          0       7706   stm32f4xx_it.o
        20          6         24          4          0       1207   system_stm32f4xx.o
      2808        346          0         60       1220      28146   tasks.o
      1318        124          0         20        280      33343   timers.o
       468         70          0          3          0      38770   xipan_ctrl.o

    ----------------------------------------------------------------------
     19624       1390        636        176      22844     998854   Object Totals
         0          0         32          0          0          0   (incl. Generated)
        18          0          2          3          0          0   (incl. Padding)

    ----------------------------------------------------------------------

      Code (inc. data)   RO Data    RW Data    ZI Data      Debug   Library Member Name

         8          0          0          0          0         68   __main.o
         0          0          0          0          0          0   __rtentry.o
        12          0          0          0          0          0   __rtentry2.o
         6          0          0          0          0          0   __rtentry4.o
        52          8          0          0          0          0   __scatter.o
        26          0          0          0          0          0   __scatter_copy.o
        28          0          0          0          0          0   __scatter_zi.o
        16          0          0          0          0         68   aeabi_memset.o
        18          0          0          0          0         80   exit.o
         6          0          0          0          0        152   heapauxi.o
         0          0          0          0          0          0   indicate_semi.o
         2          0          0          0          0          0   libinit.o
         6          0          0          0          0          0   libinit2.o
         2          0          0          0          0          0   libshutdown.o
         2          0          0          0          0          0   libshutdown2.o
         8          4          0          0         96         68   libspace.o
       238          0          0          0          0        100   lludivv7m.o
        68          0          0          0          0         68   rt_memclr.o
        78          0          0          0          0         80   rt_memclr_w.o
       138          0          0          0          0         68   rt_memcpy_v6.o
       100          0          0          0          0         80   rt_memcpy_w.o
         2          0          0          0          0          0   rtexit.o
        10          0          0          0          0          0   rtexit2.o
        12          4          0          0          0         68   sys_exit.o
        74          0          0          0          0         80   sys_stackheap_outer.o
         2          0          0          0          0         68   use_no_semi.o
        10          0          0          0          0        116   fpinit.o

    ----------------------------------------------------------------------
       932         16          0          0        100       1164   Library Totals
         8          0          0          0          4          0   (incl. Padding)

    ----------------------------------------------------------------------

      Code (inc. data)   RO Data    RW Data    ZI Data      Debug   Library Name

       914         16          0          0         96       1048   c_w.l
        10          0          0          0          0        116   fz_wm.l

    ----------------------------------------------------------------------
       932         16          0          0        100       1164   Library Totals

    ----------------------------------------------------------------------

==============================================================================


      Code (inc. data)   RO Data    RW Data    ZI Data      Debug   

     20556       1406        636        176      22944     982650   Grand Totals
     20556       1406        636        176      22944     982650   ELF Image Totals
     20556       1406        636        176          0          0   ROM Totals

==============================================================================

    Total RO  Size (Code + RO Data)                21192 (  20.70kB)
    Total RW  Size (RW Data + ZI Data)             23120 (  22.58kB)
    Total ROM Size (Code + RO Data + RW Data)      21368 (  20.87kB)

==============================================================================

