Component: ARM Compiler 5.06 update 5 (build 528) Tool: armlink [4d35e2]

==============================================================================

Section Cross References

    startup_stm32f405xx.o(STACK) refers (Special) to heapauxi.o(.text) for __use_two_region_memory
    startup_stm32f405xx.o(HEAP) refers (Special) to heapauxi.o(.text) for __use_two_region_memory
    startup_stm32f405xx.o(RESET) refers (Special) to heapauxi.o(.text) for __use_two_region_memory
    startup_stm32f405xx.o(RESET) refers to startup_stm32f405xx.o(STACK) for __initial_sp
    startup_stm32f405xx.o(RESET) refers to startup_stm32f405xx.o(.text) for Reset_Handler
    startup_stm32f405xx.o(RESET) refers to stm32f4xx_it.o(i.NMI_Handler) for NMI_Handler
    startup_stm32f405xx.o(RESET) refers to stm32f4xx_it.o(i.HardFault_Handler) for HardFault_Handler
    startup_stm32f405xx.o(RESET) refers to stm32f4xx_it.o(i.MemManage_Handler) for MemManage_Handler
    startup_stm32f405xx.o(RESET) refers to stm32f4xx_it.o(i.BusFault_Handler) for BusFault_Handler
    startup_stm32f405xx.o(RESET) refers to stm32f4xx_it.o(i.UsageFault_Handler) for UsageFault_Handler
    startup_stm32f405xx.o(RESET) refers to port.o(.emb_text) for SVC_Handler
    startup_stm32f405xx.o(RESET) refers to stm32f4xx_it.o(i.DebugMon_Handler) for DebugMon_Handler
    startup_stm32f405xx.o(RESET) refers to cmsis_os2.o(i.SysTick_Handler) for SysTick_Handler
    startup_stm32f405xx.o(RESET) refers to stm32f4xx_it.o(i.CAN1_TX_IRQHandler) for CAN1_TX_IRQHandler
    startup_stm32f405xx.o(RESET) refers to stm32f4xx_it.o(i.CAN1_RX0_IRQHandler) for CAN1_RX0_IRQHandler
    startup_stm32f405xx.o(RESET) refers to stm32f4xx_it.o(i.CAN1_RX1_IRQHandler) for CAN1_RX1_IRQHandler
    startup_stm32f405xx.o(RESET) refers to stm32f4xx_it.o(i.CAN1_SCE_IRQHandler) for CAN1_SCE_IRQHandler
    startup_stm32f405xx.o(RESET) refers to stm32f4xx_it.o(i.TIM1_UP_TIM10_IRQHandler) for TIM1_UP_TIM10_IRQHandler
    startup_stm32f405xx.o(RESET) refers to stm32f4xx_it.o(i.CAN2_TX_IRQHandler) for CAN2_TX_IRQHandler
    startup_stm32f405xx.o(RESET) refers to stm32f4xx_it.o(i.CAN2_RX0_IRQHandler) for CAN2_RX0_IRQHandler
    startup_stm32f405xx.o(RESET) refers to stm32f4xx_it.o(i.CAN2_RX1_IRQHandler) for CAN2_RX1_IRQHandler
    startup_stm32f405xx.o(RESET) refers to stm32f4xx_it.o(i.CAN2_SCE_IRQHandler) for CAN2_SCE_IRQHandler
    startup_stm32f405xx.o(.text) refers (Special) to heapauxi.o(.text) for __use_two_region_memory
    startup_stm32f405xx.o(.text) refers to system_stm32f4xx.o(i.SystemInit) for SystemInit
    startup_stm32f405xx.o(.text) refers to __main.o(!!!main) for __main
    startup_stm32f405xx.o(.text) refers to startup_stm32f405xx.o(HEAP) for Heap_Mem
    startup_stm32f405xx.o(.text) refers to startup_stm32f405xx.o(STACK) for Stack_Mem
    main.o(i.HAL_TIM_PeriodElapsedCallback) refers to stm32f4xx_hal.o(i.HAL_IncTick) for HAL_IncTick
    main.o(i.SystemClock_Config) refers to rt_memclr_w.o(.text) for __aeabi_memclr4
    main.o(i.SystemClock_Config) refers to stm32f4xx_hal_rcc.o(i.HAL_RCC_OscConfig) for HAL_RCC_OscConfig
    main.o(i.SystemClock_Config) refers to main.o(i.Error_Handler) for Error_Handler
    main.o(i.SystemClock_Config) refers to stm32f4xx_hal_rcc.o(i.HAL_RCC_ClockConfig) for HAL_RCC_ClockConfig
    main.o(i.main) refers to stm32f4xx_hal.o(i.HAL_Init) for HAL_Init
    main.o(i.main) refers to main.o(i.SystemClock_Config) for SystemClock_Config
    main.o(i.main) refers to gpio.o(i.MX_GPIO_Init) for MX_GPIO_Init
    main.o(i.main) refers to can.o(i.MX_CAN1_Init) for MX_CAN1_Init
    main.o(i.main) refers to can.o(i.MX_CAN2_Init) for MX_CAN2_Init
    main.o(i.main) refers to pump.o(i.pump_init) for pump_init
    main.o(i.main) refers to dj_motor.o(i.DJ_Init) for DJ_Init
    main.o(i.main) refers to dj_motor.o(i.DJ_CAN_Init) for DJ_CAN_Init
    main.o(i.main) refers to xipan_ctrl.o(i.Xipan_Init) for Xipan_Init
    main.o(i.main) refers to cmsis_os2.o(i.osKernelInitialize) for osKernelInitialize
    main.o(i.main) refers to freertos.o(i.MX_FREERTOS_Init) for MX_FREERTOS_Init
    main.o(i.main) refers to cmsis_os2.o(i.osKernelStart) for osKernelStart
    main.o(i.main) refers to dj_motor.o(.bss) for g_motor
    gpio.o(i.MX_GPIO_Init) refers to rt_memclr_w.o(.text) for __aeabi_memclr4
    gpio.o(i.MX_GPIO_Init) refers to stm32f4xx_hal_gpio.o(i.HAL_GPIO_WritePin) for HAL_GPIO_WritePin
    gpio.o(i.MX_GPIO_Init) refers to stm32f4xx_hal_gpio.o(i.HAL_GPIO_Init) for HAL_GPIO_Init
    freertos.o(i.BeepTask) refers to stm32f4xx_hal_gpio.o(i.HAL_GPIO_WritePin) for HAL_GPIO_WritePin
    freertos.o(i.BeepTask) refers to cmsis_os2.o(i.osDelay) for osDelay
    freertos.o(i.BeepTask) refers to freertos.o(.data) for g_beep_req
    freertos.o(i.Beep_Trigger) refers to freertos.o(.data) for g_beep_req
    freertos.o(i.LedTask) refers to stm32f4xx_hal_gpio.o(i.HAL_GPIO_WritePin) for HAL_GPIO_WritePin
    freertos.o(i.LedTask) refers to cmsis_os2.o(i.osDelay) for osDelay
[...]
    i.UsageFault_Handler                     0x0800265c   Section        0  stm32f4xx_it.o(i.UsageFault_Handler)
    i.Xipan_Init                             0x08002660   Section        0  xipan_ctrl.o(i.Xipan_Init)
    i.Xipan_OnCan                            0x080026a8   Section        0  xipan_ctrl.o(i.Xipan_OnCan)
    i.Xipan_StateMachine                     0x08002724   Section        0  xipan_ctrl.o(i.Xipan_StateMachine)
    i.__NVIC_GetPriorityGrouping             0x080027e8   Section        0  stm32f4xx_hal_cortex.o(i.__NVIC_GetPriorityGrouping)
    __NVIC_GetPriorityGrouping               0x080027e9   Thumb Code    10  stm32f4xx_hal_cortex.o(i.__NVIC_GetPriorityGrouping)
    i.__NVIC_SetPriority                     0x080027f8   Section        0  stm32f4xx_hal_cortex.o(i.__NVIC_SetPriority)
    __NVIC_SetPriority                       0x080027f9   Thumb Code    32  stm32f4xx_hal_cortex.o(i.__NVIC_SetPriority)
    i.__get_IPSR                             0x08002820   Section        0  cmsis_os2.o(i.__get_IPSR)
    __get_IPSR                               0x08002821   Thumb Code     6  cmsis_os2.o(i.__get_IPSR)
    i.angle_calc                             0x08002828   Section        0  dj_motor.o(i.angle_calc)
    angle_calc                               0x08002829   Thumb Code   236  dj_motor.o(i.angle_calc)
    i.clampf                                 0x0800291c   Section        0  pid.o(i.clampf)
    clampf                                   0x0800291d   Thumb Code    42  pid.o(i.clampf)
    i.main                                   0x08002948   Section        0  main.o(i.main)
    i.osDelay                                0x08002988   Section        0  cmsis_os2.o(i.osDelay)
    i.osKernelInitialize                     0x080029a8   Section        0  cmsis_os2.o(i.osKernelInitialize)
    i.osKernelStart                          0x080029d4   Section        0  cmsis_os2.o(i.osKernelStart)
    i.osThreadNew                            0x08002a34   Section        0  cmsis_os2.o(i.osThreadNew)
    i.pid_calculate                          0x08002aec   Section        0  pid.o(i.pid_calculate)
    i.pid_init                               0x08002c04   Section        0  pid.o(i.pid_init)
    i.pid_reset                              0x08002c44   Section        0  pid.o(i.pid_reset)
    i.pos_mode                               0x08002c64   Section        0  dj_motor.o(i.pos_mode)
    pos_mode                                 0x08002c65   Thumb Code   182  dj_motor.o(i.pos_mode)
    i.prvAddCurrentTaskToDelayedList         0x08002d20   Section        0  tasks.o(i.prvAddCurrentTaskToDelayedList)
    prvAddCurrentTaskToDelayedList           0x08002d21   Thumb Code   100  tasks.o(i.prvAddCurrentTaskToDelayedList)
    i.prvAddNewTaskToReadyList               0x08002d9c   Section        0  tasks.o(i.prvAddNewTaskToReadyList)
    prvAddNewTaskToReadyList                 0x08002d9d   Thumb Code   154  tasks.o(i.prvAddNewTaskToReadyList)
    i.prvCheckForValidListAndQueue           0x08002e54   Section        0  timers.o(i.prvCheckForValidListAndQueue)
    prvCheckForValidListAndQueue             0x08002e55   Thumb Code    78  timers.o(i.prvCheckForValidListAndQueue)
    i.prvCheckTasksWaitingTermination        0x08002ec8   Section        0  tasks.o(i.prvCheckTasksWaitingTermination)
    prvCheckTasksWaitingTermination          0x08002ec9   Thumb Code    60  tasks.o(i.prvCheckTasksWaitingTermination)
    i.prvCopyDataFromQueue                   0x08002f10   Section        0  queue.o(i.prvCopyDataFromQueue)
    prvCopyDataFromQueue                     0x08002f11   Thumb Code    42  queue.o(i.prvCopyDataFromQueue)
    i.prvCopyDataToQueue                     0x08002f3a   Section        0  queue.o(i.prvCopyDataToQueue)
    prvCopyDataToQueue                       0x08002f3b   Thumb Code   126  queue.o(i.prvCopyDataToQueue)
    i.prvDeleteTCB                           0x08002fb8   Section        0  tasks.o(i.prvDeleteTCB)
    prvDeleteTCB                             0x08002fb9   Thumb Code    80  tasks.o(i.prvDeleteTCB)
    i.prvGetNextExpireTime                   0x08003008   Section        0  timers.o(i.prvGetNextExpireTime)
    prvGetNextExpireTime                     0x08003009   Thumb Code    36  timers.o(i.prvGetNextExpireTime)
    i.prvHeapInit                            0x08003030   Section        0  heap_4.o(i.prvHeapInit)
    prvHeapInit                              0x08003031   Thumb Code    98  heap_4.o(i.prvHeapInit)
    i.prvIdleTask                            0x080030ac   Section        0  tasks.o(i.prvIdleTask)
    prvIdleTask                              0x080030ad   Thumb Code    32  tasks.o(i.prvIdleTask)
    i.prvInitialiseNewQueue                  0x080030d4   Section        0  queue.o(i.prvInitialiseNewQueue)
    prvInitialiseNewQueue                    0x080030d5   Thumb Code    42  queue.o(i.prvInitialiseNewQueue)
    i.prvInitialiseNewTask                   0x080030fe   Section        0  tasks.o(i.prvInitialiseNewTask)
    prvInitialiseNewTask                     0x080030ff   Thumb Code   190  tasks.o(i.prvInitialiseNewTask)
    i.prvInitialiseTaskLists                 0x080031bc   Section        0  tasks.o(i.prvInitialiseTaskLists)
    prvInitialiseTaskLists                   0x080031bd   Thumb Code    70  tasks.o(i.prvInitialiseTaskLists)
    i.prvInsertBlockIntoFreeList             0x08003224   Section        0  heap_4.o(i.prvInsertBlockIntoFreeList)
    prvInsertBlockIntoFreeList               0x08003225   Thumb Code    96  heap_4.o(i.prvInsertBlockIntoFreeList)
    i.prvInsertTimerInActiveList             0x0800328c   Section        0  timers.o(i.prvInsertTimerInActiveList)
    prvInsertTimerInActiveList               0x0800328d   Thumb Code    80  timers.o(i.prvInsertTimerInActiveList)
    i.prvIsQueueEmpty                        0x080032e4   Section        0  queue.o(i.prvIsQueueEmpty)
    prvIsQueueEmpty                          0x080032e5   Thumb Code    26  queue.o(i.prvIsQueueEmpty)
    i.prvIsQueueFull                         0x080032fe   Section        0  queue.o(i.prvIsQueueFull)
    prvIsQueueFull                           0x080032ff   Thumb Code    30  queue.o(i.prvIsQueueFull)
    i.prvProcessExpiredTimer                 0x0800331c   Section        0  timers.o(i.prvProcessExpiredTimer)
    prvProcessExpiredTimer                   0x0800331d   Thumb Code   110  timers.o(i.prvProcessExpiredTimer)
    i.prvProcessReceivedCommands             0x08003390   Section        0  timers.o(i.prvProcessReceivedCommands)
    prvProcessReceivedCommands               0x08003391   Thumb Code   350  timers.o(i.prvProcessReceivedCommands)
    i.prvProcessTimerOrBlockTask             0x080034f4   Section        0  timers.o(i.prvProcessTimerOrBlockTask)
    prvProcessTimerOrBlockTask               0x080034f5   Thumb Code   102  timers.o(i.prvProcessTimerOrBlockTask)
    i.prvResetNextTaskUnblockTime            0x08003568   Section        0  tasks.o(i.prvResetNextTaskUnblockTime)
    prvResetNextTaskUnblockTime              0x08003569   Thumb Code    42  tasks.o(i.prvResetNextTaskUnblockTime)
    i.prvSampleTimeNow                       0x0800359c   Section        0  timers.o(i.prvSampleTimeNow)
    prvSampleTimeNow                         0x0800359d   Thumb Code    40  timers.o(i.prvSampleTimeNow)
    i.prvSwitchTimerLists                    0x080035c8   Section        0  timers.o(i.prvSwitchTimerLists)
    prvSwitchTimerLists                      0x080035c9   Thumb Code   154  timers.o(i.prvSwitchTimerLists)
    i.prvTaskExitError                       0x0800366c   Section        0  port.o(i.prvTaskExitError)
    prvTaskExitError                         0x0800366d   Thumb Code    60  port.o(i.prvTaskExitError)
    i.prvTimerTask                           0x080036ac   Section        0  timers.o(i.prvTimerTask)
    prvTimerTask                             0x080036ad   Thumb Code    26  timers.o(i.prvTimerTask)
    i.prvUnlockQueue                         0x080036c6   Section        0  queue.o(i.prvUnlockQueue)
    prvUnlockQueue                           0x080036c7   Thumb Code   126  queue.o(i.prvUnlockQueue)
    i.pump_init                              0x08003744   Section        0  pump.o(i.pump_init)
    i.pump_off                               0x0800374c   Section        0  pump.o(i.pump_off)
    i.pump_set                               0x08003760   Section        0  pump.o(i.pump_set)
    i.pvPortMalloc                           0x08003774   Section        0  heap_4.o(i.pvPortMalloc)
    i.pxPortInitialiseStack                  0x080038c0   Section        0  port.o(i.pxPortInitialiseStack)
    i.rpm_mode                               0x080038ec   Section        0  dj_motor.o(i.rpm_mode)
    rpm_mode                                 0x080038ed   Thumb Code   142  dj_motor.o(i.rpm_mode)
    i.switch_mode                            0x0800397a   Section        0  dj_motor.o(i.switch_mode)
    switch_mode                              0x0800397b   Thumb Code    50  dj_motor.o(i.switch_mode)
    i.transmit                               0x080039ac   Section        0  dj_motor.o(i.transmit)
    transmit                                 0x080039ad   Thumb Code   128  dj_motor.o(i.transmit)
    i.uxListRemove                           0x08003a30   Section        0  list.o(i.uxListRemove)
    i.vApplicationGetIdleTaskMemory          0x08003a58   Section        0  cmsis_os2.o(i.vApplicationGetIdleTaskMemory)
    i.vApplicationGetTimerTaskMemory         0x08003a70   Section        0  cmsis_os2.o(i.vApplicationGetTimerTaskMemory)
    i.vListInitialise                        0x08003a88   Section        0  list.o(i.vListInitialise)
    i.vListInitialiseItem                    0x08003aa2   Section        0  list.o(i.vListInitialiseItem)
    i.vListInsert                            0x08003aa8   Section        0  list.o(i.vListInsert)
    i.vListInsertEnd                         0x08003adc   Section        0  list.o(i.vListInsertEnd)
    i.vPortEnterCritical                     0x08003af4   Section        0  port.o(i.vPortEnterCritical)
    i.vPortExitCritical                      0x08003b48   Section        0  port.o(i.vPortExitCritical)
    i.vPortFree                              0x08003b84   Section        0  heap_4.o(i.vPortFree)
    i.vPortSetupTimerInterrupt               0x08003c28   Section        0  port.o(i.vPortSetupTimerInterrupt)
    i.vPortValidateInterruptPriority         0x08003c50   Section        0  port.o(i.vPortValidateInterruptPriority)
    i.vQueueAddToRegistry                    0x08003cc8   Section        0  queue.o(i.vQueueAddToRegistry)
    i.vQueueWaitForMessageRestricted         0x08003cf4   Section        0  queue.o(i.vQueueWaitForMessageRestricted)
    i.vTaskDelay                             0x08003d40   Section        0  tasks.o(i.vTaskDelay)
    i.vTaskInternalSetTimeOutState           0x08003d9c   Section        0  tasks.o(i.vTaskInternalSetTimeOutState)
    i.vTaskMissedYield                       0x08003db4   Section        0  tasks.o(i.vTaskMissedYield)
    i.vTaskPlaceOnEventList                  0x08003dc0   Section        0  tasks.o(i.vTaskPlaceOnEventList)
    i.vTaskPlaceOnEventListRestricted        0x08003df8   Section        0  tasks.o(i.vTaskPlaceOnEventListRestricted)
    i.vTaskStartScheduler                    0x08003e38   Section        0  tasks.o(i.vTaskStartScheduler)
    i.vTaskSuspendAll                        0x08003ef0   Section        0  tasks.o(i.vTaskSuspendAll)
    i.vTaskSwitchContext                     0x08003f00   Section        0  tasks.o(i.vTaskSwitchContext)
    i.xPortStartScheduler                    0x08003f90   Section        0  port.o(i.xPortStartScheduler)
    i.xPortSysTickHandler                    0x080040f8   Section        0  port.o(i.xPortSysTickHandler)
    i.xQueueGenericCreateStatic              0x0800412c   Section        0  queue.o(i.xQueueGenericCreateStatic)
    i.xQueueGenericReset                     0x0800420c   Section        0  queue.o(i.xQueueGenericReset)
    i.xQueueGenericSend                      0x080042a4   Section        0  queue.o(i.xQueueGenericSend)
    i.xQueueGenericSendFromISR               0x0800444c   Section        0  queue.o(i.xQueueGenericSendFromISR)
    i.xQueueReceive                          0x08004548   Section        0  queue.o(i.xQueueReceive)
    i.xTaskCheckForTimeOut                   0x080046b0   Section        0  tasks.o(i.xTaskCheckForTimeOut)
    i.xTaskCreate                            0x0800473c   Section        0  tasks.o(i.xTaskCreate)
    i.xTaskCreateStatic                      0x080047a0   Section        0  tasks.o(i.xTaskCreateStatic)
    i.xTaskGetSchedulerState                 0x0800485c   Section        0  tasks.o(i.xTaskGetSchedulerState)
    i.xTaskGetTickCount                      0x0800487c   Section        0  tasks.o(i.xTaskGetTickCount)
    i.xTaskIncrementTick                     0x08004888   Section        0  tasks.o(i.xTaskIncrementTick)
    i.xTaskPriorityDisinherit                0x080049cc   Section        0  tasks.o(i.xTaskPriorityDisinherit)
    i.xTaskRemoveFromEventList               0x08004a70   Section        0  tasks.o(i.xTaskRemoveFromEventList)
    i.xTaskResumeAll                         0x08004b08   Section        0  tasks.o(i.xTaskResumeAll)
    i.xTimerCreateTimerTask                  0x08004c0c   Section        0  timers.o(i.xTimerCreateTimerTask)
    i.xTimerGenericCommand                   0x08004c84   Section        0  timers.o(i.xTimerGenericCommand)
    x$fpl$fpinit                             0x08004d08   Section       10  fpinit.o(x$fpl$fpinit)
    $v0                                      0x08004d08   Number         0  fpinit.o(x$fpl$fpinit)
    .constdata                               0x08004d14   Section      144  freertos.o(.constdata)
    .constdata                               0x08004da4   Section       24  system_stm32f4xx.o(.constdata)
    .conststring                             0x08004dbc   Section       42  freertos.o(.conststring)
    .data                                    0x20000000   Section       20  freertos.o(.data)
    g_beep_req                               0x20000000   Data           1  freertos.o(.data)
    .data                                    0x20000014   Section        4  can.o(.data)
    HAL_RCC_CAN1_CLK_ENABLED                 0x20000014   Data           4  can.o(.data)
    .data                                    0x20000018   Section        9  stm32f4xx_hal.o(.data)
    .data                                    0x20000024   Section        4  system_stm32f4xx.o(.data)
    .data                                    0x20000028   Section       60  tasks.o(.data)
    pxDelayedTaskList                        0x2000002c   Data           4  tasks.o(.data)
    pxOverflowDelayedTaskList                0x20000030   Data           4  tasks.o(.data)
    uxDeletedTasksWaitingCleanUp             0x20000034   Data           4  tasks.o(.data)
    uxCurrentNumberOfTasks                   0x20000038   Data           4  tasks.o(.data)
    xTickCount                               0x2000003c   Data           4  tasks.o(.data)
    uxTopReadyPriority                       0x20000040   Data           4  tasks.o(.data)
    xSchedulerRunning                        0x20000044   Data           4  tasks.o(.data)
    xPendedTicks                             0x20000048   Data           4  tasks.o(.data)
    xYieldPending                            0x2000004c   Data           4  tasks.o(.data)
    xNumOfOverflows                          0x20000050   Data           4  tasks.o(.data)
    uxTaskNumber                             0x20000054   Data           4  tasks.o(.data)
    xNextTaskUnblockTime                     0x20000058   Data           4  tasks.o(.data)
    xIdleTaskHandle                          0x2000005c   Data           4  tasks.o(.data)
    uxSchedulerSuspended                     0x20000060   Data           4  tasks.o(.data)
    .data                                    0x20000064   Section       20  timers.o(.data)
    pxCurrentTimerList                       0x20000064   Data           4  timers.o(.data)
    pxOverflowTimerList                      0x20000068   Data           4  timers.o(.data)
    xTimerQueue                              0x2000006c   Data           4  timers.o(.data)
    xTimerTaskHandle                         0x20000070   Data           4  timers.o(.data)
    xLastTime                                0x20000074   Data           4  timers.o(.data)
    .data                                    0x20000078   Section        4  cmsis_os2.o(.data)
    KernelState                              0x20000078   Data           4  cmsis_os2.o(.data)
    .data                                    0x2000007c   Section       32  heap_4.o(.data)
    xStart                                   0x2000007c   Data           8  heap_4.o(.data)
    pxEnd                                    0x20000084   Data           4  heap_4.o(.data)
    xFreeBytesRemaining                      0x20000088   Data           4  heap_4.o(.data)
    xMinimumEverFreeBytesRemaining           0x2000008c   Data           4  heap_4.o(.data)
    xNumberOfSuccessfulAllocations           0x20000090   Data           4  heap_4.o(.data)
    xNumberOfSuccessfulFrees                 0x20000094   Data           4  heap_4.o(.data)
    xBlockAllocatedBit                       0x20000098   Data           4  heap_4.o(.data)
    .data                                    0x2000009c   Section       12  port.o(.data)
    uxCriticalNesting                        0x2000009c   Data           4  port.o(.data)
    ucMaxSysCallPriority                     0x200000a0   Data           1  port.o(.data)
    ulMaxPRIGROUPValue                       0x200000a4   Data           4  port.o(.data)
    .data                                    0x200000a8   Section        3  xipan_ctrl.o(.data)
    g_enable                                 0x200000a8   Data           1  xipan_ctrl.o(.data)
    g_cmd                                    0x200000a9   Data           1  xipan_ctrl.o(.data)
    g_pump                                   0x200000aa   Data           1  xipan_ctrl.o(.data)
    .bss                                     0x200000ac   Section       80  can.o(.bss)
    .bss                                     0x200000fc   Section       72  stm32f4xx_hal_timebase_tim.o(.bss)
    .bss                                     0x20000144   Section      216  dj_motor.o(.bss)
    .bss                                     0x2000021c   Section       64  queue.o(.bss)
    .bss                                     0x2000025c   Section     1220  tasks.o(.bss)
    pxReadyTasksLists                        0x2000025c   Data        1120  tasks.o(.bss)
    xDelayedTaskList1                        0x200006bc   Data          20  tasks.o(.bss)
    xDelayedTaskList2                        0x200006d0   Data          20  tasks.o(.bss)
    xPendingReadyList                        0x200006e4   Data          20  tasks.o(.bss)
    xTasksWaitingTermination                 0x200006f8   Data          20  tasks.o(.bss)
    xSuspendedTaskList                       0x2000070c   Data          20  tasks.o(.bss)
    .bss                                     0x20000720   Section      280  timers.o(.bss)
    xActiveTimerList1                        0x20000720   Data          20  timers.o(.bss)
    xActiveTimerList2                        0x20000734   Data          20  timers.o(.bss)
    xStaticTimerQueue                        0x20000748   Data          80  timers.o(.bss)
    ucStaticTimerQueueStorage                0x20000798   Data         160  timers.o(.bss)
    .bss                                     0x20000838   Section     1720  cmsis_os2.o(.bss)
    Idle_TCB                                 0x20000838   Data          92  cmsis_os2.o(.bss)
    Idle_Stack                               0x20000894   Data         512  cmsis_os2.o(.bss)
    Timer_TCB                                0x20000a94   Data          92  cmsis_os2.o(.bss)
    Timer_Stack                              0x20000af0   Data        1024  cmsis_os2.o(.bss)
    .bss                                     0x20000ef0   Section    15360  heap_4.o(.bss)
    ucHeap                                   0x20000ef0   Data       15360  heap_4.o(.bss)
    .bss                                     0x20004af0   Section       96  libspace.o(.bss)
    HEAP                                     0x20004b50   Section     2048  startup_stm32f405xx.o(HEAP)
    Heap_Mem                                 0x20004b50   Data        2048  startup_stm32f405xx.o(HEAP)
    STACK                                    0x20005350   Section     1024  startup_stm32f405xx.o(STACK)
    Stack_Mem                                0x20005350   Data        1024  startup_stm32f405xx.o(STACK)
    __initial_sp                             0x20005750   Data           0  startup_stm32f405xx.o(STACK)

    Global Symbols

    Symbol Name                              Value     Ov Type        Size  Object(Section)

    BuildAttributes$$THM_ISAv4$E$P$D$K$B$S$7EM$VFPi3$EXTD16$VFPS$VFMA$PE$A:L22UL41UL21$X:L11$S22US41US21$IEEE1$IW$USESV6$~STKCKD$USESV7$~SHL$OSPACE$ROPI$EBA8$UX$STANDARDLIB$REQ8$PRES8$EABIv2 0x00000000   Number         0  anon$$obj.o ABSOLUTE
    __ARM_use_no_argv                        0x00000000   Number         0  main.o ABSOLUTE
    __ARM_exceptions_init                     - Undefined Weak Reference
    __alloca_initialize                       - Undefined Weak Reference
    __arm_preinit_                            - Undefined Weak Reference
    __cpp_initialize__aeabi_                  - Undefined Weak Reference
    __cxa_finalize                            - Undefined Weak Reference
    __rt_locale                               - Undefined Weak Reference
    __sigvec_lookup                           - Undefined Weak Reference
    _atexit_init                              - Undefined Weak Reference
    _call_atexit_fns                          - Undefined Weak Reference
    _clock_init                               - Undefined Weak Reference
    _fp_trap_init                             - Undefined Weak Reference
    _fp_trap_shutdown                         - Undefined Weak Reference
    _get_lc_collate                           - Undefined Weak Reference
    _get_lc_ctype                             - Undefined Weak Reference
    _get_lc_monetary                          - Undefined Weak Reference
    _get_lc_numeric                           - Undefined Weak Reference
    _get_lc_time                              - Undefined Weak Reference
    _getenv_init                              - Undefined Weak Reference
    _handle_redirection                       - Undefined Weak Reference
    _init_alloc                               - Undefined Weak Reference
    _init_user_alloc                          - Undefined Weak Reference
    _initio                                   - Undefined Weak Reference
    _rand_init                                - Undefined Weak Reference
    _signal_finish                            - Undefined Weak Reference
    _signal_init                              - Undefined Weak Reference
    _terminate_alloc                          - Undefined Weak Reference
    _terminate_user_alloc                     - Undefined Weak Reference
    _terminateio                              - Undefined Weak Reference
    __Vectors_Size                           0x00000188   Number         0  startup_stm32f405xx.o ABSOLUTE
    __Vectors                                0x08000000   Data           4  startup_stm32f405xx.o(RESET)
    __Vectors_End                            0x08000188   Data           0  startup_stm32f405xx.o(RESET)
    __main                                   0x08000189   Thumb Code     8  __main.o(!!!main)
    __scatterload                            0x08000191   Thumb Code     0  __scatter.o(!!!scatter)
    __scatterload_rt2                        0x08000191   Thumb Code    44  __scatter.o(!!!scatter)
    __scatterload_rt2_thumb_only             0x08000191   Thumb Code     0  __scatter.o(!!!scatter)
    __scatterload_null                       0x0800019f   Thumb Code     0  __scatter.o(!!!scatter)
    __scatterload_copy                       0x080001c5   Thumb Code    26  __scatter_copy.o(!!handler_copy)
    __scatterload_zeroinit                   0x080001e1   Thumb Code    28  __scatter_zi.o(!!handler_zi)
    __rt_lib_init                            0x080001fd   Thumb Code     0  libinit.o(.ARM.Collect$$libinit$$00000000)
    __rt_lib_init_fp_1                       0x080001ff   Thumb Code     0  libinit2.o(.ARM.Collect$$libinit$$00000001)
    __rt_lib_init_alloca_1                   0x08000203   Thumb Code     0  libinit2.o(.ARM.Collect$$libinit$$0000002E)
    __rt_lib_init_argv_1                     0x08000203   Thumb Code     0  libinit2.o(.ARM.Collect$$libinit$$0000002C)
    __rt_lib_init_atexit_1                   0x08000203   Thumb Code     0  libinit2.o(.ARM.Collect$$libinit$$0000001B)
    __rt_lib_init_clock_1                    0x08000203   Thumb Code     0  libinit2.o(.ARM.Collect$$libinit$$00000021)
    __rt_lib_init_cpp_1                      0x08000203   Thumb Code     0  libinit2.o(.ARM.Collect$$libinit$$00000032)
    __rt_lib_init_exceptions_1               0x08000203   Thumb Code     0  libinit2.o(.ARM.Collect$$libinit$$00000030)
    __rt_lib_init_fp_trap_1                  0x08000203   Thumb Code     0  libinit2.o(.ARM.Collect$$libinit$$0000001F)
    __rt_lib_init_getenv_1                   0x08000203   Thumb Code     0  libinit2.o(.ARM.Collect$$libinit$$00000023)
    __rt_lib_init_heap_1                     0x08000203   Thumb Code     0  libinit2.o(.ARM.Collect$$libinit$$0000000A)
    __rt_lib_init_lc_collate_1               0x08000203   Thumb Code     0  libinit2.o(.ARM.Collect$$libinit$$00000011)
    __rt_lib_init_lc_ctype_1                 0x08000203   Thumb Code     0  libinit2.o(.ARM.Collect$$libinit$$00000013)
    __rt_lib_init_lc_monetary_1              0x08000203   Thumb Code     0  libinit2.o(.ARM.Collect$$libinit$$00000015)
    __rt_lib_init_lc_numeric_1               0x08000203   Thumb Code     0  libinit2.o(.ARM.Collect$$libinit$$00000017)
    __rt_lib_init_lc_time_1                  0x08000203   Thumb Code     0  libinit2.o(.ARM.Collect$$libinit$$00000019)
    __rt_lib_init_preinit_1                  0x08000203   Thumb Code     0  libinit2.o(.ARM.Collect$$libinit$$00000004)
    __rt_lib_init_rand_1                     0x08000203   Thumb Code     0  libinit2.o(.ARM.Collect$$libinit$$0000000E)
    __rt_lib_init_return                     0x08000203   Thumb Code     0  libinit2.o(.ARM.Collect$$libinit$$00000033)
    __rt_lib_init_signal_1                   0x08000203   Thumb Code     0  libinit2.o(.ARM.Collect$$libinit$$0000001D)
    __rt_lib_init_stdio_1                    0x08000203   Thumb Code     0  libinit2.o(.ARM.Collect$$libinit$$00000025)
    __rt_lib_init_user_alloc_1               0x08000203   Thumb Code     0  libinit2.o(.ARM.Collect$$libinit$$0000000C)
    __rt_lib_shutdown                        0x08000205   Thumb Code     0  libshutdown.o(.ARM.Collect$$libshutdown$$00000000)
    __rt_lib_shutdown_cpp_1                  0x08000207   Thumb Code     0  libshutdown2.o(.ARM.Collect$$libshutdown$$00000002)
    __rt_lib_shutdown_fp_trap_1              0x08000207   Thumb Code     0  libshutdown2.o(.ARM.Collect$$libshutdown$$00000007)
    __rt_lib_shutdown_heap_1                 0x08000207   Thumb Code     0  libshutdown2.o(.ARM.Collect$$libshutdown$$0000000F)
    __rt_lib_shutdown_return                 0x08000207   Thumb Code     0  libshutdown2.o(.ARM.Collect$$libshutdown$$00000010)
    __rt_lib_shutdown_signal_1               0x08000207   Thumb Code     0  libshutdown2.o(.ARM.Collect$$libshutdown$$0000000A)
    __rt_lib_shutdown_stdio_1                0x08000207   Thumb Code     0  libshutdown2.o(.ARM.Collect$$libshutdown$$00000004)
    __rt_lib_shutdown_user_alloc_1           0x08000207   Thumb Code     0  libshutdown2.o(.ARM.Collect$$libshutdown$$0000000C)
    __rt_entry                               0x08000209   Thumb Code     0  __rtentry.o(.ARM.Collect$$rtentry$$00000000)
    __rt_entry_presh_1                       0x08000209   Thumb Code     0  __rtentry2.o(.ARM.Collect$$rtentry$$00000002)
    __rt_entry_sh                            0x08000209   Thumb Code     0  __rtentry4.o(.ARM.Collect$$rtentry$$00000004)
    __rt_entry_li                            0x0800020f   Thumb Code     0  __rtentry2.o(.ARM.Collect$$rtentry$$0000000A)
    __rt_entry_postsh_1                      0x0800020f   Thumb Code     0  __rtentry2.o(.ARM.Collect$$rtentry$$00000009)
    __rt_entry_main                          0x08000213   Thumb Code     0  __rtentry2.o(.ARM.Collect$$rtentry$$0000000D)
    __rt_entry_postli_1                      0x08000213   Thumb Code     0  __rtentry2.o(.ARM.Collect$$rtentry$$0000000C)
    __rt_exit                                0x0800021b   Thumb Code     0  rtexit.o(.ARM.Collect$$rtexit$$00000000)
    __rt_exit_ls                             0x0800021d   Thumb Code     0  rtexit2.o(.ARM.Collect$$rtexit$$00000003)
    __rt_exit_prels_1                        0x0800021d   Thumb Code     0  rtexit2.o(.ARM.Collect$$rtexit$$00000002)
    __rt_exit_exit                           0x08000221   Thumb Code     0  rtexit2.o(.ARM.Collect$$rtexit$$00000004)
    SVC_Handler                              0x08000229   Thumb Code    28  port.o(.emb_text)
    __asm___6_port_c_39a90d8d__prvStartFirstTask 0x08000249   Thumb Code    36  port.o(.emb_text)
    __asm___6_port_c_39a90d8d__prvEnableVFP  0x08000271   Thumb Code    16  port.o(.emb_text)
    PendSV_Handler                           0x08000285   Thumb Code    88  port.o(.emb_text)
    vPortGetIPSR                             0x080002e1   Thumb Code     6  port.o(.emb_text)
    Reset_Handler                            0x080002e9   Thumb Code     8  startup_stm32f405xx.o(.text)
    ADC_IRQHandler                           0x08000303   Thumb Code     0  startup_stm32f405xx.o(.text)
    DMA1_Stream0_IRQHandler                  0x08000303   Thumb Code     0  startup_stm32f405xx.o(.text)
    DMA1_Stream1_IRQHandler                  0x08000303   Thumb Code     0  startup_stm32f405xx.o(.text)
    DMA1_Stream2_IRQHandler                  0x08000303   Thumb Code     0  startup_stm32f405xx.o(.text)
    DMA1_Stream3_IRQHandler                  0x08000303   Thumb Code     0  startup_stm32f405xx.o(.text)
    DMA1_Stream4_IRQHandler                  0x08000303   Thumb Code     0  startup_stm32f405xx.o(.text)
    DMA1_Stream5_IRQHandler                  0x08000303   Thumb Code     0  startup_stm32f405xx.o(.text)
    DMA1_Stream6_IRQHandler                  0x08000303   Thumb Code     0  startup_stm32f405xx.o(.text)
    DMA1_Stream7_IRQHandler                  0x08000303   Thumb Code     0  startup_stm32f405xx.o(.text)
    DMA2_Stream0_IRQHandler                  0x08000303   Thumb Code     0  startup_stm32f405xx.o(.text)
    DMA2_Stream1_IRQHandler                  0x08000303   Thumb Code     0  startup_stm32f405xx.o(.text)
    DMA2_Stream2_IRQHandler                  0x08000303   Thumb Code     0  startup_stm32f405xx.o(.text)
    DMA2_Stream3_IRQHandler                  0x08000303   Thumb Code     0  startup_stm32f405xx.o(.text)
    DMA2_Stream4_IRQHandler                  0x08000303   Thumb Code     0  startup_stm32f405xx.o(.text)
    DMA2_Stream5_IRQHandler                  0x08000303   Thumb Code     0  startup_stm32f405xx.o(.text)
    DMA2_Stream6_IRQHandler                  0x08000303   Thumb Code     0  startup_stm32f405xx.o(.text)
    DMA2_Stream7_IRQHandler                  0x08000303   Thumb Code     0  startup_stm32f405xx.o(.text)
    EXTI0_IRQHandler                         0x08000303   Thumb Code     0  startup_stm32f405xx.o(.text)
    EXTI15_10_IRQHandler                     0x08000303   Thumb Code     0  startup_stm32f405xx.o(.text)
    EXTI1_IRQHandler                         0x08000303   Thumb Code     0  startup_stm32f405xx.o(.text)
    EXTI2_IRQHandler                         0x08000303   Thumb Code     0  startup_stm32f405xx.o(.text)
    EXTI3_IRQHandler                         0x08000303   Thumb Code     0  startup_stm32f405xx.o(.text)
    EXTI4_IRQHandler                         0x08000303   Thumb Code     0  startup_stm32f405xx.o(.text)
    EXTI9_5_IRQHandler                       0x08000303   Thumb Code     0  startup_stm32f405xx.o(.text)
    FLASH_IRQHandler                         0x08000303   Thumb Code     0  startup_stm32f405xx.o(.text)
    FMC_IRQHandler                           0x08000303   Thumb Code     0  startup_stm32f405xx.o(.text)
    FPU_IRQHandler                           0x08000303   Thumb Code     0  startup_stm32f405xx.o(.text)
    HASH_RNG_IRQHandler                      0x08000303   Thumb Code     0  startup_stm32f405xx.o(.text)
    I2C1_ER_IRQHandler                       0x08000303   Thumb Code     0  startup_stm32f405xx.o(.text)
    I2C1_EV_IRQHandler                       0x08000303   Thumb Code     0  startup_stm32f405xx.o(.text)
    I2C2_ER_IRQHandler                       0x08000303   Thumb Code     0  startup_stm32f405xx.o(.text)
    I2C2_EV_IRQHandler                       0x08000303   Thumb Code     0  startup_stm32f405xx.o(.text)
    I2C3_ER_IRQHandler                       0x08000303   Thumb Code     0  startup_stm32f405xx.o(.text)
    I2C3_EV_IRQHandler                       0x08000303   Thumb Code     0  startup_stm32f405xx.o(.text)
    OTG_FS_IRQHandler                        0x08000303   Thumb Code     0  startup_stm32f405xx.o(.text)
    OTG_FS_WKUP_IRQHandler                   0x08000303   Thumb Code     0  startup_stm32f405xx.o(.text)
    OTG_HS_EP1_IN_IRQHandler                 0x08000303   Thumb Code     0  startup_stm32f405xx.o(.text)
    OTG_HS_EP1_OUT_IRQHandler                0x08000303   Thumb Code     0  startup_stm32f405xx.o(.text)
    OTG_HS_IRQHandler                        0x08000303   Thumb Code     0  startup_stm32f405xx.o(.text)
    OTG_HS_WKUP_IRQHandler                   0x08000303   Thumb Code     0  startup_stm32f405xx.o(.text)
    PVD_IRQHandler                           0x08000303   Thumb Code     0  startup_stm32f405xx.o(.text)
    RCC_IRQHandler                           0x08000303   Thumb Code     0  startup_stm32f405xx.o(.text)
    RTC_Alarm_IRQHandler                     0x08000303   Thumb Code     0  startup_stm32f405xx.o(.text)
    RTC_WKUP_IRQHandler                      0x08000303   Thumb Code     0  startup_stm32f405xx.o(.text)
    SDIO_IRQHandler                          0x08000303   Thumb Code     0  startup_stm32f405xx.o(.text)
    SPI1_IRQHandler                          0x08000303   Thumb Code     0  startup_stm32f405xx.o(.text)
    SPI2_IRQHandler                          0x08000303   Thumb Code     0  startup_stm32f405xx.o(.text)
    SPI3_IRQHandler                          0x08000303   Thumb Code     0  startup_stm32f405xx.o(.text)
    TAMP_STAMP_IRQHandler                    0x08000303   Thumb Code     0  startup_stm32f405xx.o(.text)
    TIM1_BRK_TIM9_IRQHandler                 0x08000303   Thumb Code     0  startup_stm32f405xx.o(.text)
    TIM1_CC_IRQHandler                       0x08000303   Thumb Code     0  startup_stm32f405xx.o(.text)
    TIM1_TRG_COM_TIM11_IRQHandler            0x08000303   Thumb Code     0  startup_stm32f405xx.o(.text)
    TIM2_IRQHandler                          0x08000303   Thumb Code     0  startup_stm32f405xx.o(.text)
    TIM3_IRQHandler                          0x08000303   Thumb Code     0  startup_stm32f405xx.o(.text)
    TIM4_IRQHandler                          0x08000303   Thumb Code     0  startup_stm32f405xx.o(.text)
    TIM5_IRQHandler                          0x08000303   Thumb Code     0  startup_stm32f405xx.o(.text)
    TIM6_DAC_IRQHandler                      0x08000303   Thumb Code     0  startup_stm32f405xx.o(.text)
    TIM7_IRQHandler                          0x08000303   Thumb Code     0  startup_stm32f405xx.o(.text)
    TIM8_BRK_TIM12_IRQHandler                0x08000303   Thumb Code     0  startup_stm32f405xx.o(.text)
    TIM8_CC_IRQHandler                       0x08000303   Thumb Code     0  startup_stm32f405xx.o(.text)
    TIM8_TRG_COM_TIM14_IRQHandler            0x08000303   Thumb Code     0  startup_stm32f405xx.o(.text)
    TIM8_UP_TIM13_IRQHandler                 0x08000303   Thumb Code     0  startup_stm32f405xx.o(.text)
    UART4_IRQHandler                         0x08000303   Thumb Code     0  startup_stm32f405xx.o(.text)
    UART5_IRQHandler                         0x08000303   Thumb Code     0  startup_stm32f405xx.o(.text)
    USART1_IRQHandler                        0x08000303   Thumb Code     0  startup_stm32f405xx.o(.text)
    USART2_IRQHandler                        0x08000303   Thumb Code     0  startup_stm32f405xx.o(.text)
    USART3_IRQHandler                        0x08000303   Thumb Code     0  startup_stm32f405xx.o(.text)
    USART6_IRQHandler                        0x08000303   Thumb Code     0  startup_stm32f405xx.o(.text)
    WWDG_IRQHandler                          0x08000303   Thumb Code     0  startup_stm32f405xx.o(.text)
    __user_initial_stackheap                 0x08000305   Thumb Code     0  startup_stm32f405xx.o(.text)
    __aeabi_uldivmod                         0x08000329   Thumb Code     0  lludivv7m.o(.text)
    _ll_udiv                                 0x08000329   Thumb Code   238  lludivv7m.o(.text)
    __aeabi_memcpy                           0x08000417   Thumb Code     0  rt_memcpy_v6.o(.text)
    __rt_memcpy                              0x08000417   Thumb Code   138  rt_memcpy_v6.o(.text)
    _memcpy_lastbytes                        0x0800047d   Thumb Code     0  rt_memcpy_v6.o(.text)
    __aeabi_memset                           0x080004a1   Thumb Code    16  aeabi_memset.o(.text)
    __aeabi_memclr4                          0x080004b1   Thumb Code     0  rt_memclr_w.o(.text)
    __aeabi_memclr8                          0x080004b1   Thumb Code     0  rt_memclr_w.o(.text)
    __rt_memclr_w                            0x080004b1   Thumb Code    78  rt_memclr_w.o(.text)
    _memset_w                                0x080004b5   Thumb Code     0  rt_memclr_w.o(.text)
    __use_two_region_memory                  0x080004ff   Thumb Code     2  heapauxi.o(.text)
    __rt_heap_escrow$2region                 0x08000501   Thumb Code     2  heapauxi.o(.text)
    __rt_heap_expand$2region                 0x08000503   Thumb Code     2  heapauxi.o(.text)
    __aeabi_memcpy4                          0x08000505   Thumb Code     0  rt_memcpy_w.o(.text)
    __aeabi_memcpy8                          0x08000505   Thumb Code     0  rt_memcpy_w.o(.text)
    __rt_memcpy_w                            0x08000505   Thumb Code   100  rt_memcpy_w.o(.text)
    _memcpy_lastbytes_aligned                0x0800054d   Thumb Code     0  rt_memcpy_w.o(.text)
    __aeabi_memclr                           0x08000569   Thumb Code     0  rt_memclr.o(.text)
    __rt_memclr                              0x08000569   Thumb Code    68  rt_memclr.o(.text)
    _memset                                  0x0800056d   Thumb Code     0  rt_memclr.o(.text)
    __user_setup_stackheap                   0x080005ad   Thumb Code    74  sys_stackheap_outer.o(.text)
    exit                                     0x080005f7   Thumb Code    18  exit.o(.text)
    __user_libspace                          0x08000609   Thumb Code     8  libspace.o(.text)
    __user_perproc_libspace                  0x08000609   Thumb Code     0  libspace.o(.text)
    __user_perthread_libspace                0x08000609   Thumb Code     0  libspace.o(.text)
    _sys_exit                                0x08000611   Thumb Code     8  sys_exit.o(.text)
    __I$use$semihosting                      0x0800061d   Thumb Code     0  use_no_semi.o(.text)
    __use_no_semihosting_swi                 0x0800061d   Thumb Code     2  use_no_semi.o(.text)
    __semihosting_library_function           0x0800061f   Thumb Code     0  indicate_semi.o(.text)
    BeepTask                                 0x08000621   Thumb Code   118  freertos.o(i.BeepTask)
    Beep_Trigger                             0x080006a1   Thumb Code     8  freertos.o(i.Beep_Trigger)
    BusFault_Handler                         0x080006ad   Thumb Code     4  stm32f4xx_it.o(i.BusFault_Handler)
    CAN1_RX0_IRQHandler                      0x080006b1   Thumb Code    10  stm32f4xx_it.o(i.CAN1_RX0_IRQHandler)
    CAN1_RX1_IRQHandler                      0x080006c1   Thumb Code    10  stm32f4xx_it.o(i.CAN1_RX1_IRQHandler)
    CAN1_SCE_IRQHandler                      0x080006d1   Thumb Code    10  stm32f4xx_it.o(i.CAN1_SCE_IRQHandler)
    CAN1_TX_IRQHandler                       0x080006e1   Thumb Code    10  stm32f4xx_it.o(i.CAN1_TX_IRQHandler)
    CAN2_RX0_IRQHandler                      0x080006f1   Thumb Code    10  stm32f4xx_it.o(i.CAN2_RX0_IRQHandler)
    CAN2_RX1_IRQHandler                      0x08000701   Thumb Code    10  stm32f4xx_it.o(i.CAN2_RX1_IRQHandler)
    CAN2_SCE_IRQHandler                      0x08000711   Thumb Code    10  stm32f4xx_it.o(i.CAN2_SCE_IRQHandler)
    CAN2_TX_IRQHandler                       0x08000721   Thumb Code    10  stm32f4xx_it.o(i.CAN2_TX_IRQHandler)
    DJ_CAN_Init                              0x08000731   Thumb Code    70  dj_motor.o(i.DJ_CAN_Init)
    DJ_Func                                  0x0800077d   Thumb Code   170  dj_motor.o(i.DJ_Func)
    DJ_Init                                  0x0800082d   Thumb Code   144  dj_motor.o(i.DJ_Init)
    DJ_Receive                               0x080008e1   Thumb Code   184  dj_motor.o(i.DJ_Receive)
    DJ_SetMode                               0x080009a1   Thumb Code    26  dj_motor.o(i.DJ_SetMode)
    DJ_SetPos                                0x080009c1   Thumb Code    28  dj_motor.o(i.DJ_SetPos)
    DebugMon_Handler                         0x080009e1   Thumb Code     2  stm32f4xx_it.o(i.DebugMon_Handler)
    Error_Handler                            0x080009e3   Thumb Code     6  main.o(i.Error_Handler)
    HAL_CAN_ActivateNotification             0x080009e9   Thumb Code    42  stm32f4xx_hal_can.o(i.HAL_CAN_ActivateNotification)
    HAL_CAN_AddTxMessage                     0x08000a13   Thumb Code   330  stm32f4xx_hal_can.o(i.HAL_CAN_AddTxMessage)
    HAL_CAN_ConfigFilter                     0x08000b5d   Thumb Code   284  stm32f4xx_hal_can.o(i.HAL_CAN_ConfigFilter)
    HAL_CAN_ErrorCallback                    0x08000c7d   Thumb Code     2  stm32f4xx_hal_can.o(i.HAL_CAN_ErrorCallback)
    HAL_CAN_GetRxMessage                     0x08000c7f   Thumb Code   404  stm32f4xx_hal_can.o(i.HAL_CAN_GetRxMessage)
    HAL_CAN_IRQHandler                       0x08000e13   Thumb Code   590  stm32f4xx_hal_can.o(i.HAL_CAN_IRQHandler)
    HAL_CAN_Init                             0x08001061   Thumb Code   372  stm32f4xx_hal_can.o(i.HAL_CAN_Init)
    HAL_CAN_MspInit                          0x080011d5   Thumb Code   426  can.o(i.HAL_CAN_MspInit)
    HAL_CAN_RxFifo0FullCallback              0x08001399   Thumb Code     2  stm32f4xx_hal_can.o(i.HAL_CAN_RxFifo0FullCallback)
    HAL_CAN_RxFifo0MsgPendingCallback        0x0800139d   Thumb Code    80  can.o(i.HAL_CAN_RxFifo0MsgPendingCallback)
    HAL_CAN_RxFifo1FullCallback              0x080013f5   Thumb Code     2  stm32f4xx_hal_can.o(i.HAL_CAN_RxFifo1FullCallback)
    HAL_CAN_RxFifo1MsgPendingCallback        0x080013f7   Thumb Code     2  stm32f4xx_hal_can.o(i.HAL_CAN_RxFifo1MsgPendingCallback)
    HAL_CAN_SleepCallback                    0x080013f9   Thumb Code     2  stm32f4xx_hal_can.o(i.HAL_CAN_SleepCallback)
    HAL_CAN_Start                            0x080013fb   Thumb Code    94  stm32f4xx_hal_can.o(i.HAL_CAN_Start)
    HAL_CAN_TxMailbox0AbortCallback          0x08001459   Thumb Code     2  stm32f4xx_hal_can.o(i.HAL_CAN_TxMailbox0AbortCallback)
    HAL_CAN_TxMailbox0CompleteCallback       0x0800145b   Thumb Code     2  stm32f4xx_hal_can.o(i.HAL_CAN_TxMailbox0CompleteCallback)
    HAL_CAN_TxMailbox1AbortCallback          0x0800145d   Thumb Code     2  stm32f4xx_hal_can.o(i.HAL_CAN_TxMailbox1AbortCallback)
    HAL_CAN_TxMailbox1CompleteCallback       0x0800145f   Thumb Code     2  stm32f4xx_hal_can.o(i.HAL_CAN_TxMailbox1CompleteCallback)
    HAL_CAN_TxMailbox2AbortCallback          0x08001461   Thumb Code     2  stm32f4xx_hal_can.o(i.HAL_CAN_TxMailbox2AbortCallback)
    HAL_CAN_TxMailbox2CompleteCallback       0x08001463   Thumb Code     2  stm32f4xx_hal_can.o(i.HAL_CAN_TxMailbox2CompleteCallback)
    HAL_CAN_WakeUpFromRxMsgCallback          0x08001465   Thumb Code     2  stm32f4xx_hal_can.o(i.HAL_CAN_WakeUpFromRxMsgCallback)
    HAL_GPIO_Init                            0x08001469   Thumb Code   454  stm32f4xx_hal_gpio.o(i.HAL_GPIO_Init)
    HAL_GPIO_WritePin                        0x0800165d   Thumb Code    12  stm32f4xx_hal_gpio.o(i.HAL_GPIO_WritePin)
    HAL_GetTick                              0x08001669   Thumb Code     6  stm32f4xx_hal.o(i.HAL_GetTick)
    HAL_IncTick                              0x08001675   Thumb Code    16  stm32f4xx_hal.o(i.HAL_IncTick)
    HAL_Init                                 0x0800168d   Thumb Code    54  stm32f4xx_hal.o(i.HAL_Init)
    HAL_InitTick                             0x080016c9   Thumb Code   140  stm32f4xx_hal_timebase_tim.o(i.HAL_InitTick)
    HAL_MspInit                              0x08001769   Thumb Code    78  stm32f4xx_hal_msp.o(i.HAL_MspInit)
    HAL_NVIC_EnableIRQ                       0x080017bd   Thumb Code    40  stm32f4xx_hal_cortex.o(i.HAL_NVIC_EnableIRQ)
    HAL_NVIC_SetPriority                     0x080017e5   Thumb Code   124  stm32f4xx_hal_cortex.o(i.HAL_NVIC_SetPriority)
    HAL_NVIC_SetPriorityGrouping             0x08001861   Thumb Code    32  stm32f4xx_hal_cortex.o(i.HAL_NVIC_SetPriorityGrouping)
    HAL_RCC_ClockConfig                      0x08001889   Thumb Code   368  stm32f4xx_hal_rcc.o(i.HAL_RCC_ClockConfig)
    HAL_RCC_GetClockConfig                   0x08001a0d   Thumb Code    58  stm32f4xx_hal_rcc.o(i.HAL_RCC_GetClockConfig)
    HAL_RCC_GetHCLKFreq                      0x08001a51   Thumb Code     6  stm32f4xx_hal_rcc.o(i.HAL_RCC_GetHCLKFreq)
    HAL_RCC_GetPCLK2Freq                     0x08001a5d   Thumb Code    22  stm32f4xx_hal_rcc.o(i.HAL_RCC_GetPCLK2Freq)
    HAL_RCC_GetSysClockFreq                  0x08001a7d   Thumb Code   162  stm32f4xx_hal_rcc.o(i.HAL_RCC_GetSysClockFreq)
    HAL_RCC_OscConfig                        0x08001b2d   Thumb Code  1172  stm32f4xx_hal_rcc.o(i.HAL_RCC_OscConfig)
    HAL_TIMEx_BreakCallback                  0x08001fc9   Thumb Code     2  stm32f4xx_hal_tim_ex.o(i.HAL_TIMEx_BreakCallback)
    HAL_TIMEx_CommutCallback                 0x08001fcb   Thumb Code     2  stm32f4xx_hal_tim_ex.o(i.HAL_TIMEx_CommutCallback)
    HAL_TIM_Base_Init                        0x08001fcd   Thumb Code   102  stm32f4xx_hal_tim.o(i.HAL_TIM_Base_Init)
    HAL_TIM_Base_MspInit                     0x08002033   Thumb Code     2  stm32f4xx_hal_tim.o(i.HAL_TIM_Base_MspInit)
    HAL_TIM_Base_Start_IT                    0x08002035   Thumb Code   138  stm32f4xx_hal_tim.o(i.HAL_TIM_Base_Start_IT)
    HAL_TIM_IC_CaptureCallback               0x080020dd   Thumb Code     2  stm32f4xx_hal_tim.o(i.HAL_TIM_IC_CaptureCallback)
    HAL_TIM_IRQHandler                       0x080020df   Thumb Code   364  stm32f4xx_hal_tim.o(i.HAL_TIM_IRQHandler)
    HAL_TIM_OC_DelayElapsedCallback          0x0800224b   Thumb Code     2  stm32f4xx_hal_tim.o(i.HAL_TIM_OC_DelayElapsedCallback)
    HAL_TIM_PWM_PulseFinishedCallback        0x0800224d   Thumb Code     2  stm32f4xx_hal_tim.o(i.HAL_TIM_PWM_PulseFinishedCallback)
    HAL_TIM_PeriodElapsedCallback            0x08002251   Thumb Code    18  main.o(i.HAL_TIM_PeriodElapsedCallback)
    HAL_TIM_TriggerCallback                  0x08002269   Thumb Code     2  stm32f4xx_hal_tim.o(i.HAL_TIM_TriggerCallback)
    HardFault_Handler                        0x0800226b   Thumb Code     4  stm32f4xx_it.o(i.HardFault_Handler)
    LedTask                                  0x08002271   Thumb Code    60  freertos.o(i.LedTask)
    MX_CAN1_Init                             0x080022b1   Thumb Code    58  can.o(i.MX_CAN1_Init)
    MX_CAN2_Init                             0x080022f5   Thumb Code    58  can.o(i.MX_CAN2_Init)
    MX_FREERTOS_Init                         0x08002339   Thumb Code    60  freertos.o(i.MX_FREERTOS_Init)
    MX_GPIO_Init                             0x080023a5   Thumb Code   182  gpio.o(i.MX_GPIO_Init)
    MemManage_Handler                        0x08002469   Thumb Code     4  stm32f4xx_it.o(i.MemManage_Handler)
    MotorTask                                0x0800246d   Thumb Code    14  freertos.o(i.MotorTask)
    NMI_Handler                              0x0800247b   Thumb Code     4  stm32f4xx_it.o(i.NMI_Handler)
    StacteMac                                0x0800247f   Thumb Code    14  freertos.o(i.StacteMac)
    SysTick_Handler                          0x0800248d   Thumb Code    22  cmsis_os2.o(i.SysTick_Handler)
    SystemClock_Config                       0x080024a5   Thumb Code   172  main.o(i.SystemClock_Config)
    SystemInit                               0x08002559   Thumb Code    14  system_stm32f4xx.o(i.SystemInit)
    TIM1_UP_TIM10_IRQHandler                 0x0800256d   Thumb Code    10  stm32f4xx_it.o(i.TIM1_UP_TIM10_IRQHandler)
    TIM_Base_SetConfig                       0x0800257d   Thumb Code   178  stm32f4xx_hal_tim.o(i.TIM_Base_SetConfig)
    UsageFault_Handler                       0x0800265d   Thumb Code     4  stm32f4xx_it.o(i.UsageFault_Handler)
    Xipan_Init                               0x08002661   Thumb Code    68  xipan_ctrl.o(i.Xipan_Init)
    Xipan_OnCan                              0x080026a9   Thumb Code   102  xipan_ctrl.o(i.Xipan_OnCan)
    Xipan_StateMachine                       0x08002725   Thumb Code   168  xipan_ctrl.o(i.Xipan_StateMachine)
    main                                     0x08002949   Thumb Code    58  main.o(i.main)
    osDelay                                  0x08002989   Thumb Code    30  cmsis_os2.o(i.osDelay)
    osKernelInitialize                       0x080029a9   Thumb Code    38  cmsis_os2.o(i.osKernelInitialize)
    osKernelStart                            0x080029d5   Thumb Code    82  cmsis_os2.o(i.osKernelStart)
    osThreadNew                              0x08002a35   Thumb Code   184  cmsis_os2.o(i.osThreadNew)
    pid_calculate                            0x08002aed   Thumb Code   274  pid.o(i.pid_calculate)
    pid_init                                 0x08002c05   Thumb Code    54  pid.o(i.pid_init)
    pid_reset                                0x08002c45   Thumb Code    26  pid.o(i.pid_reset)
    pump_init                                0x08003745   Thumb Code     8  pump.o(i.pump_init)
    pump_off                                 0x0800374d   Thumb Code    16  pump.o(i.pump_off)
    pump_set                                 0x08003761   Thumb Code    14  pump.o(i.pump_set)
    pvPortMalloc                             0x08003775   Thumb Code   306  heap_4.o(i.pvPortMalloc)
    pxPortInitialiseStack                    0x080038c1   Thumb Code    38  port.o(i.pxPortInitialiseStack)
    uxListRemove                             0x08003a31   Thumb Code    40  list.o(i.uxListRemove)
    vApplicationGetIdleTaskMemory            0x08003a59   Thumb Code    14  cmsis_os2.o(i.vApplicationGetIdleTaskMemory)
    vApplicationGetTimerTaskMemory           0x08003a71   Thumb Code    16  cmsis_os2.o(i.vApplicationGetTimerTaskMemory)
    vListInitialise                          0x08003a89   Thumb Code    26  list.o(i.vListInitialise)
    vListInitialiseItem                      0x08003aa3   Thumb Code     6  list.o(i.vListInitialiseItem)
    vListInsert                              0x08003aa9   Thumb Code    52  list.o(i.vListInsert)
    vListInsertEnd                           0x08003add   Thumb Code    24  list.o(i.vListInsertEnd)
    vPortEnterCritical                       0x08003af5   Thumb Code    76  port.o(i.vPortEnterCritical)
    vPortExitCritical                        0x08003b49   Thumb Code    56  port.o(i.vPortExitCritical)
    vPortFree                                0x08003b85   Thumb Code   150  heap_4.o(i.vPortFree)
    vPortSetupTimerInterrupt                 0x08003c29   Thumb Code    36  port.o(i.vPortSetupTimerInterrupt)
    vPortValidateInterruptPriority           0x08003c51   Thumb Code   106  port.o(i.vPortValidateInterruptPriority)
    vQueueAddToRegistry                      0x08003cc9   Thumb Code    38  queue.o(i.vQueueAddToRegistry)
    vQueueWaitForMessageRestricted           0x08003cf5   Thumb Code    74  queue.o(i.vQueueWaitForMessageRestricted)
    vTaskDelay                               0x08003d41   Thumb Code    82  tasks.o(i.vTaskDelay)
    vTaskInternalSetTimeOutState             0x08003d9d   Thumb Code    14  tasks.o(i.vTaskInternalSetTimeOutState)
    vTaskMissedYield                         0x08003db5   Thumb Code     8  tasks.o(i.vTaskMissedYield)
    vTaskPlaceOnEventList                    0x08003dc1   Thumb Code    52  tasks.o(i.vTaskPlaceOnEventList)
    vTaskPlaceOnEventListRestricted          0x08003df9   Thumb Code    60  tasks.o(i.vTaskPlaceOnEventListRestricted)
    vTaskStartScheduler                      0x08003e39   Thumb Code   156  tasks.o(i.vTaskStartScheduler)
    vTaskSuspendAll                          0x08003ef1   Thumb Code    12  tasks.o(i.vTaskSuspendAll)
    vTaskSwitchContext                       0x08003f01   Thumb Code   122  tasks.o(i.vTaskSwitchContext)
    xPortStartScheduler                      0x08003f91   Thumb Code   330  port.o(i.xPortStartScheduler)
    xPortSysTickHandler                      0x080040f9   Thumb Code    46  port.o(i.xPortSysTickHandler)
    xQueueGenericCreateStatic                0x0800412d   Thumb Code   224  queue.o(i.xQueueGenericCreateStatic)
    xQueueGenericReset                       0x0800420d   Thumb Code   146  queue.o(i.xQueueGenericReset)
    xQueueGenericSend                        0x080042a5   Thumb Code   420  queue.o(i.xQueueGenericSend)
    xQueueGenericSendFromISR                 0x0800444d   Thumb Code   252  queue.o(i.xQueueGenericSendFromISR)
    xQueueReceive                            0x08004549   Thumb Code   356  queue.o(i.xQueueReceive)
    xTaskCheckForTimeOut                     0x080046b1   Thumb Code   132  tasks.o(i.xTaskCheckForTimeOut)
    xTaskCreate                              0x0800473d   Thumb Code   100  tasks.o(i.xTaskCreate)
    xTaskCreateStatic                        0x080047a1   Thumb Code   186  tasks.o(i.xTaskCreateStatic)
    xTaskGetSchedulerState                   0x0800485d   Thumb Code    24  tasks.o(i.xTaskGetSchedulerState)
    xTaskGetTickCount                        0x0800487d   Thumb Code     6  tasks.o(i.xTaskGetTickCount)
    xTaskIncrementTick                       0x08004889   Thumb Code   280  tasks.o(i.xTaskIncrementTick)
    xTaskPriorityDisinherit                  0x080049cd   Thumb Code   152  tasks.o(i.xTaskPriorityDisinherit)
    xTaskRemoveFromEventList                 0x08004a71   Thumb Code   126  tasks.o(i.xTaskRemoveFromEventList)
    xTaskResumeAll                           0x08004b09   Thumb Code   222  tasks.o(i.xTaskResumeAll)
    xTimerCreateTimerTask                    0x08004c0d   Thumb Code   100  timers.o(i.xTimerCreateTimerTask)
    xTimerGenericCommand                     0x08004c85   Thumb Code   128  timers.o(i.xTimerGenericCommand)
    _fp_init                                 0x08004d09   Thumb Code    10  fpinit.o(x$fpl$fpinit)
    __fplib_config_fpu_vfp                   0x08004d11   Thumb Code     0  fpinit.o(x$fpl$fpinit)
    __fplib_config_pureend_doubles           0x08004d11   Thumb Code     0  fpinit.o(x$fpl$fpinit)
    Ledtask_attributes                       0x08004d14   Data          36  freertos.o(.constdata)
    Motortask_attributes                     0x08004d38   Data          36  freertos.o(.constdata)
    Statemac_attributes                      0x08004d5c   Data          36  freertos.o(.constdata)
    Beeptask_attributes                      0x08004d80   Data          36  freertos.o(.constdata)
    AHBPrescTable                            0x08004da4   Data          16  system_stm32f4xx.o(.constdata)
    APBPrescTable                            0x08004db4   Data           8  system_stm32f4xx.o(.constdata)
    Region$$Table$$Base                      0x08004de8   Number         0  anon$$obj.o(Region$$Table)
    Region$$Table$$Limit                     0x08004e08   Number         0  anon$$obj.o(Region$$Table)
    LedtaskHandle                            0x20000004   Data           4  freertos.o(.data)
    MotortaskHandle                          0x20000008   Data           4  freertos.o(.data)
    StatemacHandle                           0x2000000c   Data           4  freertos.o(.data)
    BeeptaskHandle                           0x20000010   Data           4  freertos.o(.data)
    uwTick                                   0x20000018   Data           4  stm32f4xx_hal.o(.data)
    uwTickPrio                               0x2000001c   Data           4  stm32f4xx_hal.o(.data)
    uwTickFreq                               0x20000020   Data           1  stm32f4xx_hal.o(.data)
    SystemCoreClock                          0x20000024   Data           4  system_stm32f4xx.o(.data)
    pxCurrentTCB                             0x20000028   Data           4  tasks.o(.data)
    hcan1                                    0x200000ac   Data          40  can.o(.bss)
    hcan2                                    0x200000d4   Data          40  can.o(.bss)
    htim1                                    0x200000fc   Data          72  stm32f4xx_hal_timebase_tim.o(.bss)
    g_motor                                  0x20000144   Data         216  dj_motor.o(.bss)
    xQueueRegistry                           0x2000021c   Data          64  queue.o(.bss)
    __libspace_start                         0x20004af0   Data          96  libspace.o(.bss)
    __temporary_stack_top$libspace           0x20004b50   Data           0  libspace.o(.bss)



==============================================================================

Memory Map of the image

  Image Entry point : 0x08000189

  Load Region LR_IROM1 (Base: 0x08000000, Size: 0x00004eb4, Max: 0x00100000, ABSOLUTE)

    Execution Region ER_IROM1 (Exec base: 0x08000000, Load base: 0x08000000, Size: 0x00004e08, Max: 0x00100000, ABSOLUTE)

    Exec Addr    Load Addr    Size         Type   Attr      Idx    E Section Name        Object

    0x08000000   0x08000000   0x00000188   Data   RO            3    RESET               startup_stm32f405xx.o
    0x08000188   0x08000188   0x00000008   Code   RO         5032  * !!!main             c_w.l(__main.o)
    0x08000190   0x08000190   0x00000034   Code   RO         5203    !!!scatter          c_w.l(__scatter.o)
    0x080001c4   0x080001c4   0x0000001a   Code   RO         5205    !!handler_copy      c_w.l(__scatter_copy.o)
    0x080001de   0x080001de   0x00000002   PAD
    0x080001e0   0x080001e0   0x0000001c   Code   RO         5207    !!handler_zi        c_w.l(__scatter_zi.o)
    0x080001fc   0x080001fc   0x00000002   Code   RO         5073    .ARM.Collect$$libinit$$00000000  c_w.l(libinit.o)
    0x080001fe   0x080001fe   0x00000004   Code   RO         5085    .ARM.Collect$$libinit$$00000001  c_w.l(libinit2.o)
    0x08000202   0x08000202   0x00000000   Code   RO         5088    .ARM.Collect$$libinit$$00000004  c_w.l(libinit2.o)
    0x08000202   0x08000202   0x00000000   Code   RO         5091    .ARM.Collect$$libinit$$0000000A  c_w.l(libinit2.o)
    0x08000202   0x08000202   0x00000000   Code   RO         5093    .ARM.Collect$$libinit$$0000000C  c_w.l(libinit2.o)
    0x08000202   0x08000202   0x00000000   Code   RO         5095    .ARM.Collect$$libinit$$0000000E  c_w.l(libinit2.o)
    0x08000202   0x08000202   0x00000000   Code   RO         5098    .ARM.Collect$$libinit$$00000011  c_w.l(libinit2.o)
    0x08000202   0x08000202   0x00000000   Code   RO         5100    .ARM.Collect$$libinit$$00000013  c_w.l(libinit2.o)
    0x08000202   0x08000202   0x00000000   Code   RO         5102    .ARM.Collect$$libinit$$00000015  c_w.l(libinit2.o)
    0x08000202   0x08000202   0x00000000   Code   RO         5104    .ARM.Collect$$libinit$$00000017  c_w.l(libinit2.o)
    0x08000202   0x08000202   0x00000000   Code   RO         5106    .ARM.Collect$$libinit$$00000019  c_w.l(libinit2.o)
    0x08000202   0x08000202   0x00000000   Code   RO         5108    .ARM.Collect$$libinit$$0000001B  c_w.l(libinit2.o)
    0x08000202   0x08000202   0x00000000   Code   RO         5110    .ARM.Collect$$libinit$$0000001D  c_w.l(libinit2.o)
    0x08000202   0x08000202   0x00000000   Code   RO         5112    .ARM.Collect$$libinit$$0000001F  c_w.l(libinit2.o)
    0x08000202   0x08000202   0x00000000   Code   RO         5114    .ARM.Collect$$libinit$$00000021  c_w.l(libinit2.o)
    0x08000202   0x08000202   0x00000000   Code   RO         5116    .ARM.Collect$$libinit$$00000023  c_w.l(libinit2.o)
    0x08000202   0x08000202   0x00000000   Code   RO         5118    .ARM.Collect$$libinit$$00000025  c_w.l(libinit2.o)
    0x08000202   0x08000202   0x00000000   Code   RO         5122    .ARM.Collect$$libinit$$0000002C  c_w.l(libinit2.o)
    0x08000202   0x08000202   0x00000000   Code   RO         5124    .ARM.Collect$$libinit$$0000002E  c_w.l(libinit2.o)
    0x08000202   0x08000202   0x00000000   Code   RO         5126    .ARM.Collect$$libinit$$00000030  c_w.l(libinit2.o)
    0x08000202   0x08000202   0x00000000   Code   RO         5128    .ARM.Collect$$libinit$$00000032  c_w.l(libinit2.o)
    0x08000202   0x08000202   0x00000002   Code   RO         5129    .ARM.Collect$$libinit$$00000033  c_w.l(libinit2.o)
    0x08000204   0x08000204   0x00000002   Code   RO         5160    .ARM.Collect$$libshutdown$$00000000  c_w.l(libshutdown.o)
    0x08000206   0x08000206   0x00000000   Code   RO         5186    .ARM.Collect$$libshutdown$$00000002  c_w.l(libshutdown2.o)
    0x08000206   0x08000206   0x00000000   Code   RO         5188    .ARM.Collect$$libshutdown$$00000004  c_w.l(libshutdown2.o)
    0x08000206   0x08000206   0x00000000   Code   RO         5191    .ARM.Collect$$libshutdown$$00000007  c_w.l(libshutdown2.o)
    0x08000206   0x08000206   0x00000000   Code   RO         5194    .ARM.Collect$$libshutdown$$0000000A  c_w.l(libshutdown2.o)
    0x08000206   0x08000206   0x00000000   Code   RO         5196    .ARM.Collect$$libshutdown$$0000000C  c_w.l(libshutdown2.o)
    0x08000206   0x08000206   0x00000000   Code   RO         5199    .ARM.Collect$$libshutdown$$0000000F  c_w.l(libshutdown2.o)
    0x08000206   0x08000206   0x00000002   Code   RO         5200    .ARM.Collect$$libshutdown$$00000010  c_w.l(libshutdown2.o)
    0x08000208   0x08000208   0x00000000   Code   RO         5034    .ARM.Collect$$rtentry$$00000000  c_w.l(__rtentry.o)
    0x08000208   0x08000208   0x00000000   Code   RO         5044    .ARM.Collect$$rtentry$$00000002  c_w.l(__rtentry2.o)
    0x08000208   0x08000208   0x00000006   Code   RO         5056    .ARM.Collect$$rtentry$$00000004  c_w.l(__rtentry4.o)
    0x0800020e   0x0800020e   0x00000000   Code   RO         5046    .ARM.Collect$$rtentry$$00000009  c_w.l(__rtentry2.o)
    0x0800020e   0x0800020e   0x00000004   Code   RO         5047    .ARM.Collect$$rtentry$$0000000A  c_w.l(__rtentry2.o)
    0x08000212   0x08000212   0x00000000   Code   RO         5049    .ARM.Collect$$rtentry$$0000000C  c_w.l(__rtentry2.o)
    0x08000212   0x08000212   0x00000008   Code   RO         5050    .ARM.Collect$$rtentry$$0000000D  c_w.l(__rtentry2.o)
    0x0800021a   0x0800021a   0x00000002   Code   RO         5077    .ARM.Collect$$rtexit$$00000000  c_w.l(rtexit.o)
    0x0800021c   0x0800021c   0x00000000   Code   RO         5133    .ARM.Collect$$rtexit$$00000002  c_w.l(rtexit2.o)
    0x0800021c   0x0800021c   0x00000004   Code   RO         5134    .ARM.Collect$$rtexit$$00000003  c_w.l(rtexit2.o)
    0x08000220   0x08000220   0x00000006   Code   RO         5135    .ARM.Collect$$rtexit$$00000004  c_w.l(rtexit2.o)
    0x08000226   0x08000226   0x00000002   PAD
    0x08000228   0x08000228   0x000000be   Code   RO         4896    .emb_text           port.o
    0x080002e6   0x080002e6   0x00000002   PAD
    0x080002e8   0x080002e8   0x00000040   Code   RO            4    .text               startup_stm32f405xx.o
    0x08000328   0x08000328   0x000000ee   Code   RO         5020    .text               c_w.l(lludivv7m.o)
    0x08000416   0x08000416   0x0000008a   Code   RO         5022    .text               c_w.l(rt_memcpy_v6.o)
    0x080004a0   0x080004a0   0x00000010   Code   RO         5026    .text               c_w.l(aeabi_memset.o)
    0x080004b0   0x080004b0   0x0000004e   Code   RO         5028    .text               c_w.l(rt_memclr_w.o)
    0x080004fe   0x080004fe   0x00000006   Code   RO         5030    .text               c_w.l(heapauxi.o)
    0x08000504   0x08000504   0x00000064   Code   RO         5039    .text               c_w.l(rt_memcpy_w.o)
    0x08000568   0x08000568   0x00000044   Code   RO         5041    .text               c_w.l(rt_memclr.o)
    0x080005ac   0x080005ac   0x0000004a   Code   RO         5060    .text               c_w.l(sys_stackheap_outer.o)
    0x080005f6   0x080005f6   0x00000012   Code   RO         5062    .text               c_w.l(exit.o)
    0x08000608   0x08000608   0x00000008   Code   RO         5074    .text               c_w.l(libspace.o)
    0x08000610   0x08000610   0x0000000c   Code   RO         5130    .text               c_w.l(sys_exit.o)
    0x0800061c   0x0800061c   0x00000002   Code   RO         5149    .text               c_w.l(use_no_semi.o)
    0x0800061e   0x0800061e   0x00000000   Code   RO         5151    .text               c_w.l(indicate_semi.o)
    0x0800061e   0x0800061e   0x00000002   PAD
    0x08000620   0x08000620   0x00000080   Code   RO          235    i.BeepTask          freertos.o
    0x080006a0   0x080006a0   0x0000000c   Code   RO          236    i.Beep_Trigger      freertos.o
    0x080006ac   0x080006ac   0x00000004   Code   RO          357    i.BusFault_Handler  stm32f4xx_it.o
    0x080006b0   0x080006b0   0x00000010   Code   RO          358    i.CAN1_RX0_IRQHandler  stm32f4xx_it.o
    0x080006c0   0x080006c0   0x00000010   Code   RO          359    i.CAN1_RX1_IRQHandler  stm32f4xx_it.o
    0x080006d0   0x080006d0   0x00000010   Code   RO          360    i.CAN1_SCE_IRQHandler  stm32f4xx_it.o
    0x080006e0   0x080006e0   0x00000010   Code   RO          361    i.CAN1_TX_IRQHandler  stm32f4xx_it.o
    0x080006f0   0x080006f0   0x00000010   Code   RO          362    i.CAN2_RX0_IRQHandler  stm32f4xx_it.o
    0x08000700   0x08000700   0x00000010   Code   RO          363    i.CAN2_RX1_IRQHandler  stm32f4xx_it.o
    0x08000710   0x08000710   0x00000010   Code   RO          364    i.CAN2_SCE_IRQHandler  stm32f4xx_it.o
    0x08000720   0x08000720   0x00000010   Code   RO          365    i.CAN2_TX_IRQHandler  stm32f4xx_it.o
    0x08000730   0x08000730   0x0000004c   Code   RO          568    i.DJ_CAN_Init       dj_motor.o
    0x0800077c   0x0800077c   0x000000b0   Code   RO          569    i.DJ_Func           dj_motor.o
    0x0800082c   0x0800082c   0x000000b4   Code   RO          571    i.DJ_Init           dj_motor.o
    0x080008e0   0x080008e0   0x000000c0   Code   RO          572    i.DJ_Receive        dj_motor.o
    0x080009a0   0x080009a0   0x00000020   Code   RO          574    i.DJ_SetMode        dj_motor.o
    0x080009c0   0x080009c0   0x00000020   Code   RO          575    i.DJ_SetPos         dj_motor.o
    0x080009e0   0x080009e0   0x00000002   Code   RO          366    i.DebugMon_Handler  stm32f4xx_it.o
    0x080009e2   0x080009e2   0x00000006   Code   RO           13    i.Error_Handler     main.o
    0x080009e8   0x080009e8   0x0000002a   Code   RO         1697    i.HAL_CAN_ActivateNotification  stm32f4xx_hal_can.o
    0x08000a12   0x08000a12   0x0000014a   Code   RO         1698    i.HAL_CAN_AddTxMessage  stm32f4xx_hal_can.o
    0x08000b5c   0x08000b5c   0x00000120   Code   RO         1699    i.HAL_CAN_ConfigFilter  stm32f4xx_hal_can.o
    0x08000c7c   0x08000c7c   0x00000002   Code   RO         1702    i.HAL_CAN_ErrorCallback  stm32f4xx_hal_can.o
    0x08000c7e   0x08000c7e   0x00000194   Code   RO         1705    i.HAL_CAN_GetRxMessage  stm32f4xx_hal_can.o
    0x08000e12   0x08000e12   0x0000024e   Code   RO         1709    i.HAL_CAN_IRQHandler  stm32f4xx_hal_can.o
    0x08001060   0x08001060   0x00000174   Code   RO         1710    i.HAL_CAN_Init      stm32f4xx_hal_can.o
    0x080011d4   0x080011d4   0x000001c4   Code   RO          303    i.HAL_CAN_MspInit   can.o
    0x08001398   0x08001398   0x00000002   Code   RO         1717    i.HAL_CAN_RxFifo0FullCallback  stm32f4xx_hal_can.o
    0x0800139a   0x0800139a   0x00000002   PAD
    0x0800139c   0x0800139c   0x00000058   Code   RO          304    i.HAL_CAN_RxFifo0MsgPendingCallback  can.o
    0x080013f4   0x080013f4   0x00000002   Code   RO         1719    i.HAL_CAN_RxFifo1FullCallback  stm32f4xx_hal_can.o
    0x080013f6   0x080013f6   0x00000002   Code   RO         1720    i.HAL_CAN_RxFifo1MsgPendingCallback  stm32f4xx_hal_can.o
    0x080013f8   0x080013f8   0x00000002   Code   RO         1721    i.HAL_CAN_SleepCallback  stm32f4xx_hal_can.o
    0x080013fa   0x080013fa   0x0000005e   Code   RO         1722    i.HAL_CAN_Start     stm32f4xx_hal_can.o
    0x08001458   0x08001458   0x00000002   Code   RO         1724    i.HAL_CAN_TxMailbox0AbortCallback  stm32f4xx_hal_can.o
    0x0800145a   0x0800145a   0x00000002   Code   RO         1725    i.HAL_CAN_TxMailbox0CompleteCallback  stm32f4xx_hal_can.o
    0x0800145c   0x0800145c   0x00000002   Code   RO         1726    i.HAL_CAN_TxMailbox1AbortCallback  stm32f4xx_hal_can.o
    0x0800145e   0x0800145e   0x00000002   Code   RO         1727    i.HAL_CAN_TxMailbox1CompleteCallback  stm32f4xx_hal_can.o
    0x08001460   0x08001460   0x00000002   Code   RO         1728    i.HAL_CAN_TxMailbox2AbortCallback  stm32f4xx_hal_can.o
    0x08001462   0x08001462   0x00000002   Code   RO         1729    i.HAL_CAN_TxMailbox2CompleteCallback  stm32f4xx_hal_can.o
    0x08001464   0x08001464   0x00000002   Code   RO         1731    i.HAL_CAN_WakeUpFromRxMsgCallback  stm32f4xx_hal_can.o
    0x08001466   0x08001466   0x00000002   PAD
    0x08001468   0x08001468   0x000001f4   Code   RO         2330    i.HAL_GPIO_Init     stm32f4xx_hal_gpio.o
    0x0800165c   0x0800165c   0x0000000c   Code   RO         2334    i.HAL_GPIO_WritePin  stm32f4xx_hal_gpio.o
    0x08001668   0x08001668   0x0000000c   Code   RO         2885    i.HAL_GetTick       stm32f4xx_hal.o
    0x08001674   0x08001674   0x00000018   Code   RO         2891    i.HAL_IncTick       stm32f4xx_hal.o
    0x0800168c   0x0800168c   0x0000003c   Code   RO         2892    i.HAL_Init          stm32f4xx_hal.o
    0x080016c8   0x080016c8   0x000000a0   Code   RO          493    i.HAL_InitTick      stm32f4xx_hal_timebase_tim.o
    0x08001768   0x08001768   0x00000054   Code   RO          469    i.HAL_MspInit       stm32f4xx_hal_msp.o
    0x080017bc   0x080017bc   0x00000028   Code   RO         2722    i.HAL_NVIC_EnableIRQ  stm32f4xx_hal_cortex.o
    0x080017e4   0x080017e4   0x0000007c   Code   RO         2728    i.HAL_NVIC_SetPriority  stm32f4xx_hal_cortex.o
    0x08001860   0x08001860   0x00000028   Code   RO         2729    i.HAL_NVIC_SetPriorityGrouping  stm32f4xx_hal_cortex.o
    0x08001888   0x08001888   0x00000184   Code   RO         1931    i.HAL_RCC_ClockConfig  stm32f4xx_hal_rcc.o
    0x08001a0c   0x08001a0c   0x00000044   Code   RO         1935    i.HAL_RCC_GetClockConfig  stm32f4xx_hal_rcc.o
    0x08001a50   0x08001a50   0x0000000c   Code   RO         1936    i.HAL_RCC_GetHCLKFreq  stm32f4xx_hal_rcc.o
    0x08001a5c   0x08001a5c   0x00000020   Code   RO         1939    i.HAL_RCC_GetPCLK2Freq  stm32f4xx_hal_rcc.o
    0x08001a7c   0x08001a7c   0x000000b0   Code   RO         1940    i.HAL_RCC_GetSysClockFreq  stm32f4xx_hal_rcc.o
    0x08001b2c   0x08001b2c   0x0000049c   Code   RO         1943    i.HAL_RCC_OscConfig  stm32f4xx_hal_rcc.o
    0x08001fc8   0x08001fc8   0x00000002   Code   RO         1429    i.HAL_TIMEx_BreakCallback  stm32f4xx_hal_tim_ex.o
    0x08001fca   0x08001fca   0x00000002   Code   RO         1430    i.HAL_TIMEx_CommutCallback  stm32f4xx_hal_tim_ex.o
    0x08001fcc   0x08001fcc   0x00000066   Code   RO          714    i.HAL_TIM_Base_Init  stm32f4xx_hal_tim.o
    0x08002032   0x08002032   0x00000002   Code   RO          716    i.HAL_TIM_Base_MspInit  stm32f4xx_hal_tim.o
    0x08002034   0x08002034   0x000000a8   Code   RO          719    i.HAL_TIM_Base_Start_IT  stm32f4xx_hal_tim.o
    0x080020dc   0x080020dc   0x00000002   Code   RO          748    i.HAL_TIM_IC_CaptureCallback  stm32f4xx_hal_tim.o
    0x080020de   0x080020de   0x0000016c   Code   RO          762    i.HAL_TIM_IRQHandler  stm32f4xx_hal_tim.o
    0x0800224a   0x0800224a   0x00000002   Code   RO          765    i.HAL_TIM_OC_DelayElapsedCallback  stm32f4xx_hal_tim.o
    0x0800224c   0x0800224c   0x00000002   Code   RO          792    i.HAL_TIM_PWM_PulseFinishedCallback  stm32f4xx_hal_tim.o
    0x0800224e   0x0800224e   0x00000002   PAD
    0x08002250   0x08002250   0x00000018   Code   RO           14    i.HAL_TIM_PeriodElapsedCallback  main.o
    0x08002268   0x08002268   0x00000002   Code   RO          805    i.HAL_TIM_TriggerCallback  stm32f4xx_hal_tim.o
    0x0800226a   0x0800226a   0x00000004   Code   RO          367    i.HardFault_Handler  stm32f4xx_it.o
    0x0800226e   0x0800226e   0x00000002   PAD
    0x08002270   0x08002270   0x00000040   Code   RO          237    i.LedTask           freertos.o
    0x080022b0   0x080022b0   0x00000044   Code   RO          305    i.MX_CAN1_Init      can.o
    0x080022f4   0x080022f4   0x00000044   Code   RO          306    i.MX_CAN2_Init      can.o
    0x08002338   0x08002338   0x0000006c   Code   RO          238    i.MX_FREERTOS_Init  freertos.o
    0x080023a4   0x080023a4   0x000000c4   Code   RO          211    i.MX_GPIO_Init      gpio.o
    0x08002468   0x08002468   0x00000004   Code   RO          368    i.MemManage_Handler  stm32f4xx_it.o
    0x0800246c   0x0800246c   0x0000000e   Code   RO          239    i.MotorTask         freertos.o
    0x0800247a   0x0800247a   0x00000004   Code   RO          369    i.NMI_Handler       stm32f4xx_it.o
    0x0800247e   0x0800247e   0x0000000e   Code   RO          240    i.StacteMac         freertos.o
    0x0800248c   0x0800248c   0x00000016   Code   RO         4311    i.SysTick_Handler   cmsis_os2.o
    0x080024a2   0x080024a2   0x00000002   PAD
    0x080024a4   0x080024a4   0x000000b4   Code   RO           15    i.SystemClock_Config  main.o
    0x08002558   0x08002558   0x00000014   Code   RO         3131    i.SystemInit        system_stm32f4xx.o
    0x0800256c   0x0800256c   0x00000010   Code   RO          370    i.TIM1_UP_TIM10_IRQHandler  stm32f4xx_it.o
    0x0800257c   0x0800257c   0x000000e0   Code   RO          807    i.TIM_Base_SetConfig  stm32f4xx_hal_tim.o
    0x0800265c   0x0800265c   0x00000004   Code   RO          371    i.UsageFault_Handler  stm32f4xx_it.o
    0x08002660   0x08002660   0x00000048   Code   RO         4976    i.Xipan_Init        xipan_ctrl.o
    0x080026a8   0x080026a8   0x0000007c   Code   RO         4977    i.Xipan_OnCan       xipan_ctrl.o
    0x08002724   0x08002724   0x000000c4   Code   RO         4978    i.Xipan_StateMachine  xipan_ctrl.o
    0x080027e8   0x080027e8   0x00000010   Code   RO         2735    i.__NVIC_GetPriorityGrouping  stm32f4xx_hal_cortex.o
    0x080027f8   0x080027f8   0x00000028   Code   RO         2736    i.__NVIC_SetPriority  stm32f4xx_hal_cortex.o
    0x08002820   0x08002820   0x00000006   Code   RO         4313    i.__get_IPSR        cmsis_os2.o
    0x08002826   0x08002826   0x00000002   PAD
    0x08002828   0x08002828   0x000000f4   Code   RO          577    i.angle_calc        dj_motor.o
    0x0800291c   0x0800291c   0x0000002a   Code   RO          671    i.clampf            pid.o
    0x08002946   0x08002946   0x00000002   PAD
    0x08002948   0x08002948   0x00000040   Code   RO           16    i.main              main.o
    0x08002988   0x08002988   0x0000001e   Code   RO         4314    i.osDelay           cmsis_os2.o
    0x080029a6   0x080029a6   0x00000002   PAD
    0x080029a8   0x080029a8   0x0000002c   Code   RO         4328    i.osKernelInitialize  cmsis_os2.o
    0x080029d4   0x080029d4   0x00000060   Code   RO         4331    i.osKernelStart     cmsis_os2.o
    0x08002a34   0x08002a34   0x000000b8   Code   RO         4373    i.osThreadNew       cmsis_os2.o
    0x08002aec   0x08002aec   0x00000118   Code   RO          672    i.pid_calculate     pid.o
    0x08002c04   0x08002c04   0x00000040   Code   RO          673    i.pid_init          pid.o
    0x08002c44   0x08002c44   0x00000020   Code   RO          674    i.pid_reset         pid.o
    0x08002c64   0x08002c64   0x000000bc   Code   RO          578    i.pos_mode          dj_motor.o
    0x08002d20   0x08002d20   0x0000007c   Code   RO         3748    i.prvAddCurrentTaskToDelayedList  tasks.o
    0x08002d9c   0x08002d9c   0x000000b8   Code   RO         3749    i.prvAddNewTaskToReadyList  tasks.o
    0x08002e54   0x08002e54   0x00000074   Code   RO         4124    i.prvCheckForValidListAndQueue  timers.o
    0x08002ec8   0x08002ec8   0x00000048   Code   RO         3750    i.prvCheckTasksWaitingTermination  tasks.o
    0x08002f10   0x08002f10   0x0000002a   Code   RO         3335    i.prvCopyDataFromQueue  queue.o
    0x08002f3a   0x08002f3a   0x0000007e   Code   RO         3336    i.prvCopyDataToQueue  queue.o
    0x08002fb8   0x08002fb8   0x00000050   Code   RO         3751    i.prvDeleteTCB      tasks.o
    0x08003008   0x08003008   0x00000028   Code   RO         4125    i.prvGetNextExpireTime  timers.o
    0x08003030   0x08003030   0x0000007c   Code   RO         4841    i.prvHeapInit       heap_4.o
    0x080030ac   0x080030ac   0x00000028   Code   RO         3752    i.prvIdleTask       tasks.o
    0x080030d4   0x080030d4   0x0000002a   Code   RO         3339    i.prvInitialiseNewQueue  queue.o
    0x080030fe   0x080030fe   0x000000be   Code   RO         3753    i.prvInitialiseNewTask  tasks.o
    0x080031bc   0x080031bc   0x00000068   Code   RO         3754    i.prvInitialiseTaskLists  tasks.o
    0x08003224   0x08003224   0x00000068   Code   RO         4842    i.prvInsertBlockIntoFreeList  heap_4.o
    0x0800328c   0x0800328c   0x00000058   Code   RO         4127    i.prvInsertTimerInActiveList  timers.o
    0x080032e4   0x080032e4   0x0000001a   Code   RO         3340    i.prvIsQueueEmpty   queue.o
    0x080032fe   0x080032fe   0x0000001e   Code   RO         3341    i.prvIsQueueFull    queue.o
    0x0800331c   0x0800331c   0x00000074   Code   RO         4128    i.prvProcessExpiredTimer  timers.o
    0x08003390   0x08003390   0x00000164   Code   RO         4129    i.prvProcessReceivedCommands  timers.o
    0x080034f4   0x080034f4   0x00000074   Code   RO         4130    i.prvProcessTimerOrBlockTask  timers.o
    0x08003568   0x08003568   0x00000034   Code   RO         3756    i.prvResetNextTaskUnblockTime  tasks.o
    0x0800359c   0x0800359c   0x0000002c   Code   RO         4131    i.prvSampleTimeNow  timers.o
    0x080035c8   0x080035c8   0x000000a4   Code   RO         4132    i.prvSwitchTimerLists  timers.o
    0x0800366c   0x0800366c   0x00000040   Code   RO         4897    i.prvTaskExitError  port.o
    0x080036ac   0x080036ac   0x0000001a   Code   RO         4133    i.prvTimerTask      timers.o
    0x080036c6   0x080036c6   0x0000007e   Code   RO         3342    i.prvUnlockQueue    queue.o
    0x08003744   0x08003744   0x00000008   Code   RO          532    i.pump_init         pump.o
    0x0800374c   0x0800374c   0x00000014   Code   RO          533    i.pump_off          pump.o
    0x08003760   0x08003760   0x00000014   Code   RO          534    i.pump_set          pump.o
    0x08003774   0x08003774   0x0000014c   Code   RO         4843    i.pvPortMalloc      heap_4.o
    0x080038c0   0x080038c0   0x0000002c   Code   RO         4898    i.pxPortInitialiseStack  port.o
    0x080038ec   0x080038ec   0x0000008e   Code   RO          579    i.rpm_mode          dj_motor.o
    0x0800397a   0x0800397a   0x00000032   Code   RO          580    i.switch_mode       dj_motor.o
    0x080039ac   0x080039ac   0x00000084   Code   RO          581    i.transmit          dj_motor.o
    0x08003a30   0x08003a30   0x00000028   Code   RO         3295    i.uxListRemove      list.o
    0x08003a58   0x08003a58   0x00000018   Code   RO         4385    i.vApplicationGetIdleTaskMemory  cmsis_os2.o
    0x08003a70   0x08003a70   0x00000018   Code   RO         4386    i.vApplicationGetTimerTaskMemory  cmsis_os2.o
    0x08003a88   0x08003a88   0x0000001a   Code   RO         3296    i.vListInitialise   list.o
    0x08003aa2   0x08003aa2   0x00000006   Code   RO         3297    i.vListInitialiseItem  list.o
    0x08003aa8   0x08003aa8   0x00000034   Code   RO         3298    i.vListInsert       list.o
    0x08003adc   0x08003adc   0x00000018   Code   RO         3299    i.vListInsertEnd    list.o
    0x08003af4   0x08003af4   0x00000054   Code   RO         4900    i.vPortEnterCritical  port.o
    0x08003b48   0x08003b48   0x0000003c   Code   RO         4901    i.vPortExitCritical  port.o
    0x08003b84   0x08003b84   0x000000a4   Code   RO         4844    i.vPortFree         heap_4.o
    0x08003c28   0x08003c28   0x00000028   Code   RO         4902    i.vPortSetupTimerInterrupt  port.o
    0x08003c50   0x08003c50   0x00000078   Code   RO         4903    i.vPortValidateInterruptPriority  port.o
    0x08003cc8   0x08003cc8   0x0000002c   Code   RO         3348    i.vQueueAddToRegistry  queue.o
    0x08003cf4   0x08003cf4   0x0000004a   Code   RO         3352    i.vQueueWaitForMessageRestricted  queue.o
    0x08003d3e   0x08003d3e   0x00000002   PAD
    0x08003d40   0x08003d40   0x0000005c   Code   RO         3769    i.vTaskDelay        tasks.o
    0x08003d9c   0x08003d9c   0x00000018   Code   RO         3774    i.vTaskInternalSetTimeOutState  tasks.o
    0x08003db4   0x08003db4   0x0000000c   Code   RO         3775    i.vTaskMissedYield  tasks.o
    0x08003dc0   0x08003dc0   0x00000038   Code   RO         3777    i.vTaskPlaceOnEventList  tasks.o
    0x08003df8   0x08003df8   0x00000040   Code   RO         3778    i.vTaskPlaceOnEventListRestricted  tasks.o
    0x08003e38   0x08003e38   0x000000b8   Code   RO         3786    i.vTaskStartScheduler  tasks.o
    0x08003ef0   0x08003ef0   0x00000010   Code   RO         3788    i.vTaskSuspendAll   tasks.o
    0x08003f00   0x08003f00   0x00000090   Code   RO         3789    i.vTaskSwitchContext  tasks.o
    0x08003f90   0x08003f90   0x00000168   Code   RO         4904    i.xPortStartScheduler  port.o
    0x080040f8   0x080040f8   0x00000034   Code   RO         4905    i.xPortSysTickHandler  port.o
    0x0800412c   0x0800412c   0x000000e0   Code   RO         3358    i.xQueueGenericCreateStatic  queue.o
    0x0800420c   0x0800420c   0x00000098   Code   RO         3359    i.xQueueGenericReset  queue.o
    0x080042a4   0x080042a4   0x000001a8   Code   RO         3360    i.xQueueGenericSend  queue.o
    0x0800444c   0x0800444c   0x000000fc   Code   RO         3361    i.xQueueGenericSendFromISR  queue.o
    0x08004548   0x08004548   0x00000168   Code   RO         3370    i.xQueueReceive     queue.o
    0x080046b0   0x080046b0   0x0000008c   Code   RO         3791    i.xTaskCheckForTimeOut  tasks.o
    0x0800473c   0x0800473c   0x00000064   Code   RO         3792    i.xTaskCreate       tasks.o
    0x080047a0   0x080047a0   0x000000ba   Code   RO         3793    i.xTaskCreateStatic  tasks.o
    0x0800485a   0x0800485a   0x00000002   PAD
    0x0800485c   0x0800485c   0x00000020   Code   RO         3797    i.xTaskGetSchedulerState  tasks.o
    0x0800487c   0x0800487c   0x0000000c   Code   RO         3798    i.xTaskGetTickCount  tasks.o
    0x08004888   0x08004888   0x00000144   Code   RO         3800    i.xTaskIncrementTick  tasks.o
    0x080049cc   0x080049cc   0x000000a4   Code   RO         3803    i.xTaskPriorityDisinherit  tasks.o
    0x08004a70   0x08004a70   0x00000098   Code   RO         3805    i.xTaskRemoveFromEventList  tasks.o
    0x08004b08   0x08004b08   0x00000104   Code   RO         3806    i.xTaskResumeAll    tasks.o
    0x08004c0c   0x08004c0c   0x00000078   Code   RO         4142    i.xTimerCreateTimerTask  timers.o
    0x08004c84   0x08004c84   0x00000084   Code   RO         4143    i.xTimerGenericCommand  timers.o
    0x08004d08   0x08004d08   0x0000000a   Code   RO         5145    x$fpl$fpinit        fz_wm.l(fpinit.o)
    0x08004d12   0x08004d12   0x00000002   PAD
    0x08004d14   0x08004d14   0x00000090   Data   RO          241    .constdata          freertos.o
    0x08004da4   0x08004da4   0x00000018   Data   RO         3132    .constdata          system_stm32f4xx.o
    0x08004dbc   0x08004dbc   0x0000002a   Data   RO          242    .conststring        freertos.o
    0x08004de6   0x08004de6   0x00000002   PAD
    0x08004de8   0x08004de8   0x00000020   Data   RO         5201    Region$$Table       anon$$obj.o


    Execution Region RW_IRAM1 (Exec base: 0x20000000, Load base: 0x08004e08, Size: 0x00005750, Max: 0x0001c000, ABSOLUTE)

    Exec Addr    Load Addr    Size         Type   Attr      Idx    E Section Name        Object

    0x20000000   0x08004e08   0x00000014   Data   RW          243    .data               freertos.o
    0x20000014   0x08004e1c   0x00000004   Data   RW          308    .data               can.o
    0x20000018   0x08004e20   0x00000009   Data   RW         2899    .data               stm32f4xx_hal.o
    0x20000021   0x08004e29   0x00000003   PAD
    0x20000024   0x08004e2c   0x00000004   Data   RW         3133    .data               system_stm32f4xx.o
    0x20000028   0x08004e30   0x0000003c   Data   RW         3809    .data               tasks.o
    0x20000064   0x08004e6c   0x00000014   Data   RW         4151    .data               timers.o
    0x20000078   0x08004e80   0x00000004   Data   RW         4388    .data               cmsis_os2.o
    0x2000007c   0x08004e84   0x00000020   Data   RW         4850    .data               heap_4.o
    0x2000009c   0x08004ea4   0x0000000c   Data   RW         4906    .data               port.o
    0x200000a8   0x08004eb0   0x00000003   Data   RW         4979    .data               xipan_ctrl.o
    0x200000ab   0x08004eb3   0x00000001   PAD
    0x200000ac        -       0x00000050   Zero   RW          307    .bss                can.o
    0x200000fc        -       0x00000048   Zero   RW          496    .bss                stm32f4xx_hal_timebase_tim.o
    0x20000144        -       0x000000d8   Zero   RW          582    .bss                dj_motor.o
    0x2000021c        -       0x00000040   Zero   RW         3374    .bss                queue.o
    0x2000025c        -       0x000004c4   Zero   RW         3808    .bss                tasks.o
    0x20000720        -       0x00000118   Zero   RW         4150    .bss                timers.o
    0x20000838        -       0x000006b8   Zero   RW         4387    .bss                cmsis_os2.o
    0x20000ef0        -       0x00003c00   Zero   RW         4849    .bss                heap_4.o
    0x20004af0        -       0x00000060   Zero   RW         5075    .bss                c_w.l(libspace.o)
    0x20004b50        -       0x00000800   Zero   RW            2    HEAP                startup_stm32f405xx.o
    0x20005350        -       0x00000400   Zero   RW            1    STACK               startup_stm32f405xx.o


    Execution Region RW_IRAM2 (Exec base: 0x2001c000, Load base: 0x08004eb4, Size: 0x00000000, Max: 0x00004000, ABSOLUTE)

    **** No section assigned to this execution region ****


==============================================================================

Image component sizes


      Code (inc. data)   RO Data    RW Data    ZI Data      Debug   Object Name

       676         54          0          4         80       3362   can.o
       430         38          0          4       1720      65491   cmsis_os2.o
      1444         84          0          0        216       8730   dj_motor.o
         0          0          0          0          0      19576   event_groups.o
       340         66        186         20          0       4309   freertos.o
       196         14          0          0          0       1003   gpio.o
       724         74          0         32      15360       5019   heap_4.o
       148          0          0          0          0       3718   list.o
       274         20          0          0          0     657848   main.o
       418         22          0          0          0       2935   pid.o
      1014         92          0         12          0      11993   port.o
        48         10          0          0          0       1462   pump.o
      1922         20          0          0         64      17800   queue.o
        64         26        392          0       3072        864   startup_stm32f405xx.o
        96         20          0          9          0       8230   stm32f4xx_hal.o
      2144          4          0          0          0      14887   stm32f4xx_hal_can.o
       260         22          0          0          0      33710   stm32f4xx_hal_cortex.o
       512         46          0          0          0       2188   stm32f4xx_hal_gpio.o
        84          6          0          0          0        910   stm32f4xx_hal_msp.o
      1856         84          0          0          0       5878   stm32f4xx_hal_rcc.o
       868         76          0          0          0       6854   stm32f4xx_hal_tim.o
         4          0          0          0          0       1677   stm32f4xx_hal_tim_ex.o
       160         20          0          0         72       1511   stm32f4xx_hal_timebase_tim.o
       166         54          0          0          0       7706   stm32f4xx_it.o
         0          0          0          0          0        384   stream_buffer.o
        20          6         24          4          0       1207   system_stm32f4xx.o
      2808        346          0         60       1220      28146   tasks.o
      1318        124          0         20        280      33343   timers.o
       392         54          0          3          0      38139   xipan_ctrl.o

    ----------------------------------------------------------------------
     18408       1382        636        172      22084     988880   Object Totals
         0          0         32          0          0          0   (incl. Generated)
        22          0          2          4          0          0   (incl. Padding)

    ----------------------------------------------------------------------

      Code (inc. data)   RO Data    RW Data    ZI Data      Debug   Library Member Name

         8          0          0          0          0         68   __main.o
         0          0          0          0          0          0   __rtentry.o
        12          0          0          0          0          0   __rtentry2.o
         6          0          0          0          0          0   __rtentry4.o
        52          8          0          0          0          0   __scatter.o
        26          0          0          0          0          0   __scatter_copy.o
        28          0          0          0          0          0   __scatter_zi.o
        16          0          0          0          0         68   aeabi_memset.o
        18          0          0          0          0         80   exit.o
         6          0          0          0          0        152   heapauxi.o
         0          0          0          0          0          0   indicate_semi.o
         2          0          0          0          0          0   libinit.o
         6          0          0          0          0          0   libinit2.o
         2          0          0          0          0          0   libshutdown.o
         2          0          0          0          0          0   libshutdown2.o
         8          4          0          0         96         68   libspace.o
       238          0          0          0          0        100   lludivv7m.o
        68          0          0          0          0         68   rt_memclr.o
        78          0          0          0          0         80   rt_memclr_w.o
       138          0          0          0          0         68   rt_memcpy_v6.o
       100          0          0          0          0         80   rt_memcpy_w.o
         2          0          0          0          0          0   rtexit.o
        10          0          0          0          0          0   rtexit2.o
        12          4          0          0          0         68   sys_exit.o
        74          0          0          0          0         80   sys_stackheap_outer.o
         2          0          0          0          0         68   use_no_semi.o
        10          0          0          0          0        116   fpinit.o

    ----------------------------------------------------------------------
       932         16          0          0         96       1164   Library Totals
         8          0          0          0          0          0   (incl. Padding)

    ----------------------------------------------------------------------

      Code (inc. data)   RO Data    RW Data    ZI Data      Debug   Library Name

       914         16          0          0         96       1048   c_w.l
        10          0          0          0          0        116   fz_wm.l

    ----------------------------------------------------------------------
       932         16          0          0         96       1164   Library Totals

    ----------------------------------------------------------------------

==============================================================================


      Code (inc. data)   RO Data    RW Data    ZI Data      Debug   

     19340       1398        636        172      22180     972976   Grand Totals
     19340       1398        636        172      22180     972976   ELF Image Totals
     19340       1398        636        172          0          0   ROM Totals

==============================================================================

    Total RO  Size (Code + RO Data)                19976 (  19.51kB)
    Total RW  Size (RW Data + ZI Data)             22352 (  21.83kB)
    Total ROM Size (Code + RO Data + RW Data)      20148 (  19.68kB)

==============================================================================

